05-03 16:05:23.288  1490  1490 D ZenLog  : config: conditionChanged,ZenModeConfig[user=0,allowCalls=true,allowRepeatCallers=false,allowMessages=false,allowCallsFrom=contacts,allowMessagesFrom=contacts,allowReminders=true,allowEvents=true,allowWhenScreenOff=true,allowWhenScreenOn=true,automaticRules={55823fa58f2644ee8f5ba9740ba5b452=ZenRule[enabled=false,snoozing=false,name=Weekend,zenMode=ZEN_MODE_ALARMS,conditionId=condition://android/schedule?days=6.7&start=23.30&end=10.0&exitAtAlarm=false,condition=Condition[id=condition://android/schedule?days=6.7&start=23.30&end=10.0&exitAtAlarm=false,summary=...,line1=...,line2=...,icon=0,state=STATE_FALSE,flags=2],component=ComponentInfo{android/com.android.server.notification.ScheduleConditionProvider},id=55823fa58f2644ee8f5ba9740ba5b452,creationTime=1493847989299,enabler=null], a5aaed42181041c297b2c4354675c94e=ZenRule[enabled=false,snoozing=false,name=Event,zenMode=ZEN_MODE_ALARMS,conditionId=condition://android/event?userId=-10000&calendar=&reply=1,condition=Condition[id=condition://android/event?userId=-10000&calendar=&reply=1,summary=...,line1=...,line2=...,icon=0,state=STATE_FALSE,flags=2],component=ComponentInfo{android/com.android.server.notification.EventConditionProvider},id=a5aaed42181041c297b2c4354675c94e,creationTime=1493847989300,enabler=null], 5b11e8d00aff478f96a186e6cd8ad909=ZenRule[enabled=false,snoozing=false,name=Weeknight,zenMode=ZEN_MODE_ALARMS,conditionId=condition://android/schedule?days=1.2.3.4.5&start=22.0&end=7.0&exitAtAlarm=false,condition=Condition[id=condition://android/schedule?days=1.2.3.4.5&start=22.0&end=7.0&exitAtAlarm=false,summary=...,line1=...,line2=...,icon=0,state=STATE_FALSE,flags=2],component=ComponentInfo{android/com.android.server.notification.ScheduleConditionProvider},id=5b11e8d00aff478f96a186e6cd8ad909,creationTime=1493847989299,enabler=null]},manualRule=null],Diff[automaticRule[5b11e8d00aff478f96a186e6cd8ad909].condition:Condition[id=condition://android/schedule?days=1.2.3.4.5&start=22.0&end=7.0&exitAtAlarm=false,summary=...,line1=...,line2=...,icon=0,state=STATE_TRUE,flags=2]->Condition[id=condition://android/schedule?days=1.2.3.4.5&start=22.0&end=7.0&exitAtAlarm=false,summary=...,line1=...,line2=...,icon=0,state=STATE_FALSE,flags=2]]
05-03 16:05:23.314  1490  1490 D ZenLog  : set_zen_mode: off,conditionChanged
05-03 16:05:23.318  1243  1564 D gralloc_ranchu: gralloc_alloc: format 1 and usage 0x933 imply creation of host color buffer
05-03 16:05:23.340  1490  1584 E ActivityThread: Failed to find provider info for com.android.calendar
05-03 16:05:23.345  1490  1584 E ActivityThread: Failed to find provider info for com.android.calendar
05-03 16:05:23.375  1751  1751 E PhoneInterfaceManager: [PhoneIntfMgr] getIccId: No UICC
05-03 16:05:23.388  1490  1888 I Telecom : PhoneAccountRegistrar: New phone account registered: [[ ] PhoneAccount: ComponentInfo{com.android.phone/com.android.services.telephony.TelephonyConnectionService}, [e0184adedf913b076626646d3f52c3b49c39ad6d], UserHandle{0} Capabilities: CallProvider MultiUser PlaceEmerg SimSub  Schemes: tel voicemail  Extras: null GroupId: [da39a3ee5e6b4b0d3255bfef95601890afd80709]]: TSI.rPA@AAU
05-03 16:05:23.400  1490  1888 I Telecom : : Sending phone-account registered intent as user: TSI.rPA@AAU
05-03 16:05:23.401  1751  1751 I Telephony: AccountEntry: Registered phoneAccount: [[ ] PhoneAccount: ComponentInfo{com.android.phone/com.android.services.telephony.TelephonyConnectionService}, [e0184adedf913b076626646d3f52c3b49c39ad6d], UserHandle{0} Capabilities: CallProvider MultiUser PlaceEmerg SimSub  Schemes: tel voicemail  Extras: null GroupId: [da39a3ee5e6b4b0d3255bfef95601890afd80709]] with handle: ComponentInfo{com.android.phone/com.android.services.telephony.TelephonyConnectionService}, [e0184adedf913b076626646d3f52c3b49c39ad6d], UserHandle{0}
05-03 16:05:23.408  1751  1751 I Telephony: PstnIncomingCallNotifier: Registering: Handler (com.android.internal.telephony.GsmCdmaPhone) {aedd65e}
05-03 16:05:23.410  1751  1751 I Telephony: TelecomAccountRegistry: Unregistering phone account ComponentInfo{com.android.phone/com.android.services.telephony.TelephonyConnectionService}, [e2f7d48dd2b5ca523e7313cf4ba0f6ea830b6281], UserHandle{0}.
05-03 16:05:23.412  1490  1503 I Telecom : : Sending phone-account unregistered intent as user: TSI.uPA@AAc
05-03 16:05:23.502  1243  1253 D gralloc_ranchu: gralloc_alloc: format 1 and usage 0x900 imply creation of host color buffer
05-03 16:05:23.505  1603  1740 D         : HostConnection::get() New Host Connection established 0x7d0ec5812b40, tid 1740
05-03 16:05:23.505  1243  1253 D gralloc_ranchu: gralloc_alloc: format 1 and usage 0x900 imply creation of host color buffer
05-03 16:05:23.508  1243  1253 D gralloc_ranchu: gralloc_alloc: format 1 and usage 0x900 imply creation of host color buffer
05-03 16:05:23.520  1603  1740 I OpenGLRenderer: Initialized EGL, version 1.4
05-03 16:05:23.520  1603  1740 D OpenGLRenderer: Swap behavior 1
05-03 16:05:23.549  1751  1751 E PhoneInterfaceManager: [PhoneIntfMgr] getIccId: No UICC
05-03 16:05:23.570  1490  1888 I Telecom : PhoneAccountRegistrar: [ComponentInfo{com.android.phone/com.android.services.telephony.TelephonyConnectionService}, [e0184adedf913b076626646d3f52c3b49c39ad6d], UserHandle{0}(icon: Icon(typ=BITMAP size=67x84) -> Icon(typ=BITMAP size=67x84))]: TSI.rPA@AAk
05-03 16:05:23.576  1490  1888 I Telecom : : Sending phone-account registered intent as user: TSI.rPA@AAk
05-03 16:05:23.590  1603  1740 E EGL_emulation: tid 1740: eglSurfaceAttrib(1174): error 0x3009 (EGL_BAD_MATCH)
05-03 16:05:23.590  1603  1740 W OpenGLRenderer: Failed to set EGL_SWAP_BEHAVIOR on surface 0x7d0ec5862cc0, error=EGL_BAD_MATCH
05-03 16:05:23.595  1603  1603 I OpaLayout: Setting opa enabled to false
05-03 16:05:23.596  1603  1603 I OpaLayout: Setting opa enabled to false
05-03 16:05:23.607  1243  1564 D gralloc_ranchu: gralloc_alloc: format 1 and usage 0x900 imply creation of host color buffer
05-03 16:05:23.612  1243  1249 D gralloc_ranchu: gralloc_alloc: format 1 and usage 0x900 imply creation of host color buffer
05-03 16:05:23.622  1243  1249 D gralloc_ranchu: gralloc_alloc: format 1 and usage 0x900 imply creation of host color buffer
05-03 16:05:23.630  1603  1740 E EGL_emulation: tid 1740: eglSurfaceAttrib(1174): error 0x3009 (EGL_BAD_MATCH)
05-03 16:05:23.630  1603  1740 W OpenGLRenderer: Failed to set EGL_SWAP_BEHAVIOR on surface 0x7d0ec5862d00, error=EGL_BAD_MATCH
05-03 16:05:23.633  1490  1573 D WifiService: New client listening to asynchronous messages
05-03 16:05:23.661  1490  1682 V KeyguardServiceDelegate: **** SHOWN CALLED ****
05-03 16:05:23.661  1490  1563 I ActivityManager: user 0 is still locked. Cannot load recents
05-03 16:05:23.672  1751  1751 D MccTable: updateMccMncConfiguration mccmnc='310260' fromServiceState=false
05-03 16:05:23.676  1751  1751 D MccTable: updateMccMncConfiguration defaultMccMnc=
05-03 16:05:23.676  1751  1751 D MccTable: updateMccMncConfiguration: mcc=310, mnc=260
05-03 16:05:23.676  1751  1751 D MccTable: updateMccMncConfiguration updateConfig config={1.0 310mcc260mnc ?localeList ?layoutDir ?swdp ?wdp ?hdp ?density ?lsize ?long ?orien ?uimode ?night ?touch ?keyb/?/? ?nav/?}
05-03 16:05:23.677  1490  1867 I ActivityManager: Config changes=3 {1.0 310mcc260mnc [en_US] ldltr sw411dp w411dp h659dp 560dpi nrml port finger qwerty/v/v -nav/h s.5}
05-03 16:05:23.699  1243  1595 D         : HostConnection::get() New Host Connection established 0x757648c1b960, tid 1595
05-03 16:05:23.738  1603  1603 W KeyguardUpdateMonitor: invalid subId in handleSimStateChange()
05-03 16:05:23.743  1243  1253 D gralloc_ranchu: gralloc_alloc: format 1 and usage 0x900 imply creation of host color buffer
05-03 16:05:23.745  1490  1490 I GnssLocationProvider: WakeLock acquired by sendMessage(12, 0, null)
05-03 16:05:23.756  1751  1751 I Telephony: PstnIncomingCallNotifier: Unregistering: Handler (com.android.internal.telephony.GsmCdmaPhone) {aedd65e}
05-03 16:05:23.756  1751  1751 E PhoneInterfaceManager: [PhoneIntfMgr] getIccId: No UICC
05-03 16:05:23.761  1243  1253 D gralloc_ranchu: gralloc_alloc: format 1 and usage 0x900 imply creation of host color buffer
05-03 16:05:23.776  1490  1563 I Telecom : PhoneAccountRegistrar: [ComponentInfo{com.android.phone/com.android.services.telephony.TelephonyConnectionService}, [e0184adedf913b076626646d3f52c3b49c39ad6d], UserHandle{0}(addr: tel:*********** -> tel:)(icon: Icon(typ=BITMAP size=67x84) -> Icon(typ=BITMAP size=67x84))(subAddr: tel:*********** -> tel:)]: TSI.rPA@AAo
05-03 16:05:23.777  1490  1563 I Telecom : : Sending phone-account registered intent as user: TSI.rPA@AAo
05-03 16:05:23.778  1751  1751 I Telephony: AccountEntry: Registered phoneAccount: [[ ] PhoneAccount: ComponentInfo{com.android.phone/com.android.services.telephony.TelephonyConnectionService}, [e0184adedf913b076626646d3f52c3b49c39ad6d], UserHandle{0} Capabilities: CallProvider MultiUser PlaceEmerg SimSub  Schemes: tel voicemail  Extras: null GroupId: [da39a3ee5e6b4b0d3255bfef95601890afd80709]] with handle: ComponentInfo{com.android.phone/com.android.services.telephony.TelephonyConnectionService}, [e0184adedf913b076626646d3f52c3b49c39ad6d], UserHandle{0}
05-03 16:05:23.779  1751  1751 I Telephony: PstnIncomingCallNotifier: Registering: Handler (com.android.internal.telephony.GsmCdmaPhone) {aedd65e}
05-03 16:05:23.798  1243  1253 D gralloc_ranchu: gralloc_alloc: format 1 and usage 0x900 imply creation of host color buffer
05-03 16:05:23.835  1490  1490 I GnssLocationProvider: WakeLock acquired by sendMessage(12, 0, null)
05-03 16:05:23.837  1751  1751 E PhoneInterfaceManager: [PhoneIntfMgr] getIccId: No UICC
05-03 16:05:23.840  1490  1503 I Telecom : PhoneAccountRegistrar: [ComponentInfo{com.android.phone/com.android.services.telephony.TelephonyConnectionService}, [e0184adedf913b076626646d3f52c3b49c39ad6d], UserHandle{0}(icon: Icon(typ=BITMAP size=67x84) -> Icon(typ=BITMAP size=67x84))]: TSI.rPA@AA0
05-03 16:05:23.842  1490  1503 I Telecom : : Sending phone-account registered intent as user: TSI.rPA@AA0
05-03 16:05:23.851  1751  1751 I Telephony: PstnIncomingCallNotifier: Unregistering: Handler (com.android.internal.telephony.GsmCdmaPhone) {aedd65e}
05-03 16:05:23.851  1751  1751 E PhoneInterfaceManager: [PhoneIntfMgr] getIccId: No UICC
05-03 16:05:23.854  1490  1563 I Telecom : PhoneAccountRegistrar: [ComponentInfo{com.android.phone/com.android.services.telephony.TelephonyConnectionService}, [e0184adedf913b076626646d3f52c3b49c39ad6d], UserHandle{0}(icon: Icon(typ=BITMAP size=67x84) -> Icon(typ=BITMAP size=67x84))]: TSI.rPA@AA4
05-03 16:05:23.855  1490  1563 I Telecom : : Sending phone-account registered intent as user: TSI.rPA@AA4
05-03 16:05:23.856  1751  1751 I Telephony: AccountEntry: Registered phoneAccount: [[ ] PhoneAccount: ComponentInfo{com.android.phone/com.android.services.telephony.TelephonyConnectionService}, [e0184adedf913b076626646d3f52c3b49c39ad6d], UserHandle{0} Capabilities: CallProvider MultiUser PlaceEmerg SimSub  Schemes: tel voicemail  Extras: null GroupId: [da39a3ee5e6b4b0d3255bfef95601890afd80709]] with handle: ComponentInfo{com.android.phone/com.android.services.telephony.TelephonyConnectionService}, [e0184adedf913b076626646d3f52c3b49c39ad6d], UserHandle{0}
05-03 16:05:23.856  1751  1751 I Telephony: PstnIncomingCallNotifier: Registering: Handler (com.android.internal.telephony.GsmCdmaPhone) {aedd65e}
05-03 16:05:23.897  1766  1797 E EGL_emulation: tid 1797: eglSurfaceAttrib(1174): error 0x3009 (EGL_BAD_MATCH)
05-03 16:05:23.897  1766  1797 W OpenGLRenderer: Failed to set EGL_SWAP_BEHAVIOR on surface 0x7d0ecd51ac80, error=EGL_BAD_MATCH
05-03 16:05:23.904  1751  1751 D MccTable: updateMccMncConfiguration mccmnc='310260' fromServiceState=false
05-03 16:05:23.904  1751  1751 D MccTable: updateMccMncConfiguration defaultMccMnc=310260
05-03 16:05:23.904  1751  1751 D MccTable: updateMccMncConfiguration: mcc=310, mnc=260
05-03 16:05:23.904  1751  1751 D MccTable: updateMccMncConfiguration updateConfig config={1.0 310mcc260mnc ?localeList ?layoutDir ?swdp ?wdp ?hdp ?density ?lsize ?long ?orien ?uimode ?night ?touch ?keyb/?/? ?nav/?}
05-03 16:05:24.075  1862  1862 I AlarmClock: AlarmInitReceiver android.intent.action.TIMEZONE_CHANGED
05-03 16:05:24.167  1490  1511 W GnssLocationProvider: Could not open GPS configuration file /etc/gps.conf
05-03 16:05:24.168  1490  1511 E GnssLocationProvider: no AGPS interface in set_agps_server
05-03 16:05:24.250  1862  1862 I AlarmClock: AlarmInitReceiver android.intent.action.TIME_SET
05-03 16:05:24.285  1603  1603 I Choreographer: Skipped 32 frames!  The application may be doing too much work on its main thread.
05-03 16:05:24.286  1862  1898 V AlarmClock: AlarmInitReceiver finished
05-03 16:05:24.303  1490  1511 W GnssLocationProvider: Could not open GPS configuration file /etc/gps.conf
05-03 16:05:24.303  1490  1511 E GnssLocationProvider: no AGPS interface in set_agps_server
05-03 16:05:24.303  1490  1511 I GnssLocationProvider: WakeLock released by handleMessage(12, 0, null)
05-03 16:05:24.330  1490  1515 W InputMethodManagerService: Starting input on non-focused client android.view.inputmethod.InputMethodManager$1@dc8305 (uid=1000 pid=1490)
05-03 16:05:24.339  1490  1525 D         : HostConnection::get() New Host Connection established 0x7d0ec5814a00, tid 1525
05-03 16:05:24.344  1490  1490 I GnssLocationProvider: WakeLock acquired by sendMessage(12, 0, null)
05-03 16:05:24.348  1490  1525 D gralloc_ranchu: gralloc_unregister_buffer: exiting HostConnection (is buffer-handling thread)
05-03 16:05:24.350  1490  1525 D         : HostConnection::get() New Host Connection established 0x7d0ec5812780, tid 1525
05-03 16:05:24.351  1490  1525 D gralloc_ranchu: gralloc_unregister_buffer: exiting HostConnection (is buffer-handling thread)
05-03 16:05:24.352  1751  1751 D MccTable: updateMccMncConfiguration mccmnc='310260' fromServiceState=false
05-03 16:05:24.352  1751  1751 D MccTable: updateMccMncConfiguration defaultMccMnc=310260
05-03 16:05:24.353  1751  1751 D MccTable: updateMccMncConfiguration: mcc=310, mnc=260
05-03 16:05:24.353  1751  1751 D MccTable: updateMccMncConfiguration updateConfig config={1.0 310mcc260mnc ?localeList ?layoutDir ?swdp ?wdp ?hdp ?density ?lsize ?long ?orien ?uimode ?night ?touch ?keyb/?/? ?nav/?}
05-03 16:05:24.354  1490  1511 W GnssLocationProvider: Could not open GPS configuration file /etc/gps.conf
05-03 16:05:24.354  1490  1511 E GnssLocationProvider: no AGPS interface in set_agps_server
05-03 16:05:24.354  1490  1511 I GnssLocationProvider: WakeLock released by handleMessage(12, 0, null)
05-03 16:05:24.360  1603  1603 W KeyguardUpdateMonitor: invalid subId in handleServiceStateChange()
05-03 16:05:24.360  1603  1603 W KeyguardUpdateMonitor: invalid subId in handleSimStateChange()
05-03 16:05:24.362  1490  1490 W IInputConnectionWrapper: reportFullscreenMode on inexistent InputConnection
05-03 16:05:24.366  1243  1249 I SurfaceFlinger: Boot is finished (7069 ms)
05-03 16:05:24.366  1243  1595 D gralloc_ranchu: gralloc_alloc: format 2 and usage 0x933 imply creation of host color buffer
05-03 16:05:24.370  1490  1525 I SystemServiceManager: Starting phase 1000
05-03 16:05:24.411  1490  1525 I ActivityManager: Start proc 1901:android.ext.services/u0a10 for on-hold
05-03 16:05:24.414  1490  1525 D ActivityManager: Finishing user boot 0
05-03 16:05:24.419  1490  1525 D CryptdConnector: SND -> {3 cryptfs prepare_user_storage ! 0 0 2}
05-03 16:05:24.419  1202  1236 D vold    : e4crypt_prepare_user_storage for volume null, user 0, serial 0, flags 2
05-03 16:05:24.419  1202  1236 D vold    : Preparing: /data/system_ce/0
05-03 16:05:24.419  1202  1236 D vold    : Preparing: /data/misc_ce/0
05-03 16:05:24.419  1202  1236 D vold    : Preparing: /data/media/0
05-03 16:05:24.419  1202  1236 D vold    : Preparing: /data/data
05-03 16:05:24.419  1490  1567 D CryptdConnector: RCV <- {200 3 Command succeeded}
05-03 16:05:24.420  1490  1525 V UserManagerService: Found /data/user/0 with serial number 0
05-03 16:05:24.420  1490  1525 V UserManagerService: Found /data/system_ce/0 with serial number 0
05-03 16:05:24.420  1490  1525 V PackageManager: reconcileAppsData for null u0 0x2
05-03 16:05:24.420  1490  1511 W GnssLocationProvider: Could not open GPS configuration file /etc/gps.conf
05-03 16:05:24.421  1490  1511 E GnssLocationProvider: no AGPS interface in set_agps_server
05-03 16:05:24.427  1901  1901 W art     : Unexpected CPU variant for X86 using defaults: x86_64
05-03 16:05:24.432  1490  1511 I GnssLocationProvider: WakeLock released by handleMessage(12, 0, null)
05-03 16:05:24.552  1490  1525 V PackageManager: reconcileAppsData finished 94 packages
05-03 16:05:24.553  1490  1512 D MountService: onUnlockUser 0
05-03 16:05:24.553  1490  1512 D VoldConnector: SND -> {6 volume user_started 0}
05-03 16:05:24.554  1202  1235 D vold    : Linking /storage/emulated/0 to /mnt/user/0/primary
05-03 16:05:24.554  1490  1566 D VoldConnector: RCV <- {200 6 Command succeeded}
05-03 16:05:24.555  1490  1565 D MountService: Volume emulated broadcasting mounted to UserHandle{0}
05-03 16:05:24.572  1490  1512 V BackupManagerService: No ancestral data
05-03 16:05:24.581  1490  1512 V BackupManagerService: Starting with transport com.google.android.gms/.backup.BackupTransportService
05-03 16:05:24.582  1490  1512 V BackupManagerService: Found transports: 2
05-03 16:05:24.589  1490  1490 I GnssLocationProvider: WakeLock acquired by sendMessage(12, 0, null)
05-03 16:05:24.599  1490  1512 I ActivityManager: Start proc 1921:com.google.android.gms.persistent/u0a12 for service com.google.android.gms/.backup.BackupTransportService
05-03 16:05:24.604  1490  1512 I BackupManagerService: Backup enabled => false
05-03 16:05:24.608  1490  1490 V BackupManagerService: Connected to transport ComponentInfo{android/com.android.internal.backup.LocalTransportService}
05-03 16:05:24.608  1490  1490 V BackupManagerService: Registering transport android/com.android.internal.backup.LocalTransportService::android/com.android.internal.backup.LocalTransport = android.app.backup.BackupTransport$TransportImpl@f59955d
05-03 16:05:24.608  1862  1898 V AlarmClock: AlarmInitReceiver finished
05-03 16:05:24.613  1921  1921 W art     : Unexpected CPU variant for X86 using defaults: x86_64
05-03 16:05:24.615  1901  1901 W System  : ClassLoader referenced unknown path: /system/priv-app/ExtServices/lib/x86_64
05-03 16:05:24.622  1751  1751 D CarrierConfigLoader: update config for phoneId: 0 simState: LOADED
05-03 16:05:24.622  1751  1751 D CarrierSvcBindHelper: update binding for phoneId: 0 simState: LOADED
05-03 16:05:24.667  1256  1639 I art     : Starting a blocking GC HeapTrim
05-03 16:05:24.670  1490  1512 I ActivityManager: Start proc 1940:com.google.android.googlequicksearchbox:interactor/u0a22 for service com.google.android.googlequicksearchbox/com.google.android.voiceinteraction.GsaVoiceInteractionService
05-03 16:05:24.672  1490  1512 I ActivityManager: Loading recents for user 0 into memory.
05-03 16:05:24.673  1921  1921 W System  : ClassLoader referenced unknown path: /system/priv-app/PrebuiltGmsCore/lib/x86_64
05-03 16:05:24.675  1490  1512 D ActivityManager: Sending BOOT_COMPLETE user #0
05-03 16:05:24.677  1490  1490 D WifiService: resetting networks because SIM was loaded
05-03 16:05:24.682  1766  1766 D FallbackHome: User unlocked and real home found; let's go!
05-03 16:05:24.686  1490  1682 I ActivityManager: START u0 {act=android.intent.action.MAIN cat=[android.intent.category.HOME] flg=0x10000100 cmp=com.google.android.apps.nexuslauncher/.NexusLauncherActivity} from uid 0 on display 0
05-03 16:05:24.700  1940  1940 I chatty  : uid=10022 com.google.android.googlequicksearchbox:interactor expire 2 lines
05-03 16:05:24.701  1490  1500 W art     : Suspending all threads took: 5.006ms
05-03 16:05:24.705  1490  1490 I AccountManagerService: User 0 is unlocked - opening CE database
05-03 16:05:24.726  1490  1682 I ActivityManager: Start proc 1959:com.google.android.apps.nexuslauncher/u0a14 for activity com.google.android.apps.nexuslauncher/.NexusLauncherActivity
05-03 16:05:24.729  1490  1500 I art     : Background sticky concurrent mark sweep GC freed 42420(2MB) AllocSpace objects, 1(20KB) LOS objects, 9% free, 18MB/20MB, paused 7.595ms total 66.632ms
05-03 16:05:24.739  1862  1862 I AlarmClock: AlarmInitReceiver android.intent.action.TIMEZONE_CHANGED
05-03 16:05:24.753  1921  1921 I LoadedApk: No resource references to update in package FFFFFFFFFFFFFFFFFFFFFF
05-03 16:05:24.763  1959  1959 W art     : Unexpected CPU variant for X86 using defaults: x86_64
05-03 16:05:24.892  1596  1596 I InputAttributes: InputType.TYPE_NULL is specified
05-03 16:05:24.904  1490  1920 V KeyValueBackupJob: Scheduling k/v pass in 242 minutes
05-03 16:05:24.976  1959  1959 W System  : ClassLoader referenced unknown path: /system/priv-app/NexusLauncherPrebuilt/lib/x86_64
05-03 16:05:24.984  1490  1504 I Telecom : PhoneAccountRegistrar: [ComponentInfo{com.android.phone/com.android.services.telephony.TelephonyConnectionService}, [e0184adedf913b076626646d3f52c3b49c39ad6d], UserHandle{0}(icon: Icon(typ=BITMAP size=67x84) -> Icon(typ=BITMAP size=67x84))]: TSI.rPA@ABE
05-03 16:05:24.985  1490  1504 I Telecom : : Sending phone-account registered intent as user: TSI.rPA@ABE
05-03 16:05:24.994  1490  1796 I ActivityManager: Start proc 2001:com.android.keychain/1000 for service com.android.keychain/.KeyChainService
05-03 16:05:24.996  2001  2001 W art     : Unexpected CPU variant for X86 using defaults: x86_64
05-03 16:05:25.022  1751  1751 I Telephony: PstnIncomingCallNotifier: Unregistering: Handler (com.android.internal.telephony.GsmCdmaPhone) {aedd65e}
05-03 16:05:25.037  2001  2001 W System  : ClassLoader referenced unknown path: /system/app/KeyChain/lib/x86_64
05-03 16:05:25.066  1490  1682 I ActivityManager: Start proc 2016:com.google.process.gapps/u0a12 for content provider com.google.android.gsf/.gservices.GservicesProvider
05-03 16:05:25.081  1959  1959 V Launcher: LauncherAppState inited
05-03 16:05:25.098  2016  2016 W art     : Unexpected CPU variant for X86 using defaults: x86_64
05-03 16:05:25.238  2016  2016 W System  : ClassLoader referenced unknown path: /system/priv-app/GoogleServicesFramework/lib/x86_64
05-03 16:05:25.293  1490  1563 I ActivityManager: Start proc 2038:com.google.android.googlequicksearchbox:search/u0a22 for service com.google.android.googlequicksearchbox/com.google.android.hotword.service.HotwordService
05-03 16:05:25.298  2038  2038 I chatty  : uid=10022 com.google.android.googlequicksearchbox:search expire 16 lines
05-03 16:05:25.304  1490  1511 W GnssLocationProvider: Could not open GPS configuration file /etc/gps.conf
05-03 16:05:25.304  1490  1511 E GnssLocationProvider: no AGPS interface in set_agps_server
05-03 16:05:25.328  2016  2016 I GservicesProvider: Gservices pushing to system: true; secure/global: true
05-03 16:05:25.356  1243  1595 E SurfaceFlinger: ro.sf.lcd_density must be defined as a build property
05-03 16:05:25.369  1959  1959 D         : HostConnection::get() New Host Connection established 0x7d0ec105d000, tid 1959
05-03 16:05:25.373  1959  1959 W         : Process pipe failed
05-03 16:05:25.462  1959  2025 V GridSizeMigrationTask: Workspace migration completed in 50
05-03 16:05:25.465  1959  2025 D Launcher.Model: loadWorkspace: loading default favorites
05-03 16:05:25.494  2016  2016 I GoogleHttpClient: GMS http client unavailable, use old client
05-03 16:05:25.529  1490  1920 W art     : Long monitor contention with owner AsyncTask #2 (1796) at int com.android.server.am.ActivityManagerService.bindService(android.app.IApplicationThread, android.os.IBinder, android.content.Intent, java.lang.String, android.app.IServiceConnection, int, java.lang.String, int)(ActivityManagerService.java:17301) waiters=0 in int com.android.server.am.ActivityManagerService.getAppStartMode(int, java.lang.String) for 592ms
05-03 16:05:25.553  1751  1751 W art     : Long monitor contention with owner Binder:1751_7 (1900) at android.database.Cursor com.android.providers.telephony.TelephonyProvider.query(android.net.Uri, java.lang.String[], java.lang.String, java.lang.String[], java.lang.String)(TelephonyProvider.java:-1) waiters=0 in android.database.Cursor com.android.providers.telephony.TelephonyProvider.query(android.net.Uri, java.lang.String[], java.lang.String, java.lang.String[], java.lang.String) for 523ms
05-03 16:05:25.573  1490  1563 I Telecom : PhoneAccountRegistrar: New phone account registered: [[ ] PhoneAccount: ComponentInfo{com.android.phone/com.android.services.telephony.TelephonyConnectionService}, [e2f7d48dd2b5ca523e7313cf4ba0f6ea830b6281], UserHandle{0} Capabilities: CallProvider MultiUser PlaceEmerg SimSub  Schemes: tel voicemail  Extras: null GroupId: [da39a3ee5e6b4b0d3255bfef95601890afd80709]]: TSI.rPA@ABI
05-03 16:05:25.575  1490  1563 I Telecom : : Sending phone-account registered intent as user: TSI.rPA@ABI
05-03 16:05:25.579  1751  1751 I Telephony: AccountEntry: Registered phoneAccount: [[ ] PhoneAccount: ComponentInfo{com.android.phone/com.android.services.telephony.TelephonyConnectionService}, [e2f7d48dd2b5ca523e7313cf4ba0f6ea830b6281], UserHandle{0} Capabilities: CallProvider MultiUser PlaceEmerg SimSub  Schemes: tel voicemail  Extras: null GroupId: [da39a3ee5e6b4b0d3255bfef95601890afd80709]] with handle: ComponentInfo{com.android.phone/com.android.services.telephony.TelephonyConnectionService}, [e2f7d48dd2b5ca523e7313cf4ba0f6ea830b6281], UserHandle{0}
05-03 16:05:25.579  1751  1751 I Telephony: PstnIncomingCallNotifier: Registering: Handler (com.android.internal.telephony.GsmCdmaPhone) {aedd65e}
05-03 16:05:25.587  1751  1751 I Telephony: TelecomAccountRegistry: Unregistering phone account ComponentInfo{com.android.phone/com.android.services.telephony.TelephonyConnectionService}, [e0184adedf913b076626646d3f52c3b49c39ad6d], UserHandle{0}.
05-03 16:05:25.588  1490  1563 I Telecom : : Sending phone-account unregistered intent as user: TSI.uPA@ABQ
05-03 16:05:25.594  1751  1751 D TelephonyProvider: subIdString = 1 subId = 1
05-03 16:05:25.628  1921  1921 V JNIHelp : Registering com/google/android/gms/org/conscrypt/NativeCrypto's 242 native methods...
05-03 16:05:25.659  1490  1525 W art     : Long monitor contention with owner android.bg (1511) at void com.android.server.power.PowerManagerService.releaseWakeLockInternal(android.os.IBinder, int)(PowerManagerService.java:937) waiters=1 in void com.android.server.power.PowerManagerService.setScreenBrightnessOverrideFromWindowManagerInternal(int) for 260ms
05-03 16:05:25.659  1490  1529 W art     : Long monitor contention with owner android.bg (1511) at void com.android.server.power.PowerManagerService.releaseWakeLockInternal(android.os.IBinder, int)(PowerManagerService.java:937) waiters=2 in void com.android.server.power.PowerManagerService.handleSandman() for 170ms
05-03 16:05:25.692  1490  1525 W WindowManager: App freeze timeout expired.
05-03 16:05:25.696  1921  1921 D NetworkSecurityConfig: No Network Security Config specified, using platform default
05-03 16:05:25.710  1862  1898 V AlarmClock: AlarmInitReceiver finished
05-03 16:05:25.711  1490  1500 I art     : Background sticky concurrent mark sweep GC freed 11816(1215KB) AllocSpace objects, 11(416KB) LOS objects, 9% free, 19MB/20MB, paused 5.714ms total 51.259ms
05-03 16:05:25.747  1243  1564 D gralloc_ranchu: gralloc_alloc: format 1 and usage 0x900 imply creation of host color buffer
05-03 16:05:25.749  1959  2053 D         : HostConnection::get() New Host Connection established 0x7d0ec105d420, tid 2053
05-03 16:05:25.766  1959  2053 I OpenGLRenderer: Initialized EGL, version 1.4
05-03 16:05:25.767  1959  2053 D OpenGLRenderer: Swap behavior 1
05-03 16:05:25.773  1921  1921 I ProviderInstaller: Installed default security provider GmsCore_OpenSSL
05-03 16:05:25.784  1243  1564 D gralloc_ranchu: gralloc_alloc: format 1 and usage 0x900 imply creation of host color buffer
05-03 16:05:25.785  1959  1979 I art     : Background partial concurrent mark sweep GC freed 3661(196KB) AllocSpace objects, 12(1816KB) LOS objects, 29% free, 9MB/13MB, paused 15.458ms total 111.351ms
05-03 16:05:25.827  1243  1564 D gralloc_ranchu: gralloc_alloc: format 1 and usage 0x900 imply creation of host color buffer
05-03 16:05:25.906  1959  2053 E EGL_emulation: tid 2053: eglSurfaceAttrib(1174): error 0x3009 (EGL_BAD_MATCH)
05-03 16:05:25.906  1959  2053 W OpenGLRenderer: Failed to set EGL_SWAP_BEHAVIOR on surface 0x7d0ec2fad100, error=EGL_BAD_MATCH
05-03 16:05:25.906  1959  1959 I Choreographer: Skipped 30 frames!  The application may be doing too much work on its main thread.
05-03 16:05:25.972  1490  1511 I GnssLocationProvider: WakeLock released by handleMessage(12, 0, null)
05-03 16:05:26.022  1490  1490 I GnssLocationProvider: WakeLock acquired by sendMessage(12, 0, null)
05-03 16:05:26.024  1490  1525 I ActivityManager: Displayed com.google.android.apps.nexuslauncher/.NexusLauncherActivity: +1s318ms
05-03 16:05:26.098  1490  1490 I GnssLocationProvider: WakeLock acquired by sendMessage(12, 0, null)
05-03 16:05:26.267  1751  1751 D TelephonyProvider: subIdString = 1 subId = 1
05-03 16:05:26.402  1940  1940 W KeyphraseEnrollmentInfo: No Enrollment application supports the given keyphrase/locale
05-03 16:05:26.418  1751  1751 I Telephony: PstnIncomingCallNotifier: Unregistering: Handler (com.android.internal.telephony.GsmCdmaPhone) {aedd65e}
05-03 16:05:26.467  1490  1504 I Telecom : PhoneAccountRegistrar: [ComponentInfo{com.android.phone/com.android.services.telephony.TelephonyConnectionService}, [e2f7d48dd2b5ca523e7313cf4ba0f6ea830b6281], UserHandle{0}(icon: Icon(typ=BITMAP size=67x84) -> Icon(typ=BITMAP size=67x84))]: TSI.rPA@ABY
05-03 16:05:26.468  1490  1504 I Telecom : : Sending phone-account registered intent as user: TSI.rPA@ABY
05-03 16:05:26.469  1751  1751 I Telephony: AccountEntry: Registered phoneAccount: [[ ] PhoneAccount: ComponentInfo{com.android.phone/com.android.services.telephony.TelephonyConnectionService}, [e2f7d48dd2b5ca523e7313cf4ba0f6ea830b6281], UserHandle{0} Capabilities: CallProvider MultiUser PlaceEmerg SimSub  Schemes: tel voicemail  Extras: null GroupId: [da39a3ee5e6b4b0d3255bfef95601890afd80709]] with handle: ComponentInfo{com.android.phone/com.android.services.telephony.TelephonyConnectionService}, [e2f7d48dd2b5ca523e7313cf4ba0f6ea830b6281], UserHandle{0}
05-03 16:05:26.469  1751  1751 I Telephony: PstnIncomingCallNotifier: Registering: Handler (com.android.internal.telephony.GsmCdmaPhone) {aedd65e}
05-03 16:05:26.518  1921  1937 W art     : Suspending all threads took: 6.220ms
05-03 16:05:26.557  1751  1751 I Telephony: PstnIncomingCallNotifier: Unregistering: Handler (com.android.internal.telephony.GsmCdmaPhone) {aedd65e}
05-03 16:05:26.584  2038  2086 E ActivityThread: Failed to find provider info for com.google.android.partnersetup.rlzappprovider
05-03 16:05:26.585  1490  1563 I Telecom : PhoneAccountRegistrar: [ComponentInfo{com.android.phone/com.android.services.telephony.TelephonyConnectionService}, [e2f7d48dd2b5ca523e7313cf4ba0f6ea830b6281], UserHandle{0}(icon: Icon(typ=BITMAP size=67x84) -> Icon(typ=BITMAP size=67x84))]: TSI.rPA@ABk
05-03 16:05:26.586  1490  1563 I Telecom : : Sending phone-account registered intent as user: TSI.rPA@ABk
05-03 16:05:26.590  1751  1751 I Telephony: AccountEntry: Registered phoneAccount: [[ ] PhoneAccount: ComponentInfo{com.android.phone/com.android.services.telephony.TelephonyConnectionService}, [e2f7d48dd2b5ca523e7313cf4ba0f6ea830b6281], UserHandle{0} Capabilities: CallProvider MultiUser PlaceEmerg SimSub  Schemes: tel voicemail  Extras: null GroupId: [da39a3ee5e6b4b0d3255bfef95601890afd80709]] with handle: ComponentInfo{com.android.phone/com.android.services.telephony.TelephonyConnectionService}, [e2f7d48dd2b5ca523e7313cf4ba0f6ea830b6281], UserHandle{0}
05-03 16:05:26.590  1751  1751 I Telephony: PstnIncomingCallNotifier: Registering: Handler (com.android.internal.telephony.GsmCdmaPhone) {aedd65e}
05-03 16:05:26.595  1751  1751 D CarrierConfigLoader: mHandler: 7 phoneId: 0
05-03 16:05:26.595  1751  1751 E CarrierConfigLoader: Failed to get package version for: com.android.carrierconfig
05-03 16:05:26.595  1751  1751 D CarrierConfigLoader: Binding to com.android.carrierconfig for phone 0
05-03 16:05:26.595  1490  1504 W ActivityManager: Unable to start service Intent { act=android.service.carrier.CarrierService pkg=com.android.carrierconfig } U=0: not found
05-03 16:05:26.600  1490  1490 I Telecom : PhoneAccountRegistrar: SimCallManager queried, returning: null: TSI.gSCMFU@ABw
05-03 16:05:26.602  1751  1751 D CarrierSvcBindHelper: mHandler: 0
05-03 16:05:26.603  1751  1751 D CarrierSvcBindHelper: Rebinding if necessary for phoneId: 0
05-03 16:05:26.607  1751  1751 D CarrierSvcBindHelper: No carrier app for: 0
05-03 16:05:26.610  1490  1490 D WifiService: resetting networks because SIM was loaded
05-03 16:05:26.613  1921  1937 I art     : Background sticky concurrent mark sweep GC freed 61966(4MB) AllocSpace objects, 5(204KB) LOS objects, 34% free, 7MB/11MB, paused 28.847ms total 167.721ms
05-03 16:05:26.616  1751  1751 D CarrierSvcBindHelper: Received android.intent.action.USER_UNLOCKED
05-03 16:05:26.623  1751  1751 D CarrierSvcBindHelper: No carrier app for: 0
05-03 16:05:26.633  1490  1490 V BackupManagerService: Connected to transport ComponentInfo{com.google.android.gms/com.google.android.gms.backup.BackupTransportService}
05-03 16:05:26.634  1490  1490 V BackupManagerService: Registering transport com.google.android.gms/.backup.BackupTransportService::com.google.android.gms/.backup.BackupTransportService = com.android.internal.backup.IBackupTransport$Stub$Proxy@8619598
05-03 16:05:26.635  1603  1603 E SignalClusterView: Unexpected subscription 1
05-03 16:05:26.635  1603  1603 E SignalClusterView: Unexpected subscription 1
05-03 16:05:26.636  1603  1603 W KeyguardUpdateMonitor: invalid subId in handleSimStateChange()
05-03 16:05:26.676  1603  1603 I Choreographer: Skipped 143 frames!  The application may be doing too much work on its main thread.
05-03 16:05:26.689  1603  1603 D PhoneStatusBar: disable: < expand* icons alerts system_info back* home* recent* clock search* quick_settings >
05-03 16:05:26.775  1490  1511 I ActivityManager: Start proc 2091:com.android.printspooler/u0a58 for service com.android.printspooler/.model.PrintSpoolerService
05-03 16:05:26.777  1766  1766 I art     : Starting a blocking GC Explicit
05-03 16:05:26.779  2091  2091 W art     : Unexpected CPU variant for X86 using defaults: x86_64
05-03 16:05:26.787  2038  2049 I chatty  : uid=10022(com.google.android.googlequicksearchbox) HeapTaskDaemon expire 5 lines
05-03 16:05:26.816  1751  1751 I Telephony: PstnIncomingCallNotifier: Unregistering: Handler (com.android.internal.telephony.GsmCdmaPhone) {aedd65e}
05-03 16:05:26.834  1490  1992 I Telecom : PhoneAccountRegistrar: [ComponentInfo{com.android.phone/com.android.services.telephony.TelephonyConnectionService}, [e2f7d48dd2b5ca523e7313cf4ba0f6ea830b6281], UserHandle{0}(icon: Icon(typ=BITMAP size=67x84) -> Icon(typ=BITMAP size=67x84))]: TSI.rPA@AB0
05-03 16:05:26.835  1490  1992 I Telecom : : Sending phone-account registered intent as user: TSI.rPA@AB0
05-03 16:05:26.837  1751  1751 I Telephony: AccountEntry: Registered phoneAccount: [[ ] PhoneAccount: ComponentInfo{com.android.phone/com.android.services.telephony.TelephonyConnectionService}, [e2f7d48dd2b5ca523e7313cf4ba0f6ea830b6281], UserHandle{0} Capabilities: CallProvider MultiUser PlaceEmerg SimSub  Schemes: tel voicemail  Extras: null GroupId: [da39a3ee5e6b4b0d3255bfef95601890afd80709]] with handle: ComponentInfo{com.android.phone/com.android.services.telephony.TelephonyConnectionService}, [e2f7d48dd2b5ca523e7313cf4ba0f6ea830b6281], UserHandle{0}
05-03 16:05:26.837  1751  1751 I Telephony: PstnIncomingCallNotifier: Registering: Handler (com.android.internal.telephony.GsmCdmaPhone) {aedd65e}
05-03 16:05:26.939  1596  1596 I LatinIME: Timeout waiting for dictionary load
05-03 16:05:26.945  1243  1595 E SurfaceFlinger: ro.sf.lcd_density must be defined as a build property
05-03 16:05:26.963  1959  1979 I art     : Background sticky concurrent mark sweep GC freed 8058(732KB) AllocSpace objects, 19(484KB) LOS objects, 5% free, 12MB/13MB, paused 11.839ms total 58.210ms
05-03 16:05:26.967  1490  1500 I art     : Background partial concurrent mark sweep GC freed 17176(1417KB) AllocSpace objects, 27(7MB) LOS objects, 24% free, 12MB/16MB, paused 1.006ms total 120.127ms
05-03 16:05:26.971  1766  1766 I art     : Explicit concurrent mark sweep GC freed 5182(361KB) AllocSpace objects, 0(0B) LOS objects, 23% free, 6MB/8MB, paused 714us total 192.229ms
05-03 16:05:26.979  1751  1751 I Telephony: PstnIncomingCallNotifier: Unregistering: Handler (com.android.internal.telephony.GsmCdmaPhone) {aedd65e}
05-03 16:05:26.993  1490  1503 I Telecom : PhoneAccountRegistrar: [ComponentInfo{com.android.phone/com.android.services.telephony.TelephonyConnectionService}, [e2f7d48dd2b5ca523e7313cf4ba0f6ea830b6281], UserHandle{0}(icon: Icon(typ=BITMAP size=67x84) -> Icon(typ=BITMAP size=67x84))]: TSI.rPA@ACE
05-03 16:05:26.994  1490  1503 I Telecom : : Sending phone-account registered intent as user: TSI.rPA@ACE
05-03 16:05:26.995  1751  1751 I Telephony: AccountEntry: Registered phoneAccount: [[ ] PhoneAccount: ComponentInfo{com.android.phone/com.android.services.telephony.TelephonyConnectionService}, [e2f7d48dd2b5ca523e7313cf4ba0f6ea830b6281], UserHandle{0} Capabilities: CallProvider MultiUser PlaceEmerg SimSub  Schemes: tel voicemail  Extras: null GroupId: [da39a3ee5e6b4b0d3255bfef95601890afd80709]] with handle: ComponentInfo{com.android.phone/com.android.services.telephony.TelephonyConnectionService}, [e2f7d48dd2b5ca523e7313cf4ba0f6ea830b6281], UserHandle{0}
05-03 16:05:26.995  1751  1751 I Telephony: PstnIncomingCallNotifier: Registering: Handler (com.android.internal.telephony.GsmCdmaPhone) {aedd65e}
05-03 16:05:27.004  1751  1751 I NotificationMgr: updateMwi(): subId 1 update to false
05-03 16:05:27.018  1766  1766 I art     : Starting a blocking GC Explicit
05-03 16:05:27.030  1490  1563 I Telecom : PhoneAccountRegistrar: [ComponentInfo{com.android.phone/com.android.services.telephony.TelephonyConnectionService}, [e2f7d48dd2b5ca523e7313cf4ba0f6ea830b6281], UserHandle{0}(icon: Icon(typ=BITMAP size=67x84) -> Icon(typ=BITMAP size=67x84))]: TSI.rPA@ACQ
05-03 16:05:27.033  1490  1563 I Telecom : : Sending phone-account registered intent as user: TSI.rPA@ACQ
05-03 16:05:27.042  1490  1511 W GnssLocationProvider: Could not open GPS configuration file /etc/gps.conf
05-03 16:05:27.042  1490  1511 E GnssLocationProvider: no AGPS interface in set_agps_server
05-03 16:05:27.043  1751  1751 D TelephonyProvider: subIdString = 1 subId = 1
05-03 16:05:27.052  1490  1490 I FusedLocation: engine stopped (com.android.location.fused)
05-03 16:05:27.110  1766  1766 I art     : Explicit concurrent mark sweep GC freed 704(36KB) AllocSpace objects, 0(0B) LOS objects, 23% free, 6MB/8MB, paused 662us total 36.035ms
05-03 16:05:27.138  1490  1503 D ConnectivityService: registerNetworkAgent NetworkAgentInfo{ ni{[type: MOBILE[LTE], state: CONNECTED/CONNECTED, reason: connected, extra: epc.tmobile.com, failover: false, available: true, roaming: false, metered: true]}  network{100}  nethandle{429513165534}  lp{{InterfaceName: eth0 LinkAddresses: [10.0.2.15/32,]  Routes: [0.0.0.0/0 -> 10.0.2.2 eth0,] DnsAddresses: [10.0.2.3,10.0.2.4,10.0.2.5,] Domains: null MTU: 1500 TcpBufferSizes: 524288,1048576,2097152,262144,524288,1048576}}  nc{[ Transports: CELLULAR Capabilities: MMS&SUPL&FOTA&IMS&CBS&IA&INTERNET&NOT_RESTRICTED&TRUSTED&NOT_VPN LinkUpBandwidth>=51200Kbps LinkDnBandwidth>=102400Kbps Specifier: <1>]}  Score{10}  everValidated{false}  lastValidated{false}  created{false} lingering{false} explicitlySelected{false} acceptUnvalidated{false} everCaptivePortalDetected{false} lastCaptivePortalDetected{false} }
05-03 16:05:27.142  1490  1578 D ConnectivityService: NetworkAgentInfo [MOBILE (LTE) - 100] EVENT_NETWORK_INFO_CHANGED, going from null to CONNECTED
05-03 16:05:27.143  1490  1578 D ConnectivityService: Adding iface eth0 to network 100
05-03 16:05:27.157  1490  1563 D NetworkNotificationManager: clearNotification id=65537
05-03 16:05:27.164  1921  1921 W Settings: Setting airplane_mode_on has moved from android.provider.Settings.System to android.provider.Settings.Global, returning read-only value.
05-03 16:05:27.174  1921  2112 W GCoreFlp: No location to return for getLastLocation()
05-03 16:05:27.186  1243  1564 D gralloc_ranchu: gralloc_alloc: format 1 and usage 0x900 imply creation of host color buffer
05-03 16:05:27.190  2038  2109 I chatty  : uid=10022(com.google.android.googlequicksearchbox) RenderThread expire 6 lines
05-03 16:05:27.197  1490  1578 D ConnectivityService: Setting DNS servers for network 100 to [/10.0.2.3, /10.0.2.4, /10.0.2.5]
05-03 16:05:27.203  1243  1564 D gralloc_ranchu: gralloc_alloc: format 1 and usage 0x900 imply creation of host color buffer
05-03 16:05:27.204  1490  1563 W InputMethodManagerService: Window already focused, ignoring focus gain of: com.android.internal.view.IInputMethodClient$Stub$Proxy@d4a24b8 attribute=null, token = android.os.BinderProxy@a1b6c31
05-03 16:05:27.209  1490  1920 I BackupManagerService: Found stale backup journal, scheduling
05-03 16:05:27.222  1921  1921 W Backup  : [GmsBackupAccountManager] Backup account not found in gmscore.
05-03 16:05:27.227  1243  1564 D gralloc_ranchu: gralloc_alloc: format 1 and usage 0x900 imply creation of host color buffer
05-03 16:05:27.236  1490  1578 D ConnectivityService: Switching to new default network: NetworkAgentInfo{ ni{[type: MOBILE[LTE], state: CONNECTED/CONNECTED, reason: connected, extra: epc.tmobile.com, failover: false, available: true, roaming: false, metered: true]}  network{100}  nethandle{429513165534}  lp{{InterfaceName: eth0 LinkAddresses: [10.0.2.15/32,]  Routes: [0.0.0.0/0 -> 10.0.2.2 eth0,] DnsAddresses: [10.0.2.3,10.0.2.4,10.0.2.5,] Domains: null MTU: 1500 TcpBufferSizes: 524288,1048576,2097152,262144,524288,1048576}}  nc{[ Transports: CELLULAR Capabilities: MMS&SUPL&FOTA&IMS&CBS&IA&INTERNET&NOT_RESTRICTED&TRUSTED&NOT_VPN&FOREGROUND LinkUpBandwidth>=51200Kbps LinkDnBandwidth>=102400Kbps Specifier: <1>]}  Score{10}  everValidated{false}  lastValidated{false}  created{true} lingering{false} explicitlySelected{false} acceptUnvalidated{false} everCaptivePortalDetected{false} lastCaptivePortalDetected{false} }
05-03 16:05:27.267  1490  1574 D WIFI    : Registering NetworkFactory
05-03 16:05:27.269  1490  1574 D WIFI_UT : Registering NetworkFactory
05-03 16:05:27.277  1862  1862 I AlarmClock: AlarmInitReceiver android.intent.action.LOCKED_BOOT_COMPLETED
05-03 16:05:27.323  1270  1548 V IdletimerController: runCmd(/system/bin/ip6tables -w -t raw -A idletimer_raw_PREROUTING -i eth0 -j IDLETIMER --timeout 10 --label 0 --send_nl_msg 1) res_ipv4=0, res_ipv6=0
05-03 16:05:27.332  1270  1548 V IdletimerController: runCmd(/system/bin/ip6tables -w -t mangle -A idletimer_mangle_POSTROUTING -o eth0 -j IDLETIMER --timeout 10 --label 0 --send_nl_msg 1) res_ipv4=0, res_ipv6=0
05-03 16:05:27.338  1921  1921 I GCoreNlp: shouldConfirmNlp, NLP off. Ensuring opt-in disabled
05-03 16:05:27.353  1490  1591 I GnssLocationProvider: WakeLock acquired by sendMessage(5, 0, null)
05-03 16:05:27.354  1490  1591 I GnssLocationProvider: WakeLock acquired by sendMessage(6, 0, null)
05-03 16:05:27.357  1921  2106 I GeofencerStateMachine: Network location disabled.
05-03 16:05:27.358  1490  1578 D ConnectivityService: Sending CONNECTED broadcast for type 0 NetworkAgentInfo [MOBILE (LTE) - 100] isDefaultNetwork=true
05-03 16:05:27.363  1490  1578 D ConnectivityService: Got NetworkFactory Messenger for WIFI
05-03 16:05:27.363  1490  1578 D ConnectivityService: Got NetworkFactory Messenger for WIFI_UT
05-03 16:05:27.364  1490  1574 D WIFI    : got request NetworkRequest [ REQUEST id=1, [ Capabilities: INTERNET&NOT_RESTRICTED&TRUSTED&NOT_VPN] ] with score 10
05-03 16:05:27.365  1490  1574 D WIFI_UT : got request NetworkRequest [ REQUEST id=1, [ Capabilities: INTERNET&NOT_RESTRICTED&TRUSTED&NOT_VPN] ] with score 10
05-03 16:05:27.376  1862  1862 D AlarmClock/Events: [Stopwatch] [Reset] [Reboot]
05-03 16:05:27.410  1862  1898 V AlarmClock: AlarmInitReceiver finished
05-03 16:05:27.421  2143  2143 W art     : Unexpected CPU variant for X86 using defaults: x86_64
05-03 16:05:27.425  1490  2117 I ActivityManager: Start proc 2143:android.process.media/u0a8 for broadcast com.android.providers.downloads/.DownloadReceiver
05-03 16:05:27.426  1490  1578 D NetworkNotificationManager: clearNotification id=100
05-03 16:05:27.428  1490  1578 D ConnectivityService: NetworkAgentInfo [MOBILE (LTE) - 100] validation passed
05-03 16:05:27.473  1490  1571 D SntpClient: round trip: 56ms, clock offset: 904ms
05-03 16:05:27.551  2038  2068 I chatty  : uid=10022(com.google.android.googlequicksearchbox) Non-User-Facing expire 2 lines
05-03 16:05:27.554  2038  2071 I chatty  : uid=10022(com.google.android.googlequicksearchbox) Non-User-Facing expire 1 line
05-03 16:05:27.578  1490  1511 W GnssLocationProvider: Could not open GPS configuration file /etc/gps.conf
05-03 16:05:27.578  1490  1511 E GnssLocationProvider: no AGPS interface in set_agps_server
05-03 16:05:27.578  1490  1511 I GnssLocationProvider: WakeLock released by handleMessage(12, 0, null)
05-03 16:05:27.642  1490  1511 W GnssLocationProvider: Could not open GPS configuration file /etc/gps.conf
05-03 16:05:27.642  1490  1511 E GnssLocationProvider: no AGPS interface in set_agps_server
05-03 16:05:27.642  1490  1511 I GnssLocationProvider: WakeLock released by handleMessage(12, 0, null)
05-03 16:05:27.663  1490  1511 W GnssLocationProvider: Could not open GPS configuration file /etc/gps.conf
05-03 16:05:27.663  1490  1511 E GnssLocationProvider: no AGPS interface in set_agps_server
05-03 16:05:27.663  1490  1511 I GnssLocationProvider: WakeLock acquired by handleInjectNtpTime()
05-03 16:05:27.663  1490  1511 I GnssLocationProvider: WakeLock released by handleMessage(5, 0, null)
05-03 16:05:27.663  1490  1511 D GnssLocationProvider: handleDownloadXtraData() called when Xtra not supported
05-03 16:05:27.663  1490  1511 I GnssLocationProvider: WakeLock released by handleMessage(6, 0, null)
05-03 16:05:27.664  1490  1586 I GnssLocationProvider: WakeLock acquired by sendMessage(10, 0, null)
05-03 16:05:27.664  1490  1586 I GnssLocationProvider: WakeLock released by handleInjectNtpTime()
05-03 16:05:27.723  1921  2126 W System  : ClassLoader referenced unknown path: 
05-03 16:05:27.723  1921  2126 W System  : ClassLoader referenced unknown path: /system/priv-app/PrebuiltGmsCore/lib/x86_64
05-03 16:05:27.723  1921  2126 D ApplicationLoaders: ignored Vulkan layer search path /system/priv-app/PrebuiltGmsCore/lib/x86_64:/system/fake-libs64:/system/priv-app/PrebuiltGmsCore/PrebuiltGmsCore.apk!/lib/x86_64:/system/lib64:/vendor/lib64 for namespace 0x7d0ed19280f0
05-03 16:05:27.724  1921  2126 I DynamiteModule: Considering local module com.google.android.gms.googlecertificates:2 and remote module com.google.android.gms.googlecertificates:2
05-03 16:05:27.724  1921  2126 I DynamiteModule: Selected remote version of com.google.android.gms.googlecertificates, version >= 2
05-03 16:05:27.820  1921  2159 E BluetoothAdapter: Bluetooth binder is null
05-03 16:05:27.870  2038  2183 I chatty  : uid=10022(com.google.android.googlequicksearchbox) HotwordDetector expire 8 lines
05-03 16:05:27.932  2143  2143 W System  : ClassLoader referenced unknown path: /system/priv-app/DownloadProvider/lib/x86_64
05-03 16:05:27.942  2143  2143 W System  : ClassLoader referenced unknown path: /system/priv-app/MediaProvider/lib/x86_64
05-03 16:05:27.942  2143  2143 D ApplicationLoaders: ignored Vulkan layer search path /system/priv-app/MediaProvider/lib/x86_64:/system/priv-app/MediaProvider/MediaProvider.apk!/lib/x86_64:/system/lib64:/vendor/lib64 for namespace 0x7d0ed1b2a0f0
05-03 16:05:27.955  1490  1511 I GnssLocationProvider: WakeLock released by handleMessage(10, 0, null)
05-03 16:05:27.959  2038  2194 I chatty  : uid=10022 com.google.android.googlequicksearchbox:search expire 5 lines
05-03 16:05:27.974  2038  2070 I chatty  : uid=10022(com.google.android.googlequicksearchbox) User-Facing Sha expire 10 lines
05-03 16:05:27.976  1257  1587 D PermissionCache: checking android.permission.CAPTURE_AUDIO_HOTWORD for uid=10022 => granted (103 us)
05-03 16:05:27.976  1257  1587 E audio_hw_generic: Error opening input stream format 1, channel_mask 0010, sample_rate 16000
05-03 16:05:27.980  2038  2070 E ActivityThread: Failed to find provider info for com.google.android.apps.gsa.testing.ui.audio.recorded
05-03 16:05:27.986  1257  2197 I AudioFlinger: AudioFlinger's thread 0xe7d032c0 ready to run
05-03 16:05:27.987  2038  2184 I chatty  : uid=10022 com.google.android.googlequicksearchbox:search expire 1 line
05-03 16:05:28.029  1490  1574 D WifiNative-HAL: Failing getSupportedFeatureset because HAL isn't started
05-03 16:05:28.073  2143  2143 D MediaScannerReceiver: action: android.intent.action.MEDIA_MOUNTED path: /storage/emulated/0
05-03 16:05:28.081  2204  2204 W art     : Unexpected CPU variant for X86 using defaults: x86_64
05-03 16:05:28.089  1490  1563 I ActivityManager: Start proc 2204:com.google.android.gms/u0a12 for broadcast com.google.android.gms/.checkin.CheckinServiceTriggerReceiver
05-03 16:05:28.120  2204  2204 W System  : ClassLoader referenced unknown path: /system/priv-app/PrebuiltGmsCore/lib/x86_64
05-03 16:05:28.133  2204  2204 I LoadedApk: No resource references to update in package FFFFFFFFFFFFFFFFFFFFFF
