--------- beginning of main
05-03 16:05:14.630  1192  1192 W auditd  : type=2000 audit(0.0:1): initialized
05-03 16:05:15.170  1192  1192 I auditd  : type=1403 audit(0.0:2): policy loaded auid=4294967295 ses=4294967295
05-03 16:05:15.170  1192  1192 W auditd  : type=1404 audit(0.0:3): enforcing=1 old_enforcing=0 auid=4294967295 ses=4294967295
05-03 16:05:15.940     1     1 I chatty  : uid=0(root) /init expire 1 line
05-03 16:05:16.020  1201  1201 I chatty  : uid=0(root) /system/bin/debuggerd64 expire 1 line
05-03 16:05:16.039  1200  1200 I chatty  : uid=0(root) /system/bin/debuggerd expire 1 line
--------- beginning of system
05-03 16:05:16.045  1202  1202 I vold    : Vold 3.0 (the awakening) firing up
05-03 16:05:16.045  1202  1202 V vold    : Detected support for: ext4 vfat
05-03 16:05:16.322  1202  1236 D vold    : e4crypt_init_user0
05-03 16:05:16.322  1202  1236 D vold    : e4crypt_prepare_user_storage for volume null, user 0, serial 0, flags 1
05-03 16:05:16.323  1202  1236 D vold    : Preparing: /data/system/users/0
05-03 16:05:16.324  1202  1236 D vold    : Preparing: /data/misc/profiles/cur/0
05-03 16:05:16.325  1202  1236 D vold    : Preparing: /data/misc/profiles/cur/0/foreign-dex
05-03 16:05:16.326  1202  1236 D vold    : Preparing: /data/system_de/0
05-03 16:05:16.327  1202  1236 D vold    : Preparing: /data/misc_de/0
05-03 16:05:16.327  1202  1236 D vold    : Preparing: /data/user_de/0
05-03 16:05:16.328  1202  1236 D vold    : e4crypt_unlock_user_key 0 serial=0 token_present=0
05-03 16:05:16.331     1     1 I chatty  : uid=0(root) /init expire 1 line
05-03 16:05:16.357  1237  1237 I /system/bin/tzdatacheck: tzdata file /data/misc/zoneinfo/current/tzdata does not exist. No action required.
05-03 16:05:16.482  1240  1240 I chatty  : uid=0(root) /system/bin/qemu-props expire 7 lines
05-03 16:05:16.499  1241  1241 I chatty  : uid=0(root) /system/bin/lmkd expire 1 line
05-03 16:05:16.499  1240  1240 I chatty  : uid=0(root) /system/bin/qemu-props expire 8 lines
05-03 16:05:16.540  1243  1243 I SurfaceFlinger: SurfaceFlinger is starting
05-03 16:05:16.540  1243  1243 I SurfaceFlinger: SurfaceFlinger's main thread ready to run. Initializing graphics H/W...
05-03 16:05:16.540  1243  1243 D libEGL  : Emulator has host GPU support, qemu.gles is set to 1.
05-03 16:05:16.544  1243  1243 E libEGL  : load_driver(/system/lib64/egl/libGLES_emulation.so): dlopen failed: library "/system/lib64/egl/libGLES_emulation.so" not found
05-03 16:05:16.561  1243  1243 D libEGL  : loaded /system/lib64/egl/libEGL_emulation.so
05-03 16:05:16.562  1243  1243 D libEGL  : loaded /system/lib64/egl/libGLESv1_CM_emulation.so
05-03 16:05:16.567  1243  1243 D libEGL  : loaded /system/lib64/egl/libGLESv2_emulation.so
05-03 16:05:16.570  1258  1258 W cameraserver: type=1400 audit(0.0:5): avc: denied { getattr } for path="/vendor" dev="rootfs" ino=4004 scontext=u:r:cameraserver:s0 tcontext=u:object_r:rootfs:s0 tclass=lnk_file permissive=0
05-03 16:05:16.570  1257  1257 W audioserver: type=1400 audit(0.0:6): avc: denied { getattr } for path="/vendor" dev="rootfs" ino=4004 scontext=u:r:audioserver:s0 tcontext=u:object_r:rootfs:s0 tclass=lnk_file permissive=0
05-03 16:05:16.572  1243  1243 D         : HostConnection::get() New Host Connection established 0x75764902d540, tid 1243
05-03 16:05:16.573  1243  1243 W         : Process pipe failed
05-03 16:05:16.580  1267  1267 W mediadrmserver: type=1400 audit(0.0:7): avc: denied { getattr } for path="/vendor" dev="rootfs" ino=4004 scontext=u:r:mediadrmserver:s0 tcontext=u:object_r:rootfs:s0 tclass=lnk_file permissive=0
05-03 16:05:16.580  1266  1266 W mediacodec: type=1400 audit(0.0:8): avc: denied { getattr } for path="/vendor" dev="rootfs" ino=4004 scontext=u:r:mediacodec:s0 tcontext=u:object_r:rootfs:s0 tclass=lnk_file permissive=0
05-03 16:05:16.729  1266  1266 I mediacodec: @@@ mediacodecservice starting
05-03 16:05:16.730  1266  1266 W         : No seccomp filter defined for this architecture.
05-03 16:05:16.733  1258  1258 I cameraserver: ServiceManager: 0xf4c9afe0
05-03 16:05:16.735  1258  1258 I CameraService: CameraService started (pid=1258)
05-03 16:05:16.735  1258  1258 I CameraService: CameraService process starting
05-03 16:05:16.735  1258  1258 W BatteryNotifier: batterystats service unavailable!
05-03 16:05:16.735  1258  1258 W BatteryNotifier: batterystats service unavailable!
05-03 16:05:16.746  1258  1258 D EmulatedCamera_QemuClient: Emulated camera list: 
05-03 16:05:16.746  1258  1258 E cutils-trace: Error opening trace file: Permission denied (13)
05-03 16:05:16.746  1258  1258 I CameraService: Loaded "Emulated Camera Module" camera module
05-03 16:05:16.746  1258  1258 E CameraService: setUpVendorTags: Vendor tag operations not fully defined. Ignoring definitions.
05-03 16:05:16.747  1258  1258 I ServiceManager: Waiting for service media.camera.proxy...
05-03 16:05:16.766  1272  1272 I fingerprintd: Starting fingerprintd
05-03 16:05:16.787  1243  1243 E SurfaceFlinger: hwcomposer module not found
05-03 16:05:16.788  1243  1243 W SurfaceFlinger: no suitable EGLConfig found, trying a simpler query
05-03 16:05:16.789  1243  1243 I SurfaceFlinger: EGL information:
05-03 16:05:16.789  1243  1243 I SurfaceFlinger: vendor    : Android
05-03 16:05:16.789  1243  1243 I SurfaceFlinger: version   : 1.4 Android META-EGL
05-03 16:05:16.789  1243  1243 I SurfaceFlinger: extensions: EGL_KHR_get_all_proc_addresses EGL_ANDROID_presentation_time EGL_KHR_swap_buffers_with_damage EGL_ANDROID_create_native_client_buffer EGL_ANDROID_front_buffer_auto_refresh EGL_KHR_image_base EGL_KHR_gl_texture_2D_image EGL_KHR_fence_sync EGL_ANDROID_image_native_buffer EGL_ANDROID_recordable 
05-03 16:05:16.789  1243  1243 I SurfaceFlinger: Client API: OpenGL_ES
05-03 16:05:16.789  1243  1243 I SurfaceFlinger: EGLSurface: 8-8-8-8, config=0x2
05-03 16:05:16.816  1243  1243 I SurfaceFlinger: OpenGL ES informations:
05-03 16:05:16.816  1243  1243 I SurfaceFlinger: vendor    : Google (Intel)
05-03 16:05:16.816  1243  1243 I SurfaceFlinger: renderer  : Android Emulator OpenGL ES Translator (Intel(R) HD Graphics 520)
05-03 16:05:16.816  1243  1243 I SurfaceFlinger: version   : OpenGL ES 2.0 (4.4.0 - Build 20.19.15.4463)
05-03 16:05:16.816  1243  1243 I SurfaceFlinger: extensions: GL_EXT_debug_marker GL_OES_EGL_image GL_OES_EGL_image_external GL_OES_depth24 GL_OES_depth32 GL_OES_element_index_uint GL_OES_texture_float GL_OES_texture_float_linear GL_OES_compressed_paletted_texture GL_OES_compressed_ETC1_RGB8_texture GL_OES_depth_texture GL_OES_texture_half_float GL_OES_texture_half_float_linear GL_OES_packed_depth_stencil GL_OES_vertex_half_float GL_OES_texture_npot GL_OES_rgb8_rgba8 ANDROID_EMU_CHECKSUM_HELPER_v1 
05-03 16:05:16.816  1243  1243 I SurfaceFlinger: GL_MAX_TEXTURE_SIZE = 16384
05-03 16:05:16.816  1243  1243 I SurfaceFlinger: GL_MAX_VIEWPORT_DIMS = 16384
05-03 16:05:16.817  1243  1243 E cutils-trace: Error opening trace file: Permission denied (13)
05-03 16:05:16.817  1243  1243 D gralloc_ranchu: gralloc_alloc: format 1 and usage 0x1a00 imply creation of host color buffer
05-03 16:05:16.857  1260  1260 I chatty  : uid=0(root) /system/bin/installd expire 1 line
05-03 16:05:16.866  1270  1270 I chatty  : uid=0(root) Binder:1270_2 expire 2 lines
05-03 16:05:16.868  1282  1282 I chatty  : uid=0(root) /system/xbin/perfprofd expire 2 lines
05-03 16:05:16.870  1273  1273 I gatekeeperd: Starting gatekeeperd...
05-03 16:05:16.870  1273  1273 W gatekeeperd: falling back to software GateKeeper
05-03 16:05:16.873  1268  1268 V MediaUtils: physMem: 2099310592
05-03 16:05:16.873  1268  1268 V MediaUtils: requested limit: 419862100
05-03 16:05:16.873  1268  1268 V MediaUtils: actual limit: 419862100
05-03 16:05:16.873  1268  1268 V MediaUtils: original limits: 4294967295/4294967295
05-03 16:05:16.873  1268  1268 V MediaUtils: new limits: 419862100/4294967295
05-03 16:05:16.874  1268  1268 W /system/bin/mediaextractor: libminijail: allowing syscall: socketcall
05-03 16:05:16.874  1268  1268 W /system/bin/mediaextractor: libminijail: allowing syscall: writev
05-03 16:05:16.874  1268  1268 W /system/bin/mediaextractor: libminijail: allowing syscall: fcntl64
05-03 16:05:16.874  1268  1268 W /system/bin/mediaextractor: libminijail: allowing syscall: clock_gettime
05-03 16:05:16.874  1268  1268 W /system/bin/mediaextractor: libminijail: logging seccomp filter failures
05-03 16:05:16.942  1267  1267 I mediaserver: ServiceManager: 0xedabc060
05-03 16:05:16.960  1261  1261 I keystore: Found keymaster0 module Keymaster OpenSSL HAL, version 2
05-03 16:05:16.960  1261  1261 I SoftKeymaster: system/keymaster/soft_keymaster_device.cpp, Line 131: Creating device
05-03 16:05:16.960  1261  1261 D SoftKeymaster: system/keymaster/soft_keymaster_device.cpp, Line 132: Device address: 0x727897e3d000
05-03 16:05:16.960  1261  1261 I keystore: Keymaster0 module is software-only.  Using SoftKeymasterDevice instead.
05-03 16:05:16.960  1261  1261 I SoftKeymaster: system/keymaster/soft_keymaster_device.cpp, Line 131: Creating device
05-03 16:05:16.960  1261  1261 D SoftKeymaster: system/keymaster/soft_keymaster_device.cpp, Line 132: Device address: 0x727897e3d400
05-03 16:05:16.967  1269  1269 I mediaserver: ServiceManager: 0xefc3c060
05-03 16:05:16.969  1269  1269 W BatteryNotifier: batterystats service unavailable!
05-03 16:05:16.979  1257  1257 I         : sMaxFastTracks = 8
05-03 16:05:16.980  1257  1257 I audioserver: ServiceManager: 0xe871afe0
05-03 16:05:16.981  1257  1257 W BatteryNotifier: batterystats service unavailable!
05-03 16:05:16.981  1257  1257 I AudioFlinger: Using default 3000 mSec as standby time.
05-03 16:05:16.995  1257  1257 I AudioPolicyService: AudioPolicyService CSTOR in new mode
05-03 16:05:16.996  1257  1257 I APM::ConfigParsingUtils: loadAudioPolicyConfig() loaded /system/etc/audio_policy.conf
05-03 16:05:16.997  1257  1257 I AudioFlinger: loadHwModule() Loaded primary audio interface from Generic audio HW HAL (audio) handle 10
05-03 16:05:16.997  1257  1257 I AudioFlinger: openOutput(), module 10 Device 2, SamplingRate 44100, Format 0x000001, Channels 3, flags 2
05-03 16:05:16.997  1257  1257 I AudioFlinger: HAL output buffer size 1024 frames, normal sink buffer size 1024 frames
05-03 16:05:17.012  1257  1257 I BufferProvider: found effect "Multichannel Downmix To Stereo" from The Android Open Source Project
05-03 16:05:17.012  1257  1257 I AudioFlinger: Using module 10 has the primary audio interface
05-03 16:05:17.013  1257  1302 I AudioFlinger: AudioFlinger's thread 0xe82836c0 ready to run
05-03 16:05:17.014  1257  1302 W BatteryNotifier: batterystats service unavailable!
05-03 16:05:17.014  1257  1302 W BatteryNotifier: batterystats service unavailable!
05-03 16:05:17.021  1257  1302 W BatteryNotifier: batterystats service unavailable!
05-03 16:05:17.022  1257  1302 W AudioFlinger: no wake lock to update, system not ready yet
05-03 16:05:17.022  1257  1302 E cutils-trace: Error opening trace file: Permission denied (13)
05-03 16:05:17.024  1257  1257 E audio_hw_generic: Error opening input stream format 1, channel_mask 0010, sample_rate 16000
05-03 16:05:17.031  1257  1304 I AudioFlinger: AudioFlinger's thread 0xe80839c0 ready to run
05-03 16:05:17.031  1257  1257 E AudioFlinger: int android::load_audio_interface(const char *, audio_hw_device_t **) couldn't load audio hw module audio.r_submix (No such file or directory)
05-03 16:05:17.031  1257  1257 E AudioFlinger: loadHwModule() error -2 loading module r_submix
05-03 16:05:17.031  1257  1257 W APM_AudioPolicyManager: could not open HW module r_submix
05-03 16:05:17.031  1257  1257 W APM_AudioPolicyManager: Input device 80000100 unreachable
05-03 16:05:17.032  1257  1257 I RadioService: RadioService
05-03 16:05:17.032  1257  1257 I RadioService: onFirstRef
05-03 16:05:17.032  1257  1257 E RadioService: couldn't load radio module radio.primary (No such file or directory)
05-03 16:05:17.032  1257  1257 E SoundTriggerHwService: couldn't load sound trigger module sound_trigger.primary (No such file or directory)
05-03 16:05:17.252  1243  1243 D SurfaceFlinger: shader cache generated - 24 shaders in 398.013580 ms
05-03 16:05:17.255  1243  1243 D SurfaceFlinger: Set power mode=2, type=0 flinger=0x757649047000
05-03 16:05:17.260  1319  1319 W bootanimation: type=1400 audit(0.0:9): avc: denied { getattr } for path="/vendor" dev="rootfs" ino=4004 scontext=u:r:bootanim:s0 tcontext=u:object_r:rootfs:s0 tclass=lnk_file permissive=0
05-03 16:05:17.289  1243  1243 D gralloc_ranchu: gralloc_alloc: format 1 and usage 0x1a00 imply creation of host color buffer
05-03 16:05:17.512  1256  1256 I chatty  : uid=0(root) main expire 36 lines
05-03 16:05:17.527  1256  1256 I art     : option[34]=--instruction-set-variant=x86
05-03 16:05:17.527  1256  1256 I art     : option[35]=-Xcompiler-option
05-03 16:05:17.527  1256  1256 I art     : option[36]=--instruction-set-variant=x86
05-03 16:05:17.527  1256  1256 I art     : option[37]=-Ximage-compiler-option
05-03 16:05:17.527  1256  1256 I art     : option[38]=--instruction-set-features=default
05-03 16:05:17.527  1256  1256 I art     : option[39]=-Xcompiler-option
05-03 16:05:17.527  1256  1256 I art     : option[40]=--instruction-set-features=default
05-03 16:05:17.527  1256  1256 I art     : option[41]=-Duser.locale=en-US
05-03 16:05:17.527  1256  1256 I art     : option[42]=--cpu-abilist=x86
05-03 16:05:17.527  1256  1256 I art     : option[43]=-Xfingerprint:Android/sdk_google_phone_x86_64/generic_x86_64:7.1.1/NYC/3756122:userdebug/test-keys
05-03 16:05:17.698  1319  1319 I BootAnimation: boot animation disabled
05-03 16:05:17.699  1255  1255 D AndroidRuntime: >>>>>> START com.android.internal.os.ZygoteInit uid 0 <<<<<<
05-03 16:05:17.710  1255  1255 D AndroidRuntime: CheckJNI is ON
05-03 16:05:17.714  1255  1255 I art     : option[0]=-Xzygote
05-03 16:05:17.714  1255  1255 I art     : option[1]=-Xcheck:jni
05-03 16:05:17.714  1255  1255 I art     : option[2]=-Xstacktracefile:/data/anr/traces.txt
05-03 16:05:17.714  1255  1255 I art     : option[3]=exit
05-03 16:05:17.714  1255  1255 I art     : option[4]=vfprintf
05-03 16:05:17.714  1255  1255 I art     : option[5]=sensitiveThread
05-03 16:05:17.714  1255  1255 I art     : option[6]=-verbose:gc
05-03 16:05:17.714  1255  1255 I art     : option[7]=-Xms4m
05-03 16:05:17.714  1255  1255 I art     : option[8]=-Xmx512m
05-03 16:05:17.714  1255  1255 I art     : option[9]=-Xusejit:true
05-03 16:05:17.714  1255  1255 I art     : option[10]=-Xjitsaveprofilinginfo
05-03 16:05:17.714  1255  1255 I art     : option[11]=-agentlib:jdwp=transport=dt_android_adb,suspend=n,server=y
05-03 16:05:17.714  1255  1255 I art     : option[12]=-Xlockprofthreshold:500
05-03 16:05:17.714  1255  1255 I art     : option[13]=-Ximage-compiler-option
05-03 16:05:17.714  1255  1255 I art     : option[14]=--runtime-arg
05-03 16:05:17.714  1255  1255 I art     : option[15]=-Ximage-compiler-option
05-03 16:05:17.714  1255  1255 I art     : option[16]=-Xms64m
05-03 16:05:17.714  1255  1255 I art     : option[17]=-Ximage-compiler-option
05-03 16:05:17.714  1255  1255 I art     : option[18]=--runtime-arg
05-03 16:05:17.714  1255  1255 I art     : option[19]=-Ximage-compiler-option
05-03 16:05:17.714  1255  1255 I art     : option[20]=-Xmx64m
05-03 16:05:17.714  1255  1255 I art     : option[21]=-Ximage-compiler-option
05-03 16:05:17.714  1255  1255 I art     : option[22]=--image-classes=/system/etc/preloaded-classes
05-03 16:05:17.714  1255  1255 I art     : option[23]=-Ximage-compiler-option
05-03 16:05:17.714  1255  1255 I art     : option[24]=--compiled-classes=/system/etc/compiled-classes
05-03 16:05:17.714  1255  1255 I art     : option[25]=-Xcompiler-option
05-03 16:05:17.714  1255  1255 I art     : option[26]=--runtime-arg
05-03 16:05:17.714  1255  1255 I art     : option[27]=-Xcompiler-option
05-03 16:05:17.714  1255  1255 I art     : option[28]=-Xms64m
05-03 16:05:17.714  1255  1255 I art     : option[29]=-Xcompiler-option
05-03 16:05:17.714  1255  1255 I art     : option[30]=--runtime-arg
05-03 16:05:17.714  1255  1255 I art     : option[31]=-Xcompiler-option
05-03 16:05:17.714  1255  1255 I art     : option[32]=-Xmx512m
05-03 16:05:17.714  1255  1255 I art     : option[33]=-Ximage-compiler-option
05-03 16:05:17.714  1255  1255 I art     : option[34]=--instruction-set-variant=x86_64
05-03 16:05:17.714  1255  1255 I art     : option[35]=-Xcompiler-option
05-03 16:05:17.714  1255  1255 I art     : option[36]=--instruction-set-variant=x86_64
05-03 16:05:17.714  1255  1255 I art     : option[37]=-Ximage-compiler-option
05-03 16:05:17.714  1255  1255 I art     : option[38]=--instruction-set-features=default
05-03 16:05:17.714  1255  1255 I art     : option[39]=-Xcompiler-option
05-03 16:05:17.714  1255  1255 I art     : option[40]=--instruction-set-features=default
05-03 16:05:17.715  1255  1255 I art     : option[41]=-Duser.locale=en-US
05-03 16:05:17.715  1255  1255 I art     : option[42]=--cpu-abilist=x86_64
05-03 16:05:17.715  1255  1255 I art     : option[43]=-Xfingerprint:Android/sdk_google_phone_x86_64/generic_x86_64:7.1.1/NYC/3756122:userdebug/test-keys
05-03 16:05:17.747  1258  1258 I ServiceManager: Waiting for service media.camera.proxy...
05-03 16:05:17.762  1256  1256 D ICU     : No timezone override file found: /data/misc/zoneinfo/current/icu/icu_tzdata.dat
05-03 16:05:17.852  1256  1256 E memtrack: Couldn't load memtrack module (No such file or directory)
05-03 16:05:17.852  1256  1256 E android.os.Debug: failed to load memtrack module: -2
05-03 16:05:17.854  1256  1256 I Radio-JNI: register_android_hardware_Radio DONE
05-03 16:05:17.859  1256  1256 I SamplingProfilerIntegration: Profiling disabled.
05-03 16:05:17.859  1256  1256 D Zygote  : begin preload
05-03 16:05:17.859  1256  1256 I Zygote  : Installing ICU cache reference pinning...
05-03 16:05:17.860  1256  1256 I Zygote  : Preloading ICU data...
05-03 16:05:17.902  1255  1255 D ICU     : No timezone override file found: /data/misc/zoneinfo/current/icu/icu_tzdata.dat
05-03 16:05:17.906  1256  1256 I Zygote  : Preloading classes...
05-03 16:05:17.912  1256  1256 W Zygote  : Class not found for preloading: [Landroid.view.Display$ColorTransform;
05-03 16:05:18.006  1255  1255 E memtrack: Couldn't load memtrack module (No such file or directory)
05-03 16:05:18.006  1255  1255 E android.os.Debug: failed to load memtrack module: -2
05-03 16:05:18.010  1255  1255 I Radio-JNI: register_android_hardware_Radio DONE
05-03 16:05:18.021  1255  1255 I SamplingProfilerIntegration: Profiling disabled.
05-03 16:05:18.022  1255  1255 D Zygote  : begin preload
05-03 16:05:18.022  1255  1255 I Zygote  : Installing ICU cache reference pinning...
05-03 16:05:18.022  1255  1255 I Zygote  : Preloading ICU data...
05-03 16:05:18.055  1255  1255 I Zygote  : Preloading classes...
05-03 16:05:18.059  1255  1255 W Zygote  : Class not found for preloading: [Landroid.view.Display$ColorTransform;
05-03 16:05:18.119  1256  1256 E Typeface: Error mapping font file /system/fonts/DroidSansFallback.ttf
05-03 16:05:18.130  1255  1255 E Typeface: Error mapping font file /system/fonts/DroidSansFallback.ttf
05-03 16:05:18.259  1255  1255 I art     : Thread[1,tid=1255,Native,Thread*=0x7d0ecd495a00,peer=0x12c060d0,"main"] recursive attempt to load library "/system/lib64/libmedia_jni.so"
05-03 16:05:18.260  1255  1255 D MtpDeviceJNI: register_android_mtp_MtpDevice
05-03 16:05:18.261  1255  1255 I art     : Thread[1,tid=1255,Native,Thread*=0x7d0ecd495a00,peer=0x12c060d0,"main"] recursive attempt to load library "/system/lib64/libmedia_jni.so"
05-03 16:05:18.261  1255  1255 I art     : Thread[1,tid=1255,Native,Thread*=0x7d0ecd495a00,peer=0x12c060d0,"main"] recursive attempt to load library "/system/lib64/libmedia_jni.so"
05-03 16:05:18.276  1256  1256 I art     : Thread[1,tid=1256,Native,Thread*=0xeb48b400,peer=0x12c060d0,"main"] recursive attempt to load library "/system/lib/libmedia_jni.so"
05-03 16:05:18.277  1256  1256 D MtpDeviceJNI: register_android_mtp_MtpDevice
05-03 16:05:18.277  1256  1256 I art     : Thread[1,tid=1256,Native,Thread*=0xeb48b400,peer=0x12c060d0,"main"] recursive attempt to load library "/system/lib/libmedia_jni.so"
05-03 16:05:18.277  1256  1256 I art     : Thread[1,tid=1256,Native,Thread*=0xeb48b400,peer=0x12c060d0,"main"] recursive attempt to load library "/system/lib/libmedia_jni.so"
05-03 16:05:18.327  1255  1255 W Zygote  : Class not found for preloading: android.view.Display$ColorTransform
05-03 16:05:18.327  1255  1255 W Zygote  : Class not found for preloading: android.view.Display$ColorTransform$1
05-03 16:05:18.352  1256  1256 W Zygote  : Class not found for preloading: android.view.Display$ColorTransform
05-03 16:05:18.352  1256  1256 W Zygote  : Class not found for preloading: android.view.Display$ColorTransform$1
05-03 16:05:18.411  1255  1255 I System  : Loaded time zone names for "" in 25ms (24ms in ICU)
05-03 16:05:18.426  1255  1255 I System  : Loaded time zone names for "en_US" in 11ms (4ms in ICU)
05-03 16:05:18.443  1255  1255 I Zygote  : ...preloaded 4158 classes in 388ms.
05-03 16:05:18.443  1255  1255 I art     : VMRuntime.preloadDexCaches starting
05-03 16:05:18.445  1256  1256 I System  : Loaded time zone names for "" in 29ms (28ms in ICU)
05-03 16:05:18.452  1256  1256 I System  : Loaded time zone names for "en_US" in 5ms (4ms in ICU)
05-03 16:05:18.477  1256  1256 I Zygote  : ...preloaded 4158 classes in 570ms.
05-03 16:05:18.477  1256  1256 I art     : VMRuntime.preloadDexCaches starting
05-03 16:05:18.505  1255  1255 I art     : VMRuntime.preloadDexCaches strings total=283707 before=39625 after=39625
05-03 16:05:18.505  1255  1255 I art     : VMRuntime.preloadDexCaches types total=23582 before=7877 after=7904
05-03 16:05:18.505  1255  1255 I art     : VMRuntime.preloadDexCaches fields total=111999 before=40898 after=41112
05-03 16:05:18.505  1255  1255 I art     : VMRuntime.preloadDexCaches methods total=197525 before=82450 after=83010
05-03 16:05:18.505  1255  1255 I art     : VMRuntime.preloadDexCaches finished
05-03 16:05:18.505  1255  1255 I Zygote  : Preloading resources...
05-03 16:05:18.543  1256  1256 I art     : VMRuntime.preloadDexCaches strings total=283707 before=39625 after=39625
05-03 16:05:18.543  1256  1256 I art     : VMRuntime.preloadDexCaches types total=23582 before=7877 after=7904
05-03 16:05:18.543  1256  1256 I art     : VMRuntime.preloadDexCaches fields total=111999 before=40898 after=41112
05-03 16:05:18.543  1256  1256 I art     : VMRuntime.preloadDexCaches methods total=197525 before=82450 after=83010
05-03 16:05:18.543  1256  1256 I art     : VMRuntime.preloadDexCaches finished
05-03 16:05:18.543  1256  1256 I Zygote  : Preloading resources...
05-03 16:05:18.544  1255  1255 W Resources: Preloaded drawable resource #0x108025c (android:drawable/dialog_background_material) that varies with configuration!!
05-03 16:05:18.545  1255  1255 W Resources: Preloaded drawable resource #0x1080298 (android:drawable/editbox_dropdown_background_dark) that varies with configuration!!
05-03 16:05:18.554  1255  1255 W Resources: Preloaded color resource #0x10600e2 (android:color/material_grey_800) that varies with configuration!!
05-03 16:05:18.554  1255  1255 W Resources: Preloaded drawable resource #0x10802c9 (android:drawable/floating_popup_background_dark) that varies with configuration!!
05-03 16:05:18.579  1256  1256 W Resources: Preloaded drawable resource #0x108025c (android:drawable/dialog_background_material) that varies with configuration!!
05-03 16:05:18.579  1256  1256 W Resources: Preloaded drawable resource #0x1080298 (android:drawable/editbox_dropdown_background_dark) that varies with configuration!!
05-03 16:05:18.583  1256  1256 W Resources: Preloaded color resource #0x10600e2 (android:color/material_grey_800) that varies with configuration!!
05-03 16:05:18.583  1256  1256 W Resources: Preloaded drawable resource #0x10802c9 (android:drawable/floating_popup_background_dark) that varies with configuration!!
05-03 16:05:18.585  1255  1255 W Resources: Preloaded drawable resource #0x108030b (android:drawable/ic_clear_disabled) that varies with configuration!!
05-03 16:05:18.585  1255  1255 W Resources: Preloaded drawable resource #0x1080310 (android:drawable/ic_clear_normal) that varies with configuration!!
05-03 16:05:18.589  1255  1255 W Resources: Preloaded drawable resource #0x1080359 (android:drawable/ic_go) that varies with configuration!!
05-03 16:05:18.594  1255  1255 W Resources: Preloaded drawable resource #0x1080038 (android:drawable/ic_menu_close_clear_cancel) that varies with configuration!!
05-03 16:05:18.595  1255  1255 W Resources: Preloaded drawable resource #0x1080045 (android:drawable/ic_menu_more) that varies with configuration!!
05-03 16:05:18.599  1256  1256 W Resources: Preloaded drawable resource #0x108030b (android:drawable/ic_clear_disabled) that varies with configuration!!
05-03 16:05:18.599  1256  1256 W Resources: Preloaded drawable resource #0x1080310 (android:drawable/ic_clear_normal) that varies with configuration!!
05-03 16:05:18.601  1256  1256 W Resources: Preloaded drawable resource #0x1080359 (android:drawable/ic_go) that varies with configuration!!
05-03 16:05:18.604  1255  1255 W Resources: Preloaded drawable resource #0x10804e8 (android:drawable/menu_background_fill_parent_width) that varies with configuration!!
05-03 16:05:18.630  1256  1256 W Resources: Preloaded drawable resource #0x1080038 (android:drawable/ic_menu_close_clear_cancel) that varies with configuration!!
05-03 16:05:18.631  1256  1256 W Resources: Preloaded drawable resource #0x1080045 (android:drawable/ic_menu_more) that varies with configuration!!
05-03 16:05:18.635  1256  1256 W Resources: Preloaded drawable resource #0x10804e8 (android:drawable/menu_background_fill_parent_width) that varies with configuration!!
05-03 16:05:18.684  1270  1270 I iptables: iptables v1.4.20: can't initialize iptables table `nat': Table does not exist (do you need to insmod?)
05-03 16:05:18.684  1270  1270 I iptables: Perhaps iptables or your kernel needs to be upgraded.
05-03 16:05:18.688  1256  1256 W Resources: Preloaded drawable resource #0x108077e (android:drawable/text_edit_paste_window) that varies with configuration!!
05-03 16:05:18.691  1255  1255 W Resources: Preloaded drawable resource #0x108077e (android:drawable/text_edit_paste_window) that varies with configuration!!
05-03 16:05:18.692  1255  1255 W Resources: Preloaded drawable resource #0x1080096 (android:drawable/toast_frame) that varies with configuration!!
05-03 16:05:18.692  1255  1255 I Zygote  : ...preloaded 114 resources in 187ms.
05-03 16:05:18.694  1255  1255 W Resources: Preloaded color resource #0x106010b (android:color/background_cache_hint_selector_material_dark) that varies with configuration!!
05-03 16:05:18.694  1255  1255 W Resources: Preloaded color resource #0x1060110 (android:color/btn_default_material_dark) that varies with configuration!!
05-03 16:05:18.694  1255  1255 I Zygote  : ...preloaded 41 resources in 2ms.
05-03 16:05:18.694  1255  1255 D libEGL  : Emulator has host GPU support, qemu.gles is set to 1.
05-03 16:05:18.695  1256  1256 W Resources: Preloaded drawable resource #0x1080096 (android:drawable/toast_frame) that varies with configuration!!
05-03 16:05:18.695  1256  1256 I Zygote  : ...preloaded 114 resources in 152ms.
05-03 16:05:18.695  1270  1270 I iptables: iptables terminated by exit(3)
05-03 16:05:18.696  1270  1270 E Netd    : exec() res=0, status=768 for /system/bin/iptables -w -t nat -N oem_nat_pre 
05-03 16:05:18.696  1255  1255 E libEGL  : load_driver(/system/lib64/egl/libGLES_emulation.so): dlopen failed: library "/system/lib64/egl/libGLES_emulation.so" not found
05-03 16:05:18.697  1255  1255 D libEGL  : loaded /system/lib64/egl/libEGL_emulation.so
05-03 16:05:18.697  1255  1255 D libEGL  : loaded /system/lib64/egl/libGLESv1_CM_emulation.so
05-03 16:05:18.698  1270  1270 I iptables: iptables v1.4.20: can't initialize iptables table `nat': Table does not exist (do you need to insmod?)
05-03 16:05:18.698  1270  1270 I iptables: Perhaps iptables or your kernel needs to be upgraded.
05-03 16:05:18.702  1255  1255 D libEGL  : loaded /system/lib64/egl/libGLESv2_emulation.so
05-03 16:05:18.707  1255  1255 I Zygote  : Preloading shared libraries...
05-03 16:05:18.708  1256  1256 W Resources: Preloaded color resource #0x106010b (android:color/background_cache_hint_selector_material_dark) that varies with configuration!!
05-03 16:05:18.708  1256  1256 W Resources: Preloaded color resource #0x1060110 (android:color/btn_default_material_dark) that varies with configuration!!
05-03 16:05:18.708  1256  1256 I Zygote  : ...preloaded 41 resources in 13ms.
05-03 16:05:18.709  1256  1256 D libEGL  : Emulator has host GPU support, qemu.gles is set to 1.
05-03 16:05:18.709  1270  1270 I iptables: iptables terminated by exit(3)
05-03 16:05:18.709  1270  1270 E Netd    : exec() res=0, status=768 for /system/bin/iptables -w -t nat -A PREROUTING -j oem_nat_pre 
05-03 16:05:18.709  1256  1256 E libEGL  : load_driver(/system/lib/egl/libGLES_emulation.so): dlopen failed: library "/system/lib/egl/libGLES_emulation.so" not found
05-03 16:05:18.712  1255  1255 E Hyphenator: error loading hyphenation /system/usr/hyphen-data/hyph-as.hyb
05-03 16:05:18.712  1255  1255 E Hyphenator: java.io.FileNotFoundException: /system/usr/hyphen-data/hyph-as.hyb: open failed: ENOENT (No such file or directory)
05-03 16:05:18.712  1255  1255 E Hyphenator: 	at libcore.io.IoBridge.open(IoBridge.java:455)
05-03 16:05:18.712  1255  1255 E Hyphenator: 	at java.io.RandomAccessFile.<init>(RandomAccessFile.java:247)
05-03 16:05:18.712  1255  1255 E Hyphenator: 	at android.text.Hyphenator.loadHyphenator(Hyphenator.java:118)
05-03 16:05:18.712  1255  1255 E Hyphenator: 	at android.text.Hyphenator.init(Hyphenator.java:224)
05-03 16:05:18.712  1255  1255 E Hyphenator: 	at com.android.internal.os.ZygoteInit.preloadTextResources(ZygoteInit.java:252)
05-03 16:05:18.712  1255  1255 E Hyphenator: 	at com.android.internal.os.ZygoteInit.preload(ZygoteInit.java:206)
05-03 16:05:18.712  1255  1255 E Hyphenator: 	at com.android.internal.os.ZygoteInit.main(ZygoteInit.java:743)
05-03 16:05:18.712  1255  1255 E Hyphenator: Caused by: android.system.ErrnoException: open failed: ENOENT (No such file or directory)
05-03 16:05:18.712  1255  1255 E Hyphenator: 	at libcore.io.Posix.open(Native Method)
05-03 16:05:18.712  1255  1255 E Hyphenator: 	at libcore.io.BlockGuardOs.open(BlockGuardOs.java:187)
05-03 16:05:18.712  1255  1255 E Hyphenator: 	at libcore.io.IoBridge.open(IoBridge.java:441)
05-03 16:05:18.712  1255  1255 E Hyphenator: 	... 6 more
05-03 16:05:18.712  1255  1255 E Hyphenator: error loading hyphenation /system/usr/hyphen-data/hyph-bn.hyb
05-03 16:05:18.712  1255  1255 E Hyphenator: java.io.FileNotFoundException: /system/usr/hyphen-data/hyph-bn.hyb: open failed: ENOENT (No such file or directory)
05-03 16:05:18.712  1255  1255 E Hyphenator: 	at libcore.io.IoBridge.open(IoBridge.java:455)
05-03 16:05:18.712  1255  1255 E Hyphenator: 	at java.io.RandomAccessFile.<init>(RandomAccessFile.java:247)
05-03 16:05:18.712  1255  1255 E Hyphenator: 	at android.text.Hyphenator.loadHyphenator(Hyphenator.java:118)
05-03 16:05:18.712  1255  1255 E Hyphenator: 	at android.text.Hyphenator.init(Hyphenator.java:224)
05-03 16:05:18.712  1255  1255 E Hyphenator: 	at com.android.internal.os.ZygoteInit.preloadTextResources(ZygoteInit.java:252)
05-03 16:05:18.712  1255  1255 E Hyphenator: 	at com.android.internal.os.ZygoteInit.preload(ZygoteInit.java:206)
05-03 16:05:18.712  1255  1255 E Hyphenator: 	at com.android.internal.os.ZygoteInit.main(ZygoteInit.java:743)
05-03 16:05:18.712  1255  1255 E Hyphenator: Caused by: android.system.ErrnoException: open failed: ENOENT (No such file or directory)
05-03 16:05:18.712  1255  1255 E Hyphenator: 	at libcore.io.Posix.open(Native Method)
05-03 16:05:18.712  1255  1255 E Hyphenator: 	at libcore.io.BlockGuardOs.open(BlockGuardOs.java:187)
05-03 16:05:18.712  1255  1255 E Hyphenator: 	at libcore.io.IoBridge.open(IoBridge.java:441)
05-03 16:05:18.712  1255  1255 E Hyphenator: 	... 6 more
05-03 16:05:18.713  1255  1255 E Hyphenator: error loading hyphenation /system/usr/hyphen-data/hyph-cy.hyb
05-03 16:05:18.713  1255  1255 E Hyphenator: java.io.FileNotFoundException: /system/usr/hyphen-data/hyph-cy.hyb: open failed: ENOENT (No such file or directory)
05-03 16:05:18.713  1255  1255 E Hyphenator: 	at libcore.io.IoBridge.open(IoBridge.java:455)
05-03 16:05:18.713  1255  1255 E Hyphenator: 	at java.io.RandomAccessFile.<init>(RandomAccessFile.java:247)
05-03 16:05:18.713  1255  1255 E Hyphenator: 	at android.text.Hyphenator.loadHyphenator(Hyphenator.java:118)
05-03 16:05:18.713  1255  1255 E Hyphenator: 	at android.text.Hyphenator.init(Hyphenator.java:224)
05-03 16:05:18.713  1255  1255 E Hyphenator: 	at com.android.internal.os.ZygoteInit.preloadTextResources(ZygoteInit.java:252)
05-03 16:05:18.713  1255  1255 E Hyphenator: 	at com.android.internal.os.ZygoteInit.preload(ZygoteInit.java:206)
05-03 16:05:18.713  1255  1255 E Hyphenator: 	at com.android.internal.os.ZygoteInit.main(ZygoteInit.java:743)
05-03 16:05:18.713  1255  1255 E Hyphenator: Caused by: android.system.ErrnoException: open failed: ENOENT (No such file or directory)
05-03 16:05:18.713  1255  1255 E Hyphenator: 	at libcore.io.Posix.open(Native Method)
05-03 16:05:18.713  1255  1255 E Hyphenator: 	at libcore.io.BlockGuardOs.open(BlockGuardOs.java:187)
05-03 16:05:18.713  1255  1255 E Hyphenator: 	at libcore.io.IoBridge.open(IoBridge.java:441)
05-03 16:05:18.713  1255  1255 E Hyphenator: 	... 6 more
05-03 16:05:18.713  1255  1255 E Hyphenator: error loading hyphenation /system/usr/hyphen-data/hyph-da.hyb
05-03 16:05:18.713  1255  1255 E Hyphenator: java.io.FileNotFoundException: /system/usr/hyphen-data/hyph-da.hyb: open failed: ENOENT (No such file or directory)
05-03 16:05:18.713  1255  1255 E Hyphenator: 	at libcore.io.IoBridge.open(IoBridge.java:455)
05-03 16:05:18.713  1255  1255 E Hyphenator: 	at java.io.RandomAccessFile.<init>(RandomAccessFile.java:247)
05-03 16:05:18.713  1255  1255 E Hyphenator: 	at android.text.Hyphenator.loadHyphenator(Hyphenator.java:118)
05-03 16:05:18.713  1255  1255 E Hyphenator: 	at android.text.Hyphenator.init(Hyphenator.java:224)
05-03 16:05:18.713  1255  1255 E Hyphenator: 	at com.android.internal.os.ZygoteInit.preloadTextResources(ZygoteInit.java:252)
05-03 16:05:18.713  1255  1255 E Hyphenator: 	at com.android.internal.os.ZygoteInit.preload(ZygoteInit.java:206)
05-03 16:05:18.713  1255  1255 E Hyphenator: 	at com.android.internal.os.ZygoteInit.main(ZygoteInit.java:743)
05-03 16:05:18.713  1255  1255 E Hyphenator: Caused by: android.system.ErrnoException: open failed: ENOENT (No such file or directory)
05-03 16:05:18.713  1255  1255 E Hyphenator: 	at libcore.io.Posix.open(Native Method)
05-03 16:05:18.713  1255  1255 E Hyphenator: 	at libcore.io.BlockGuardOs.open(BlockGuardOs.java:187)
05-03 16:05:18.713  1255  1255 E Hyphenator: 	at libcore.io.IoBridge.open(IoBridge.java:441)
05-03 16:05:18.713  1255  1255 E Hyphenator: 	... 6 more
05-03 16:05:18.714  1256  1256 D libEGL  : loaded /system/lib/egl/libEGL_emulation.so
05-03 16:05:18.714  1255  1255 E Hyphenator: error loading hyphenation /system/usr/hyphen-data/hyph-de-1901.hyb
05-03 16:05:18.714  1255  1255 E Hyphenator: java.io.FileNotFoundException: /system/usr/hyphen-data/hyph-de-1901.hyb: open failed: ENOENT (No such file or directory)
05-03 16:05:18.714  1255  1255 E Hyphenator: 	at libcore.io.IoBridge.open(IoBridge.java:455)
05-03 16:05:18.714  1255  1255 E Hyphenator: 	at java.io.RandomAccessFile.<init>(RandomAccessFile.java:247)
05-03 16:05:18.714  1255  1255 E Hyphenator: 	at android.text.Hyphenator.loadHyphenator(Hyphenator.java:118)
05-03 16:05:18.714  1255  1255 E Hyphenator: 	at android.text.Hyphenator.init(Hyphenator.java:224)
05-03 16:05:18.714  1255  1255 E Hyphenator: 	at com.android.internal.os.ZygoteInit.preloadTextResources(ZygoteInit.java:252)
05-03 16:05:18.714  1255  1255 E Hyphenator: 	at com.android.internal.os.ZygoteInit.preload(ZygoteInit.java:206)
05-03 16:05:18.714  1255  1255 E Hyphenator: 	at com.android.internal.os.ZygoteInit.main(ZygoteInit.java:743)
05-03 16:05:18.714  1255  1255 E Hyphenator: Caused by: android.system.ErrnoException: open failed: ENOENT (No such file or directory)
05-03 16:05:18.714  1255  1255 E Hyphenator: 	at libcore.io.Posix.open(Native Method)
05-03 16:05:18.714  1255  1255 E Hyphenator: 	at libcore.io.BlockGuardOs.open(BlockGuardOs.java:187)
05-03 16:05:18.714  1255  1255 E Hyphenator: 	at libcore.io.IoBridge.open(IoBridge.java:441)
05-03 16:05:18.714  1255  1255 E Hyphenator: 	... 6 more
05-03 16:05:18.715  1256  1256 D libEGL  : loaded /system/lib/egl/libGLESv1_CM_emulation.so
05-03 16:05:18.721  1255  1255 E Hyphenator: error loading hyphenation /system/usr/hyphen-data/hyph-de-1996.hyb
05-03 16:05:18.721  1255  1255 E Hyphenator: java.io.FileNotFoundException: /system/usr/hyphen-data/hyph-de-1996.hyb: open failed: ENOENT (No such file or directory)
05-03 16:05:18.721  1255  1255 E Hyphenator: 	at libcore.io.IoBridge.open(IoBridge.java:455)
05-03 16:05:18.721  1255  1255 E Hyphenator: 	at java.io.RandomAccessFile.<init>(RandomAccessFile.java:247)
05-03 16:05:18.721  1255  1255 E Hyphenator: 	at android.text.Hyphenator.loadHyphenator(Hyphenator.java:118)
05-03 16:05:18.721  1255  1255 E Hyphenator: 	at android.text.Hyphenator.init(Hyphenator.java:224)
05-03 16:05:18.721  1255  1255 E Hyphenator: 	at com.android.internal.os.ZygoteInit.preloadTextResources(ZygoteInit.java:252)
05-03 16:05:18.721  1255  1255 E Hyphenator: 	at com.android.internal.os.ZygoteInit.preload(ZygoteInit.java:206)
05-03 16:05:18.721  1255  1255 E Hyphenator: 	at com.android.internal.os.ZygoteInit.main(ZygoteInit.java:743)
05-03 16:05:18.721  1255  1255 E Hyphenator: Caused by: android.system.ErrnoException: open failed: ENOENT (No such file or directory)
05-03 16:05:18.721  1255  1255 E Hyphenator: 	at libcore.io.Posix.open(Native Method)
05-03 16:05:18.721  1255  1255 E Hyphenator: 	at libcore.io.BlockGuardOs.open(BlockGuardOs.java:187)
05-03 16:05:18.721  1255  1255 E Hyphenator: 	at libcore.io.IoBridge.open(IoBridge.java:441)
05-03 16:05:18.721  1255  1255 E Hyphenator: 	... 6 more
05-03 16:05:18.721  1255  1255 E Hyphenator: error loading hyphenation /system/usr/hyphen-data/hyph-de-ch-1901.hyb
05-03 16:05:18.721  1255  1255 E Hyphenator: java.io.FileNotFoundException: /system/usr/hyphen-data/hyph-de-ch-1901.hyb: open failed: ENOENT (No such file or directory)
05-03 16:05:18.721  1255  1255 E Hyphenator: 	at libcore.io.IoBridge.open(IoBridge.java:455)
05-03 16:05:18.721  1255  1255 E Hyphenator: 	at java.io.RandomAccessFile.<init>(RandomAccessFile.java:247)
05-03 16:05:18.721  1255  1255 E Hyphenator: 	at android.text.Hyphenator.loadHyphenator(Hyphenator.java:118)
05-03 16:05:18.721  1255  1255 E Hyphenator: 	at android.text.Hyphenator.init(Hyphenator.java:224)
05-03 16:05:18.721  1255  1255 E Hyphenator: 	at com.android.internal.os.ZygoteInit.preloadTextResources(ZygoteInit.java:252)
05-03 16:05:18.721  1255  1255 E Hyphenator: 	at com.android.internal.os.ZygoteInit.preload(ZygoteInit.java:206)
05-03 16:05:18.721  1255  1255 E Hyphenator: 	at com.android.internal.os.ZygoteInit.main(ZygoteInit.java:743)
05-03 16:05:18.721  1255  1255 E Hyphenator: Caused by: android.system.ErrnoException: open failed: ENOENT (No such file or directory)
05-03 16:05:18.721  1255  1255 E Hyphenator: 	at libcore.io.Posix.open(Native Method)
05-03 16:05:18.721  1255  1255 E Hyphenator: 	at libcore.io.BlockGuardOs.open(BlockGuardOs.java:187)
05-03 16:05:18.721  1255  1255 E Hyphenator: 	at libcore.io.IoBridge.open(IoBridge.java:441)
05-03 16:05:18.721  1255  1255 E Hyphenator: 	... 6 more
05-03 16:05:18.721  1255  1255 E Hyphenator: error loading hyphenation /system/usr/hyphen-data/hyph-en-gb.hyb
05-03 16:05:18.721  1255  1255 E Hyphenator: java.io.FileNotFoundException: /system/usr/hyphen-data/hyph-en-gb.hyb: open failed: ENOENT (No such file or directory)
05-03 16:05:18.721  1255  1255 E Hyphenator: 	at libcore.io.IoBridge.open(IoBridge.java:455)
05-03 16:05:18.721  1255  1255 E Hyphenator: 	at java.io.RandomAccessFile.<init>(RandomAccessFile.java:247)
05-03 16:05:18.721  1255  1255 E Hyphenator: 	at android.text.Hyphenator.loadHyphenator(Hyphenator.java:118)
05-03 16:05:18.721  1255  1255 E Hyphenator: 	at android.text.Hyphenator.init(Hyphenator.java:224)
05-03 16:05:18.721  1255  1255 E Hyphenator: 	at com.android.internal.os.ZygoteInit.preloadTextResources(ZygoteInit.java:252)
05-03 16:05:18.721  1255  1255 E Hyphenator: 	at com.android.internal.os.ZygoteInit.preload(ZygoteInit.java:206)
05-03 16:05:18.721  1255  1255 E Hyphenator: 	at com.android.internal.os.ZygoteInit.main(ZygoteInit.java:743)
05-03 16:05:18.721  1255  1255 E Hyphenator: Caused by: android.system.ErrnoException: open failed: ENOENT (No such file or directory)
05-03 16:05:18.721  1255  1255 E Hyphenator: 	at libcore.io.Posix.open(Native Method)
05-03 16:05:18.721  1255  1255 E Hyphenator: 	at libcore.io.BlockGuardOs.open(BlockGuardOs.java:187)
05-03 16:05:18.721  1255  1255 E Hyphenator: 	at libcore.io.IoBridge.open(IoBridge.java:441)
05-03 16:05:18.721  1255  1255 E Hyphenator: 	... 6 more
05-03 16:05:18.721  1255  1255 E Hyphenator: error loading hyphenation /system/usr/hyphen-data/hyph-en-us.hyb
05-03 16:05:18.721  1255  1255 E Hyphenator: java.io.FileNotFoundException: /system/usr/hyphen-data/hyph-en-us.hyb: open failed: ENOENT (No such file or directory)
05-03 16:05:18.721  1255  1255 E Hyphenator: 	at libcore.io.IoBridge.open(IoBridge.java:455)
05-03 16:05:18.721  1255  1255 E Hyphenator: 	at java.io.RandomAccessFile.<init>(RandomAccessFile.java:247)
05-03 16:05:18.721  1255  1255 E Hyphenator: 	at android.text.Hyphenator.loadHyphenator(Hyphenator.java:118)
05-03 16:05:18.721  1255  1255 E Hyphenator: 	at android.text.Hyphenator.init(Hyphenator.java:224)
05-03 16:05:18.721  1255  1255 E Hyphenator: 	at com.android.internal.os.ZygoteInit.preloadTextResources(ZygoteInit.java:252)
05-03 16:05:18.721  1255  1255 E Hyphenator: 	at com.android.internal.os.ZygoteInit.preload(ZygoteInit.java:206)
05-03 16:05:18.721  1255  1255 E Hyphenator: 	at com.android.internal.os.ZygoteInit.main(ZygoteInit.java:743)
05-03 16:05:18.721  1255  1255 E Hyphenator: Caused by: android.system.ErrnoException: open failed: ENOENT (No such file or directory)
05-03 16:05:18.721  1255  1255 E Hyphenator: 	at libcore.io.Posix.open(Native Method)
05-03 16:05:18.721  1255  1255 E Hyphenator: 	at libcore.io.BlockGuardOs.open(BlockGuardOs.java:187)
05-03 16:05:18.721  1255  1255 E Hyphenator: 	at libcore.io.IoBridge.open(IoBridge.java:441)
05-03 16:05:18.721  1255  1255 E Hyphenator: 	... 6 more
05-03 16:05:18.722  1255  1255 E Hyphenator: error loading hyphenation /system/usr/hyphen-data/hyph-es.hyb
05-03 16:05:18.722  1255  1255 E Hyphenator: java.io.FileNotFoundException: /system/usr/hyphen-data/hyph-es.hyb: open failed: ENOENT (No such file or directory)
05-03 16:05:18.722  1255  1255 E Hyphenator: 	at libcore.io.IoBridge.open(IoBridge.java:455)
05-03 16:05:18.722  1255  1255 E Hyphenator: 	at java.io.RandomAccessFile.<init>(RandomAccessFile.java:247)
05-03 16:05:18.722  1255  1255 E Hyphenator: 	at android.text.Hyphenator.loadHyphenator(Hyphenator.java:118)
05-03 16:05:18.722  1255  1255 E Hyphenator: 	at android.text.Hyphenator.init(Hyphenator.java:224)
05-03 16:05:18.722  1255  1255 E Hyphenator: 	at com.android.internal.os.ZygoteInit.preloadTextResources(ZygoteInit.java:252)
05-03 16:05:18.722  1255  1255 E Hyphenator: 	at com.android.internal.os.ZygoteInit.preload(ZygoteInit.java:206)
05-03 16:05:18.722  1255  1255 E Hyphenator: 	at com.android.internal.os.ZygoteInit.main(ZygoteInit.java:743)
05-03 16:05:18.722  1255  1255 E Hyphenator: Caused by: android.system.ErrnoException: open failed: ENOENT (No such file or directory)
05-03 16:05:18.722  1255  1255 E Hyphenator: 	at libcore.io.Posix.open(Native Method)
05-03 16:05:18.722  1255  1255 E Hyphenator: 	at libcore.io.BlockGuardOs.open(BlockGuardOs.java:187)
05-03 16:05:18.722  1255  1255 E Hyphenator: 	at libcore.io.IoBridge.open(IoBridge.java:441)
05-03 16:05:18.722  1255  1255 E Hyphenator: 	... 6 more
05-03 16:05:18.722  1255  1255 E Hyphenator: error loading hyphenation /system/usr/hyphen-data/hyph-et.hyb
05-03 16:05:18.722  1255  1255 E Hyphenator: java.io.FileNotFoundException: /system/usr/hyphen-data/hyph-et.hyb: open failed: ENOENT (No such file or directory)
05-03 16:05:18.722  1255  1255 E Hyphenator: 	at libcore.io.IoBridge.open(IoBridge.java:455)
05-03 16:05:18.722  1255  1255 E Hyphenator: 	at java.io.RandomAccessFile.<init>(RandomAccessFile.java:247)
05-03 16:05:18.722  1255  1255 E Hyphenator: 	at android.text.Hyphenator.loadHyphenator(Hyphenator.java:118)
05-03 16:05:18.722  1255  1255 E Hyphenator: 	at android.text.Hyphenator.init(Hyphenator.java:224)
05-03 16:05:18.722  1255  1255 E Hyphenator: 	at com.android.internal.os.ZygoteInit.preloadTextResources(ZygoteInit.java:252)
05-03 16:05:18.722  1255  1255 E Hyphenator: 	at com.android.internal.os.ZygoteInit.preload(ZygoteInit.java:206)
05-03 16:05:18.722  1255  1255 E Hyphenator: 	at com.android.internal.os.ZygoteInit.main(ZygoteInit.java:743)
05-03 16:05:18.722  1255  1255 E Hyphenator: Caused by: android.system.ErrnoException: open failed: ENOENT (No such file or directory)
05-03 16:05:18.722  1255  1255 E Hyphenator: 	at libcore.io.Posix.open(Native Method)
05-03 16:05:18.722  1255  1255 E Hyphenator: 	at libcore.io.BlockGuardOs.open(BlockGuardOs.java:187)
05-03 16:05:18.722  1255  1255 E Hyphenator: 	at libcore.io.IoBridge.open(IoBridge.java:441)
05-03 16:05:18.722  1255  1255 E Hyphenator: 	... 6 more
05-03 16:05:18.722  1255  1255 E Hyphenator: error loading hyphenation /system/usr/hyphen-data/hyph-eu.hyb
05-03 16:05:18.722  1255  1255 E Hyphenator: java.io.FileNotFoundException: /system/usr/hyphen-data/hyph-eu.hyb: open failed: ENOENT (No such file or directory)
05-03 16:05:18.722  1255  1255 E Hyphenator: 	at libcore.io.IoBridge.open(IoBridge.java:455)
05-03 16:05:18.722  1255  1255 E Hyphenator: 	at java.io.RandomAccessFile.<init>(RandomAccessFile.java:247)
05-03 16:05:18.722  1255  1255 E Hyphenator: 	at android.text.Hyphenator.loadHyphenator(Hyphenator.java:118)
05-03 16:05:18.722  1255  1255 E Hyphenator: 	at android.text.Hyphenator.init(Hyphenator.java:224)
05-03 16:05:18.722  1255  1255 E Hyphenator: 	at com.android.internal.os.ZygoteInit.preloadTextResources(ZygoteInit.java:252)
05-03 16:05:18.722  1255  1255 E Hyphenator: 	at com.android.internal.os.ZygoteInit.preload(ZygoteInit.java:206)
05-03 16:05:18.722  1255  1255 E Hyphenator: 	at com.android.internal.os.ZygoteInit.main(ZygoteInit.java:743)
05-03 16:05:18.722  1255  1255 E Hyphenator: Caused by: android.system.ErrnoException: open failed: ENOENT (No such file or directory)
05-03 16:05:18.722  1255  1255 E Hyphenator: 	at libcore.io.Posix.open(Native Method)
05-03 16:05:18.722  1255  1255 E Hyphenator: 	at libcore.io.BlockGuardOs.open(BlockGuardOs.java:187)
05-03 16:05:18.722  1255  1255 E Hyphenator: 	at libcore.io.IoBridge.open(IoBridge.java:441)
05-03 16:05:18.722  1255  1255 E Hyphenator: 	... 6 more
05-03 16:05:18.722  1255  1255 E Hyphenator: error loading hyphenation /system/usr/hyphen-data/hyph-fr.hyb
05-03 16:05:18.722  1255  1255 E Hyphenator: java.io.FileNotFoundException: /system/usr/hyphen-data/hyph-fr.hyb: open failed: ENOENT (No such file or directory)
05-03 16:05:18.722  1255  1255 E Hyphenator: 	at libcore.io.IoBridge.open(IoBridge.java:455)
05-03 16:05:18.722  1255  1255 E Hyphenator: 	at java.io.RandomAccessFile.<init>(RandomAccessFile.java:247)
05-03 16:05:18.722  1255  1255 E Hyphenator: 	at android.text.Hyphenator.loadHyphenator(Hyphenator.java:118)
05-03 16:05:18.722  1255  1255 E Hyphenator: 	at android.text.Hyphenator.init(Hyphenator.java:224)
05-03 16:05:18.722  1255  1255 E Hyphenator: 	at com.android.internal.os.ZygoteInit.preloadTextResources(ZygoteInit.java:252)
05-03 16:05:18.722  1255  1255 E Hyphenator: 	at com.android.internal.os.ZygoteInit.preload(ZygoteInit.java:206)
05-03 16:05:18.722  1255  1255 E Hyphenator: 	at com.android.internal.os.ZygoteInit.main(ZygoteInit.java:743)
05-03 16:05:18.722  1255  1255 E Hyphenator: Caused by: android.system.ErrnoException: open failed: ENOENT (No such file or directory)
05-03 16:05:18.722  1255  1255 E Hyphenator: 	at libcore.io.Posix.open(Native Method)
05-03 16:05:18.722  1255  1255 E Hyphenator: 	at libcore.io.BlockGuardOs.open(BlockGuardOs.java:187)
05-03 16:05:18.722  1255  1255 E Hyphenator: 	at libcore.io.IoBridge.open(IoBridge.java:441)
05-03 16:05:18.722  1255  1255 E Hyphenator: 	... 6 more
05-03 16:05:18.722  1255  1255 E Hyphenator: error loading hyphenation /system/usr/hyphen-data/hyph-ga.hyb
05-03 16:05:18.722  1255  1255 E Hyphenator: java.io.FileNotFoundException: /system/usr/hyphen-data/hyph-ga.hyb: open failed: ENOENT (No such file or directory)
05-03 16:05:18.722  1255  1255 E Hyphenator: 	at libcore.io.IoBridge.open(IoBridge.java:455)
05-03 16:05:18.722  1255  1255 E Hyphenator: 	at java.io.RandomAccessFile.<init>(RandomAccessFile.java:247)
05-03 16:05:18.722  1255  1255 E Hyphenator: 	at android.text.Hyphenator.loadHyphenator(Hyphenator.java:118)
05-03 16:05:18.722  1255  1255 E Hyphenator: 	at android.text.Hyphenator.init(Hyphenator.java:224)
05-03 16:05:18.722  1255  1255 E Hyphenator: 	at com.android.internal.os.ZygoteInit.preloadTextResources(ZygoteInit.java:252)
05-03 16:05:18.722  1255  1255 E Hyphenator: 	at com.android.internal.os.ZygoteInit.preload(ZygoteInit.java:206)
05-03 16:05:18.722  1255  1255 E Hyphenator: 	at com.android.internal.os.ZygoteInit.main(ZygoteInit.java:743)
