05-03 16:05:34.207  2204  2710 E SystemUpdateService: 	at afuw.d(:com.google.android.gms:195)
05-03 16:05:34.207  2204  2710 E SystemUpdateService: 	at afuw.p(:com.google.android.gms:2178)
05-03 16:05:34.207  2204  2710 E SystemUpdateService: 	at afuw.a(:com.google.android.gms:448)
05-03 16:05:34.207  2204  2710 E SystemUpdateService: 	at afuw.doInBackground(:com.google.android.gms:50475)
05-03 16:05:34.207  2204  2710 E SystemUpdateService: 	at android.os.AsyncTask$2.call(AsyncTask.java:305)
05-03 16:05:34.207  2204  2710 E SystemUpdateService: 	at java.util.concurrent.FutureTask.run(FutureTask.java:237)
05-03 16:05:34.207  2204  2710 E SystemUpdateService: 	at java.lang.Thread.run(Thread.java:761)
05-03 16:05:34.207  2204  2710 E SystemUpdateService: Caused by: java.io.IOException: cancel scheduled update failed
05-03 16:05:34.207  2204  2710 E SystemUpdateService: 	at android.os.RecoverySystem.cancelScheduledUpdate(RecoverySystem.java:563)
05-03 16:05:34.207  2204  2710 E SystemUpdateService: 	... 9 more
05-03 16:05:34.207  2204  2710 E SystemUpdateTask: exception trying to cancel scheduled update
05-03 16:05:34.207  2204  2710 E SystemUpdateTask: java.io.IOException: Failed to invoke RecoverySystem.cancelScheduledUpdate
05-03 16:05:34.207  2204  2710 E SystemUpdateTask: 	at xae.c(:com.google.android.gms:140)
05-03 16:05:34.207  2204  2710 E SystemUpdateTask: 	at afuw.d(:com.google.android.gms:195)
05-03 16:05:34.207  2204  2710 E SystemUpdateTask: 	at afuw.p(:com.google.android.gms:2178)
05-03 16:05:34.207  2204  2710 E SystemUpdateTask: 	at afuw.a(:com.google.android.gms:448)
05-03 16:05:34.207  2204  2710 E SystemUpdateTask: 	at afuw.doInBackground(:com.google.android.gms:50475)
05-03 16:05:34.207  2204  2710 E SystemUpdateTask: 	at android.os.AsyncTask$2.call(AsyncTask.java:305)
05-03 16:05:34.207  2204  2710 E SystemUpdateTask: 	at java.util.concurrent.FutureTask.run(FutureTask.java:237)
05-03 16:05:34.207  2204  2710 E SystemUpdateTask: 	at java.lang.Thread.run(Thread.java:761)
05-03 16:05:34.234  2204  2762 I SystemUpdateTask: cancelUpdate (empty URL)
05-03 16:05:34.234  2204  2762 I CmaSystemUpdateService: active receiver: disabled
05-03 16:05:34.267  2204  2603 I Icing   : Internal init done: storage state 0
05-03 16:05:34.332  2204  2603 I Icing   : Post-init done
05-03 16:05:34.349  2204  2603 I Icing   : Usage reports 0 indexed 0 rejected 0 imm upload false
05-03 16:05:34.354  2204  2603 I Icing   : Usage reports 0 indexed 0 rejected 0 imm upload false
05-03 16:05:34.369  2204  2603 I Icing   : Usage reports 0 indexed 0 rejected 0 imm upload false
05-03 16:05:34.442  2204  2600 I Icing   : Usage reports 0 indexed 0 rejected 0 imm upload false
05-03 16:05:35.242  2763  2763 E uncrypt : failed to clear bootloader message: failed to find /misc partition
05-03 16:05:35.243  1490  1563 E RecoverySystemService: uncrypt failed with status: -1
05-03 16:05:35.243  2763  2763 I uncrypt :   received 0, exiting now
05-03 16:05:35.243  2204  2762 E SystemUpdateService: Failed to call RecoverySystem.cancelScheduledUpdate
05-03 16:05:35.243  2204  2762 E SystemUpdateService: java.lang.reflect.InvocationTargetException
05-03 16:05:35.243  2204  2762 E SystemUpdateService: 	at java.lang.reflect.Method.invoke(Native Method)
05-03 16:05:35.243  2204  2762 E SystemUpdateService: 	at xae.c(:com.google.android.gms:134)
05-03 16:05:35.243  2204  2762 E SystemUpdateService: 	at afuw.d(:com.google.android.gms:195)
05-03 16:05:35.243  2204  2762 E SystemUpdateService: 	at afuw.p(:com.google.android.gms:2178)
05-03 16:05:35.243  2204  2762 E SystemUpdateService: 	at afuw.a(:com.google.android.gms:448)
05-03 16:05:35.243  2204  2762 E SystemUpdateService: 	at afuw.doInBackground(:com.google.android.gms:50475)
05-03 16:05:35.243  2204  2762 E SystemUpdateService: 	at android.os.AsyncTask$2.call(AsyncTask.java:305)
05-03 16:05:35.243  2204  2762 E SystemUpdateService: 	at java.util.concurrent.FutureTask.run(FutureTask.java:237)
05-03 16:05:35.243  2204  2762 E SystemUpdateService: 	at java.lang.Thread.run(Thread.java:761)
05-03 16:05:35.243  2204  2762 E SystemUpdateService: Caused by: java.io.IOException: cancel scheduled update failed
05-03 16:05:35.243  2204  2762 E SystemUpdateService: 	at android.os.RecoverySystem.cancelScheduledUpdate(RecoverySystem.java:563)
05-03 16:05:35.243  2204  2762 E SystemUpdateService: 	... 9 more
05-03 16:05:35.244  2204  2762 E SystemUpdateTask: exception trying to cancel scheduled update
05-03 16:05:35.244  2204  2762 E SystemUpdateTask: java.io.IOException: Failed to invoke RecoverySystem.cancelScheduledUpdate
05-03 16:05:35.244  2204  2762 E SystemUpdateTask: 	at xae.c(:com.google.android.gms:140)
05-03 16:05:35.244  2204  2762 E SystemUpdateTask: 	at afuw.d(:com.google.android.gms:195)
05-03 16:05:35.244  2204  2762 E SystemUpdateTask: 	at afuw.p(:com.google.android.gms:2178)
05-03 16:05:35.244  2204  2762 E SystemUpdateTask: 	at afuw.a(:com.google.android.gms:448)
05-03 16:05:35.244  2204  2762 E SystemUpdateTask: 	at afuw.doInBackground(:com.google.android.gms:50475)
05-03 16:05:35.244  2204  2762 E SystemUpdateTask: 	at android.os.AsyncTask$2.call(AsyncTask.java:305)
05-03 16:05:35.244  2204  2762 E SystemUpdateTask: 	at java.util.concurrent.FutureTask.run(FutureTask.java:237)
05-03 16:05:35.244  2204  2762 E SystemUpdateTask: 	at java.lang.Thread.run(Thread.java:761)
05-03 16:05:36.290  2204  2593 W PlatformStatsUtil: Could not retrieve Usage & Diagnostics setting. Giving up.
05-03 16:05:38.022  2038  2038 I chatty  : uid=10022 com.google.android.googlequicksearchbox:search expire 12 lines
05-03 16:05:38.040  2038  2769 I chatty  : uid=10022 com.google.android.googlequicksearchbox:search expire 6 lines
05-03 16:05:38.049  1257  1306 W APM_AudioPolicyManager: getInputForAttr() failed opening input: samplingRate 16000, format 1, channelMask 10
05-03 16:05:38.049  2038  2070 I chatty  : uid=10022(com.google.android.googlequicksearchbox) User-Facing Sha expire 12 lines
05-03 16:05:38.052  2038  2070 E ActivityThread: Failed to find provider info for com.google.android.apps.gsa.testing.ui.audio.recorded
05-03 16:05:38.083  2038  2768 I chatty  : uid=10022 com.google.android.googlequicksearchbox:search expire 1 line
05-03 16:05:38.600  1490  1562 I InputReader: Reconfiguring input devices.  changes=0x00000010
05-03 16:05:38.644  1751  1751 D CarrierSvcBindHelper: No carrier app for: 0
05-03 16:05:38.695  1921  1921 I GCoreNlp: shouldConfirmNlp, NLP off. Ensuring opt-in disabled
05-03 16:05:39.064  2259  2756 I GlobalDismissManager: no sender configured
05-03 16:05:39.065  2259  2756 D AlertService: Beginning updateAlertNotification
05-03 16:05:39.088  2259  2756 D AlertService: No fired or scheduled alerts
05-03 16:05:39.116  2259  2756 D AlertService: Scheduling next alarm with AlarmScheduler. sEventReminderReceived: null
05-03 16:05:39.131  2259  2756 D AlarmScheduler: No events found starting within 1 week.
05-03 16:05:41.297  2204  2593 W PlatformStatsUtil: Could not retrieve Usage & Diagnostics setting. Giving up.
05-03 16:05:43.113  2038  2773 I chatty  : uid=10022 com.google.android.googlequicksearchbox:search expire 5 lines
05-03 16:05:43.118  1257  1587 W APM_AudioPolicyManager: getInputForAttr() failed opening input: samplingRate 16000, format 1, channelMask 10
05-03 16:05:43.123  2038  2070 E ActivityThread: Failed to find provider info for com.google.android.apps.gsa.testing.ui.audio.recorded
05-03 16:05:43.245  2038  2772 I chatty  : uid=10022 com.google.android.googlequicksearchbox:search expire 1 line
05-03 16:05:43.464  1490  1512 I ActivityManager: Waited long enough for: ServiceRecord{604ce36 u0 com.android.calendar/.alerts.InitAlarmsService}
05-03 16:05:46.398  2204  2593 W PlatformStatsUtil: Could not retrieve Usage & Diagnostics setting. Giving up.
05-03 16:05:48.280  2038  2777 I chatty  : uid=10022 com.google.android.googlequicksearchbox:search expire 5 lines
05-03 16:05:48.284  1257  1257 W APM_AudioPolicyManager: getInputForAttr() failed opening input: samplingRate 16000, format 1, channelMask 10
05-03 16:05:48.284  2038  2070 I chatty  : uid=10022(com.google.android.googlequicksearchbox) User-Facing Sha expire 11 lines
05-03 16:05:48.298  2038  2070 E ActivityThread: Failed to find provider info for com.google.android.apps.gsa.testing.ui.audio.recorded
05-03 16:05:48.299  2038  2038 I chatty  : uid=10022 com.google.android.googlequicksearchbox:search expire 6 lines
05-03 16:05:48.367  2038  2776 I chatty  : uid=10022 com.google.android.googlequicksearchbox:search expire 1 line
05-03 16:05:48.409  2204  2252 I CheckinService: Done disabling old GoogleServicesFramework version
05-03 16:05:51.495  2204  2593 W PlatformStatsUtil: Could not retrieve Usage & Diagnostics setting. Giving up.
05-03 16:05:53.396  2038  2780 I chatty  : uid=10022 com.google.android.googlequicksearchbox:search expire 5 lines
05-03 16:05:53.431  1257  1306 W APM_AudioPolicyManager: getInputForAttr() failed opening input: samplingRate 16000, format 1, channelMask 10
05-03 16:05:53.441  2038  2070 E ActivityThread: Failed to find provider info for com.google.android.apps.gsa.testing.ui.audio.recorded
05-03 16:05:53.468  2038  2038 I chatty  : uid=10022 com.google.android.googlequicksearchbox:search expire 2 lines
05-03 16:05:53.468  2038  2779 I chatty  : uid=10022 com.google.android.googlequicksearchbox:search expire 1 line
05-03 16:05:56.628  2204  2593 W PlatformStatsUtil: Could not retrieve Usage & Diagnostics setting. Giving up.
05-03 16:05:56.654  1490  1563 I ActivityManager: Killing 2001:com.android.keychain/1000 (adj 906): empty #17
05-03 16:05:56.712  1490  1867 D ActivityManager: cleanUpApplicationRecord -- 2001
05-03 16:05:58.477  2038  2038 I chatty  : uid=10022 com.google.android.googlequicksearchbox:search expire 2 lines
05-03 16:05:58.504  2038  2783 I chatty  : uid=10022 com.google.android.googlequicksearchbox:search expire 1 line
05-03 16:05:58.508  2038  2070 I chatty  : uid=10022(com.google.android.googlequicksearchbox) User-Facing Sha expire 6 lines
05-03 16:05:58.510  1257  1587 W APM_AudioPolicyManager: getInputForAttr() failed opening input: samplingRate 16000, format 1, channelMask 10
05-03 16:05:58.511  2259  2295 D InitAlarmsService: Clearing and rescheduling alarms.
05-03 16:05:58.520  2038  2070 E ActivityThread: Failed to find provider info for com.google.android.apps.gsa.testing.ui.audio.recorded
05-03 16:05:58.521  2038  2038 I chatty  : uid=10022 com.google.android.googlequicksearchbox:search expire 1 line
05-03 16:05:58.541  2038  2783 I chatty  : uid=10022 com.google.android.googlequicksearchbox:search expire 3 lines
05-03 16:05:58.542  2038  2783 I AudioController: internalShutdown
05-03 16:05:58.542  2038  2183 I MicroRecognitionRunner: Stopping hotword detection.
05-03 16:05:58.545  1490  1563 I ActivityManager: Killing 2238:com.android.dialer/u0a6 (adj 906): empty #17
05-03 16:05:58.547  2038  2038 I MicroDetector: Keeping mic open: false
05-03 16:05:58.547  2038  2038 I MicroDetectionWorker: #onError(false)
05-03 16:05:58.547  2038  2782 I DeviceStateChecker: DeviceStateChecker cancelled
05-03 16:05:58.587  1490  2634 D ActivityManager: cleanUpApplicationRecord -- 2238
05-03 16:06:00.024  1490  1490 I ActivityManager: Killing 1862:com.android.deskclock/u0a33 (adj 906): empty #17
05-03 16:06:00.148  1490  2632 D ActivityManager: cleanUpApplicationRecord -- 1862
05-03 16:06:01.758  2204  2593 W PlatformStatsUtil: Could not retrieve Usage & Diagnostics setting. Giving up.
05-03 16:06:03.558  2038  2038 I MicroDetectionWorker: Micro detection mode: [mDetectionMode: [1]].
05-03 16:06:03.560  2038  2038 I AudioController: Using mInputStreamFactoryBuilder
05-03 16:06:03.609  2038  2786 I MicroRecognitionRunner: Starting detection.
05-03 16:06:03.610  2038  2070 I MicrophoneInputStream: mic_starting com.google.android.apps.gsa.staticplugins.z.c@7e274e8
05-03 16:06:03.611  1257  1257 W APM_AudioPolicyManager: getInputForAttr() failed opening input: samplingRate 16000, format 1, channelMask 10
05-03 16:06:03.611  2038  2070 E AudioRecord: Could not get audio input for session 65, record source 1999, sample rate 16000, format 0x1, channel mask 0x10, flags 0
05-03 16:06:03.611  2038  2070 E AudioRecord-JNI: Error creating AudioRecord instance: initialization check failed with status -22.
05-03 16:06:03.611  2038  2070 E android.media.AudioRecord: Error code -20 when initializing native AudioRecord object.
05-03 16:06:03.611  2038  2070 I MicrophoneInputStream: mic_started com.google.android.apps.gsa.staticplugins.z.c@7e274e8
05-03 16:06:03.612  2038  2070 E ActivityThread: Failed to find provider info for com.google.android.apps.gsa.testing.ui.audio.recorded
05-03 16:06:03.613  2038  2038 I MicroDetectionWorker: onReady
05-03 16:06:03.616  2038  2070 I MicrophoneInputStream: mic_close com.google.android.apps.gsa.staticplugins.z.c@7e274e8
05-03 16:06:03.617  2038  2786 I MicroRecognitionRunner: Detection finished
05-03 16:06:03.617  2038  2786 W ErrorReporter: reportError [type: 211, code: 524300]: Error reading from input stream
05-03 16:06:03.618  2038  2183 I MicroRecognitionRunner: Stopping hotword detection.
05-03 16:06:03.618  2038  2786 W ErrorProcessor: onFatalError, processing error from engine(4)
05-03 16:06:03.618  2038  2786 W ErrorProcessor: com.google.android.apps.gsa.shared.speech.a.g: Error reading from input stream
05-03 16:06:03.618  2038  2786 W ErrorProcessor: 	at com.google.android.apps.gsa.staticplugins.recognizer.i.a.a(SourceFile:342)
05-03 16:06:03.618  2038  2786 W ErrorProcessor: 	at com.google.android.apps.gsa.staticplugins.recognizer.i.a$1.run(SourceFile:1367)
05-03 16:06:03.618  2038  2786 W ErrorProcessor: 	at java.util.concurrent.Executors$RunnableAdapter.call(Executors.java:428)
05-03 16:06:03.618  2038  2786 W ErrorProcessor: 	at java.util.concurrent.FutureTask.run(FutureTask.java:237)
05-03 16:06:03.618  2038  2786 W ErrorProcessor: 	at com.google.android.apps.gsa.shared.util.concurrent.a.ak.run(SourceFile:66)
05-03 16:06:03.618  2038  2786 W ErrorProcessor: 	at java.util.concurrent.ThreadPoolExecutor.runWorker(ThreadPoolExecutor.java:1133)
05-03 16:06:03.618  2038  2786 W ErrorProcessor: 	at java.util.concurrent.ThreadPoolExecutor$Worker.run(ThreadPoolExecutor.java:607)
05-03 16:06:03.618  2038  2786 W ErrorProcessor: 	at java.lang.Thread.run(Thread.java:761)
05-03 16:06:03.618  2038  2786 W ErrorProcessor: 	at com.google.android.apps.gsa.shared.util.concurrent.a.ad$1.run(SourceFile:85)
05-03 16:06:03.618  2038  2786 W ErrorProcessor: Caused by: com.google.android.apps.gsa.shared.exception.GsaIOException: Error code: 393238 | Buffer overflow, no available space.
05-03 16:06:03.618  2038  2786 W ErrorProcessor: 	at com.google.android.apps.gsa.speech.audio.Tee.g(SourceFile:2531)
05-03 16:06:03.618  2038  2786 W ErrorProcessor: 	at com.google.android.apps.gsa.speech.audio.ap.read(SourceFile:555)
05-03 16:06:03.618  2038  2786 W ErrorProcessor: 	at java.io.InputStream.read(InputStream.java:101)
05-03 16:06:03.618  2038  2786 W ErrorProcessor: 	at com.google.android.apps.gsa.speech.audio.al.run(SourceFile:362)
05-03 16:06:03.618  2038  2786 W ErrorProcessor: 	at com.google.android.apps.gsa.speech.audio.ak$1.run(SourceFile:471)
05-03 16:06:03.618  2038  2786 W ErrorProcessor: 	at java.util.concurrent.Executors$RunnableAdapter.call(Executors.java:428)
05-03 16:06:03.618  2038  2786 W ErrorProcessor: 	at java.util.concurrent.FutureTask.run(FutureTask.java:237)
05-03 16:06:03.618  2038  2786 W ErrorProcessor: 	at com.google.android.apps.gsa.shared.util.concurrent.a.ak.run(SourceFile:66)
05-03 16:06:03.618  2038  2786 W ErrorProcessor: 	at com.google.android.apps.gsa.shared.util.concurrent.a.ax.run(SourceFile:139)
05-03 16:06:03.618  2038  2786 W ErrorProcessor: 	at com.google.android.apps.gsa.shared.util.concurrent.a.ax.run(SourceFile:139)
05-03 16:06:03.618  2038  2786 W ErrorProcessor: 	... 4 more
05-03 16:06:03.618  2038  2786 I AudioController: internalShutdown
05-03 16:06:03.626  2038  2038 I MicroDetector: Keeping mic open: false
05-03 16:06:03.626  2038  2038 I MicroDetectionWorker: #onError(false)
05-03 16:06:03.626  2038  2787 I DeviceStateChecker: DeviceStateChecker cancelled
05-03 16:06:06.881  2204  2593 W PlatformStatsUtil: Could not retrieve Usage & Diagnostics setting. Giving up.
05-03 16:06:08.633  2038  2038 I MicroDetectionWorker: Micro detection mode: [mDetectionMode: [1]].
05-03 16:06:08.634  2038  2038 I AudioController: Using mInputStreamFactoryBuilder
05-03 16:06:08.659  2038  2790 I MicroRecognitionRunner: Starting detection.
05-03 16:06:08.664  2038  2070 I MicrophoneInputStream: mic_starting com.google.android.apps.gsa.staticplugins.z.c@b99b856
05-03 16:06:08.666  1257  1306 W APM_AudioPolicyManager: getInputForAttr() failed opening input: samplingRate 16000, format 1, channelMask 10
05-03 16:06:08.676  2038  2070 E AudioRecord: Could not get audio input for session 73, record source 1999, sample rate 16000, format 0x1, channel mask 0x10, flags 0
05-03 16:06:08.678  2038  2070 E AudioRecord-JNI: Error creating AudioRecord instance: initialization check failed with status -22.
05-03 16:06:08.679  2038  2070 E android.media.AudioRecord: Error code -20 when initializing native AudioRecord object.
05-03 16:06:08.679  2038  2070 I MicrophoneInputStream: mic_started com.google.android.apps.gsa.staticplugins.z.c@b99b856
05-03 16:06:08.681  2038  2070 E ActivityThread: Failed to find provider info for com.google.android.apps.gsa.testing.ui.audio.recorded
05-03 16:06:08.681  2038  2038 I MicroDetectionWorker: onReady
05-03 16:06:08.689  2038  2070 I MicrophoneInputStream: mic_close com.google.android.apps.gsa.staticplugins.z.c@b99b856
05-03 16:06:08.690  2038  2790 I MicroRecognitionRunner: Detection finished
05-03 16:06:08.690  2038  2790 W ErrorReporter: reportError [type: 211, code: 524300]: Error reading from input stream
05-03 16:06:08.691  2038  2790 W ErrorProcessor: onFatalError, processing error from engine(4)
05-03 16:06:08.691  2038  2790 W ErrorProcessor: com.google.android.apps.gsa.shared.speech.a.g: Error reading from input stream
05-03 16:06:08.691  2038  2790 W ErrorProcessor: 	at com.google.android.apps.gsa.staticplugins.recognizer.i.a.a(SourceFile:342)
05-03 16:06:08.691  2038  2790 W ErrorProcessor: 	at com.google.android.apps.gsa.staticplugins.recognizer.i.a$1.run(SourceFile:1367)
05-03 16:06:08.691  2038  2790 W ErrorProcessor: 	at java.util.concurrent.Executors$RunnableAdapter.call(Executors.java:428)
05-03 16:06:08.691  2038  2790 W ErrorProcessor: 	at java.util.concurrent.FutureTask.run(FutureTask.java:237)
05-03 16:06:08.691  2038  2790 W ErrorProcessor: 	at com.google.android.apps.gsa.shared.util.concurrent.a.ak.run(SourceFile:66)
05-03 16:06:08.691  2038  2790 W ErrorProcessor: 	at java.util.concurrent.ThreadPoolExecutor.runWorker(ThreadPoolExecutor.java:1133)
05-03 16:06:08.691  2038  2790 W ErrorProcessor: 	at java.util.concurrent.ThreadPoolExecutor$Worker.run(ThreadPoolExecutor.java:607)
05-03 16:06:08.691  2038  2790 W ErrorProcessor: 	at java.lang.Thread.run(Thread.java:761)
05-03 16:06:08.691  2038  2790 W ErrorProcessor: 	at com.google.android.apps.gsa.shared.util.concurrent.a.ad$1.run(SourceFile:85)
05-03 16:06:08.691  2038  2790 W ErrorProcessor: Caused by: com.google.android.apps.gsa.shared.exception.GsaIOException: Error code: 393238 | Buffer overflow, no available space.
05-03 16:06:08.691  2038  2790 W ErrorProcessor: 	at com.google.android.apps.gsa.speech.audio.Tee.g(SourceFile:2531)
05-03 16:06:08.691  2038  2790 W ErrorProcessor: 	at com.google.android.apps.gsa.speech.audio.ap.read(SourceFile:555)
05-03 16:06:08.691  2038  2790 W ErrorProcessor: 	at java.io.InputStream.read(InputStream.java:101)
05-03 16:06:08.691  2038  2790 W ErrorProcessor: 	at com.google.android.apps.gsa.speech.audio.al.run(SourceFile:362)
05-03 16:06:08.691  2038  2790 W ErrorProcessor: 	at com.google.android.apps.gsa.speech.audio.ak$1.run(SourceFile:471)
05-03 16:06:08.691  2038  2790 W ErrorProcessor: 	at java.util.concurrent.Executors$RunnableAdapter.call(Executors.java:428)
05-03 16:06:08.691  2038  2790 W ErrorProcessor: 	at java.util.concurrent.FutureTask.run(FutureTask.java:237)
05-03 16:06:08.691  2038  2790 W ErrorProcessor: 	at com.google.android.apps.gsa.shared.util.concurrent.a.ak.run(SourceFile:66)
05-03 16:06:08.691  2038  2790 W ErrorProcessor: 	at com.google.android.apps.gsa.shared.util.concurrent.a.ax.run(SourceFile:139)
05-03 16:06:08.691  2038  2790 W ErrorProcessor: 	at com.google.android.apps.gsa.shared.util.concurrent.a.ax.run(SourceFile:139)
05-03 16:06:08.691  2038  2790 W ErrorProcessor: 	... 4 more
05-03 16:06:08.691  2038  2790 I AudioController: internalShutdown
05-03 16:06:08.692  2038  2183 I MicroRecognitionRunner: Stopping hotword detection.
05-03 16:06:08.696  2038  2038 I MicroDetector: Keeping mic open: false
05-03 16:06:08.696  2038  2038 I MicroDetectionWorker: #onError(false)
05-03 16:06:08.696  2038  2789 I DeviceStateChecker: DeviceStateChecker cancelled
05-03 16:06:12.020  2204  2593 W PlatformStatsUtil: Could not retrieve Usage & Diagnostics setting. Giving up.
05-03 16:06:13.702  2038  2038 I MicroDetectionWorker: Micro detection mode: [mDetectionMode: [1]].
05-03 16:06:13.703  2038  2038 I AudioController: Using mInputStreamFactoryBuilder
05-03 16:06:13.706  2038  2793 I MicroRecognitionRunner: Starting detection.
05-03 16:06:13.707  2038  2070 I MicrophoneInputStream: mic_starting com.google.android.apps.gsa.staticplugins.z.c@4f4cff4
05-03 16:06:13.708  1257  1587 W APM_AudioPolicyManager: getInputForAttr() failed opening input: samplingRate 16000, format 1, channelMask 10
05-03 16:06:13.708  2038  2070 E AudioRecord: Could not get audio input for session 81, record source 1999, sample rate 16000, format 0x1, channel mask 0x10, flags 0
05-03 16:06:13.708  2038  2070 E AudioRecord-JNI: Error creating AudioRecord instance: initialization check failed with status -22.
05-03 16:06:13.708  2038  2070 E android.media.AudioRecord: Error code -20 when initializing native AudioRecord object.
05-03 16:06:13.708  2038  2070 I MicrophoneInputStream: mic_started com.google.android.apps.gsa.staticplugins.z.c@4f4cff4
05-03 16:06:13.709  2038  2070 E ActivityThread: Failed to find provider info for com.google.android.apps.gsa.testing.ui.audio.recorded
05-03 16:06:13.709  2038  2038 I MicroDetectionWorker: onReady
05-03 16:06:13.727  2038  2070 I MicrophoneInputStream: mic_close com.google.android.apps.gsa.staticplugins.z.c@4f4cff4
05-03 16:06:13.727  2038  2793 I MicroRecognitionRunner: Detection finished
05-03 16:06:13.727  2038  2793 W ErrorReporter: reportError [type: 211, code: 524300]: Error reading from input stream
05-03 16:06:13.728  2038  2183 I MicroRecognitionRunner: Stopping hotword detection.
05-03 16:06:13.728  2038  2793 W ErrorProcessor: onFatalError, processing error from engine(4)
05-03 16:06:13.728  2038  2793 W ErrorProcessor: com.google.android.apps.gsa.shared.speech.a.g: Error reading from input stream
05-03 16:06:13.728  2038  2793 W ErrorProcessor: 	at com.google.android.apps.gsa.staticplugins.recognizer.i.a.a(SourceFile:342)
05-03 16:06:13.728  2038  2793 W ErrorProcessor: 	at com.google.android.apps.gsa.staticplugins.recognizer.i.a$1.run(SourceFile:1367)
05-03 16:06:13.728  2038  2793 W ErrorProcessor: 	at java.util.concurrent.Executors$RunnableAdapter.call(Executors.java:428)
05-03 16:06:13.728  2038  2793 W ErrorProcessor: 	at java.util.concurrent.FutureTask.run(FutureTask.java:237)
05-03 16:06:13.728  2038  2793 W ErrorProcessor: 	at com.google.android.apps.gsa.shared.util.concurrent.a.ak.run(SourceFile:66)
05-03 16:06:13.728  2038  2793 W ErrorProcessor: 	at java.util.concurrent.ThreadPoolExecutor.runWorker(ThreadPoolExecutor.java:1133)
05-03 16:06:13.728  2038  2793 W ErrorProcessor: 	at java.util.concurrent.ThreadPoolExecutor$Worker.run(ThreadPoolExecutor.java:607)
05-03 16:06:13.728  2038  2793 W ErrorProcessor: 	at java.lang.Thread.run(Thread.java:761)
05-03 16:06:13.728  2038  2793 W ErrorProcessor: 	at com.google.android.apps.gsa.shared.util.concurrent.a.ad$1.run(SourceFile:85)
05-03 16:06:13.728  2038  2793 W ErrorProcessor: Caused by: com.google.android.apps.gsa.shared.exception.GsaIOException: Error code: 393238 | Buffer overflow, no available space.
05-03 16:06:13.728  2038  2793 W ErrorProcessor: 	at com.google.android.apps.gsa.speech.audio.Tee.g(SourceFile:2531)
05-03 16:06:13.728  2038  2793 W ErrorProcessor: 	at com.google.android.apps.gsa.speech.audio.ap.read(SourceFile:555)
05-03 16:06:13.728  2038  2793 W ErrorProcessor: 	at java.io.InputStream.read(InputStream.java:101)
05-03 16:06:13.728  2038  2793 W ErrorProcessor: 	at com.google.android.apps.gsa.speech.audio.al.run(SourceFile:362)
05-03 16:06:13.728  2038  2793 W ErrorProcessor: 	at com.google.android.apps.gsa.speech.audio.ak$1.run(SourceFile:471)
05-03 16:06:13.728  2038  2793 W ErrorProcessor: 	at java.util.concurrent.Executors$RunnableAdapter.call(Executors.java:428)
05-03 16:06:13.728  2038  2793 W ErrorProcessor: 	at java.util.concurrent.FutureTask.run(FutureTask.java:237)
05-03 16:06:13.728  2038  2793 W ErrorProcessor: 	at com.google.android.apps.gsa.shared.util.concurrent.a.ak.run(SourceFile:66)
05-03 16:06:13.728  2038  2793 W ErrorProcessor: 	at com.google.android.apps.gsa.shared.util.concurrent.a.ax.run(SourceFile:139)
05-03 16:06:13.728  2038  2793 W ErrorProcessor: 	at com.google.android.apps.gsa.shared.util.concurrent.a.ax.run(SourceFile:139)
05-03 16:06:13.728  2038  2793 W ErrorProcessor: 	... 4 more
05-03 16:06:13.728  2038  2793 I AudioController: internalShutdown
05-03 16:06:13.729  2038  2038 I MicroDetector: Keeping mic open: false
05-03 16:06:13.730  2038  2038 I MicroDetectionWorker: #onError(false)
05-03 16:06:13.730  2038  2792 I DeviceStateChecker: DeviceStateChecker cancelled
05-03 16:06:17.170  2204  2593 W PlatformStatsUtil: Could not retrieve Usage & Diagnostics setting. Giving up.
05-03 16:06:18.740  2038  2038 I MicroDetectionWorker: Micro detection mode: [mDetectionMode: [1]].
05-03 16:06:18.741  2038  2038 I AudioController: Using mInputStreamFactoryBuilder
05-03 16:06:18.762  2038  2796 I MicroRecognitionRunner: Starting detection.
05-03 16:06:18.769  2038  2070 I MicrophoneInputStream: mic_starting com.google.android.apps.gsa.staticplugins.z.c@da81b42
05-03 16:06:18.772  1257  1257 W APM_AudioPolicyManager: getInputForAttr() failed opening input: samplingRate 16000, format 1, channelMask 10
05-03 16:06:18.772  2038  2070 E AudioRecord: Could not get audio input for session 89, record source 1999, sample rate 16000, format 0x1, channel mask 0x10, flags 0
05-03 16:06:18.775  2038  2070 E AudioRecord-JNI: Error creating AudioRecord instance: initialization check failed with status -22.
05-03 16:06:18.775  2038  2070 E android.media.AudioRecord: Error code -20 when initializing native AudioRecord object.
05-03 16:06:18.776  2038  2070 I MicrophoneInputStream: mic_started com.google.android.apps.gsa.staticplugins.z.c@da81b42
05-03 16:06:18.780  2038  2070 E ActivityThread: Failed to find provider info for com.google.android.apps.gsa.testing.ui.audio.recorded
05-03 16:06:18.783  2038  2038 I MicroDetectionWorker: onReady
05-03 16:06:18.817  2038  2070 I MicrophoneInputStream: mic_close com.google.android.apps.gsa.staticplugins.z.c@da81b42
05-03 16:06:18.821  2038  2796 I MicroRecognitionRunner: Detection finished
05-03 16:06:18.821  2038  2796 W ErrorReporter: reportError [type: 211, code: 524300]: Error reading from input stream
05-03 16:06:18.823  2038  2183 I MicroRecognitionRunner: Stopping hotword detection.
05-03 16:06:18.824  2038  2796 W ErrorProcessor: onFatalError, processing error from engine(4)
05-03 16:06:18.824  2038  2796 W ErrorProcessor: com.google.android.apps.gsa.shared.speech.a.g: Error reading from input stream
05-03 16:06:18.824  2038  2796 W ErrorProcessor: 	at com.google.android.apps.gsa.staticplugins.recognizer.i.a.a(SourceFile:342)
05-03 16:06:18.824  2038  2796 W ErrorProcessor: 	at com.google.android.apps.gsa.staticplugins.recognizer.i.a$1.run(SourceFile:1367)
05-03 16:06:18.824  2038  2796 W ErrorProcessor: 	at java.util.concurrent.Executors$RunnableAdapter.call(Executors.java:428)
05-03 16:06:18.824  2038  2796 W ErrorProcessor: 	at java.util.concurrent.FutureTask.run(FutureTask.java:237)
05-03 16:06:18.824  2038  2796 W ErrorProcessor: 	at com.google.android.apps.gsa.shared.util.concurrent.a.ak.run(SourceFile:66)
05-03 16:06:18.824  2038  2796 W ErrorProcessor: 	at java.util.concurrent.ThreadPoolExecutor.runWorker(ThreadPoolExecutor.java:1133)
05-03 16:06:18.824  2038  2796 W ErrorProcessor: 	at java.util.concurrent.ThreadPoolExecutor$Worker.run(ThreadPoolExecutor.java:607)
05-03 16:06:18.824  2038  2796 W ErrorProcessor: 	at java.lang.Thread.run(Thread.java:761)
05-03 16:06:18.824  2038  2796 W ErrorProcessor: 	at com.google.android.apps.gsa.shared.util.concurrent.a.ad$1.run(SourceFile:85)
05-03 16:06:18.824  2038  2796 W ErrorProcessor: Caused by: com.google.android.apps.gsa.shared.exception.GsaIOException: Error code: 393238 | Buffer overflow, no available space.
05-03 16:06:18.824  2038  2796 W ErrorProcessor: 	at com.google.android.apps.gsa.speech.audio.Tee.g(SourceFile:2531)
05-03 16:06:18.824  2038  2796 W ErrorProcessor: 	at com.google.android.apps.gsa.speech.audio.ap.read(SourceFile:555)
05-03 16:06:18.824  2038  2796 W ErrorProcessor: 	at java.io.InputStream.read(InputStream.java:101)
05-03 16:06:18.824  2038  2796 W ErrorProcessor: 	at com.google.android.apps.gsa.speech.audio.al.run(SourceFile:362)
05-03 16:06:18.824  2038  2796 W ErrorProcessor: 	at com.google.android.apps.gsa.speech.audio.ak$1.run(SourceFile:471)
05-03 16:06:18.824  2038  2796 W ErrorProcessor: 	at java.util.concurrent.Executors$RunnableAdapter.call(Executors.java:428)
05-03 16:06:18.824  2038  2796 W ErrorProcessor: 	at java.util.concurrent.FutureTask.run(FutureTask.java:237)
05-03 16:06:18.824  2038  2796 W ErrorProcessor: 	at com.google.android.apps.gsa.shared.util.concurrent.a.ak.run(SourceFile:66)
05-03 16:06:18.824  2038  2796 W ErrorProcessor: 	at com.google.android.apps.gsa.shared.util.concurrent.a.ax.run(SourceFile:139)
05-03 16:06:18.824  2038  2796 W ErrorProcessor: 	at com.google.android.apps.gsa.shared.util.concurrent.a.ax.run(SourceFile:139)
05-03 16:06:18.824  2038  2796 W ErrorProcessor: 	... 4 more
05-03 16:06:18.824  2038  2796 I AudioController: internalShutdown
05-03 16:06:18.827  2038  2038 I MicroDetector: Keeping mic open: false
05-03 16:06:18.828  2038  2038 I MicroDetectionWorker: #onError(false)
05-03 16:06:18.828  2038  2795 I DeviceStateChecker: DeviceStateChecker cancelled
05-03 16:06:22.257  2204  2593 W PlatformStatsUtil: Could not retrieve Usage & Diagnostics setting. Giving up.
05-03 16:06:22.264  1490  2632 I ActivityManager: Killing 2361:com.android.managedprovisioning/u0a13 (adj 906): empty #17
05-03 16:06:22.319  1490  1682 D ActivityManager: cleanUpApplicationRecord -- 2361
05-03 16:06:23.838  2038  2038 I MicroDetectionWorker: Micro detection mode: [mDetectionMode: [1]].
05-03 16:06:23.838  2038  2038 I AudioController: Using mInputStreamFactoryBuilder
05-03 16:06:23.847  2038  2800 I MicroRecognitionRunner: Starting detection.
05-03 16:06:23.848  2038  2070 I MicrophoneInputStream: mic_starting com.google.android.apps.gsa.staticplugins.z.c@4c3a5c0
05-03 16:06:23.850  1257  1306 W APM_AudioPolicyManager: getInputForAttr() failed opening input: samplingRate 16000, format 1, channelMask 10
05-03 16:06:23.850  2038  2070 E AudioRecord: Could not get audio input for session 97, record source 1999, sample rate 16000, format 0x1, channel mask 0x10, flags 0
05-03 16:06:23.851  2038  2070 E AudioRecord-JNI: Error creating AudioRecord instance: initialization check failed with status -22.
05-03 16:06:23.851  2038  2070 E android.media.AudioRecord: Error code -20 when initializing native AudioRecord object.
05-03 16:06:23.851  2038  2070 I MicrophoneInputStream: mic_started com.google.android.apps.gsa.staticplugins.z.c@4c3a5c0
05-03 16:06:23.852  2038  2070 E ActivityThread: Failed to find provider info for com.google.android.apps.gsa.testing.ui.audio.recorded
05-03 16:06:23.854  2038  2038 I MicroDetectionWorker: onReady
05-03 16:06:23.865  2038  2070 I MicrophoneInputStream: mic_close com.google.android.apps.gsa.staticplugins.z.c@4c3a5c0
05-03 16:06:23.869  2038  2800 I MicroRecognitionRunner: Detection finished
05-03 16:06:23.869  2038  2800 W ErrorReporter: reportError [type: 211, code: 524300]: Error reading from input stream
05-03 16:06:23.870  2038  2183 I MicroRecognitionRunner: Stopping hotword detection.
05-03 16:06:23.871  2038  2800 W ErrorProcessor: onFatalError, processing error from engine(4)
05-03 16:06:23.871  2038  2800 W ErrorProcessor: com.google.android.apps.gsa.shared.speech.a.g: Error reading from input stream
05-03 16:06:23.871  2038  2800 W ErrorProcessor: 	at com.google.android.apps.gsa.staticplugins.recognizer.i.a.a(SourceFile:342)
05-03 16:06:23.871  2038  2800 W ErrorProcessor: 	at com.google.android.apps.gsa.staticplugins.recognizer.i.a$1.run(SourceFile:1367)
05-03 16:06:23.871  2038  2800 W ErrorProcessor: 	at java.util.concurrent.Executors$RunnableAdapter.call(Executors.java:428)
05-03 16:06:23.871  2038  2800 W ErrorProcessor: 	at java.util.concurrent.FutureTask.run(FutureTask.java:237)
05-03 16:06:23.871  2038  2800 W ErrorProcessor: 	at com.google.android.apps.gsa.shared.util.concurrent.a.ak.run(SourceFile:66)
05-03 16:06:23.871  2038  2800 W ErrorProcessor: 	at java.util.concurrent.ThreadPoolExecutor.runWorker(ThreadPoolExecutor.java:1133)
05-03 16:06:23.871  2038  2800 W ErrorProcessor: 	at java.util.concurrent.ThreadPoolExecutor$Worker.run(ThreadPoolExecutor.java:607)
05-03 16:06:23.871  2038  2800 W ErrorProcessor: 	at java.lang.Thread.run(Thread.java:761)
05-03 16:06:23.871  2038  2800 W ErrorProcessor: 	at com.google.android.apps.gsa.shared.util.concurrent.a.ad$1.run(SourceFile:85)
05-03 16:06:23.871  2038  2800 W ErrorProcessor: Caused by: com.google.android.apps.gsa.shared.exception.GsaIOException: Error code: 393238 | Buffer overflow, no available space.
05-03 16:06:23.871  2038  2800 W ErrorProcessor: 	at com.google.android.apps.gsa.speech.audio.Tee.g(SourceFile:2531)
05-03 16:06:23.871  2038  2800 W ErrorProcessor: 	at com.google.android.apps.gsa.speech.audio.ap.read(SourceFile:555)
05-03 16:06:23.871  2038  2800 W ErrorProcessor: 	at java.io.InputStream.read(InputStream.java:101)
05-03 16:06:23.871  2038  2800 W ErrorProcessor: 	at com.google.android.apps.gsa.speech.audio.al.run(SourceFile:362)
05-03 16:06:23.871  2038  2800 W ErrorProcessor: 	at com.google.android.apps.gsa.speech.audio.ak$1.run(SourceFile:471)
05-03 16:06:23.871  2038  2800 W ErrorProcessor: 	at java.util.concurrent.Executors$RunnableAdapter.call(Executors.java:428)
05-03 16:06:23.871  2038  2800 W ErrorProcessor: 	at java.util.concurrent.FutureTask.run(FutureTask.java:237)
05-03 16:06:23.871  2038  2800 W ErrorProcessor: 	at com.google.android.apps.gsa.shared.util.concurrent.a.ak.run(SourceFile:66)
05-03 16:06:23.871  2038  2800 W ErrorProcessor: 	at com.google.android.apps.gsa.shared.util.concurrent.a.ax.run(SourceFile:139)
05-03 16:06:23.871  2038  2800 W ErrorProcessor: 	at com.google.android.apps.gsa.shared.util.concurrent.a.ax.run(SourceFile:139)
05-03 16:06:23.871  2038  2800 W ErrorProcessor: 	... 4 more
05-03 16:06:23.871  2038  2800 I AudioController: internalShutdown
05-03 16:06:23.874  2038  2038 I MicroDetector: Keeping mic open: false
05-03 16:06:23.875  2038  2038 I MicroDetectionWorker: #onError(false)
05-03 16:06:23.875  2038  2799 I DeviceStateChecker: DeviceStateChecker cancelled
05-03 16:06:27.326  2204  2593 W PlatformStatsUtil: Could not retrieve Usage & Diagnostics setting. Giving up.
05-03 16:06:27.426  1921  2806 I VacuumService: Vacuum at: now=1493852787424 tag=VacuumService
05-03 16:06:27.503  1267  1287 D WVCdm   : Instantiating CDM.
05-03 16:06:27.503  1267  1267 I WVCdm   : CdmEngine::OpenSession
05-03 16:06:27.504  1267  1267 I WVCdm   : Level3 Library 4464 Sep 10 2016 21:49:53
05-03 16:06:27.505  1267  1267 W WVCdm   : Could not load liboemcrypto.so. Falling back to L3.  dlopen failed: library "liboemcrypto.so" not found
05-03 16:06:27.509  1267  1267 I WVCdm   : CdmEngine::QueryKeyControlInfo
05-03 16:06:27.510  1267  2387 I WVCdm   : CdmEngine::GenerateKeyRequest
05-03 16:06:27.510  1267  2387 D WVCdm   : PrepareKeyRequest: nonce=2520755165
05-03 16:06:27.575  1267  1287 I WVCdm   : CdmEngine::CloseSession
05-03 16:06:27.644  2346  2346 W Binder:2346_1: type=1400 audit(0.0:12): avc: denied { read } for name="/" dev="tmpfs" ino=1028 scontext=u:r:priv_app:s0:c512,c768 tcontext=u:object_r:device:s0 tclass=dir permissive=0
05-03 16:06:27.659  2346  2358 D         : HostConnection::get() New Host Connection established 0x7d0ec2fd1ba0, tid 2358
05-03 16:06:27.993  1921  2648 E NetworkScheduler.ATC: Provided calling package not found: com.google.android.apps.photos
05-03 16:06:28.877  2038  2038 I MicroDetectionWorker: Micro detection mode: [mDetectionMode: [1]].
05-03 16:06:28.877  2038  2038 I AudioController: Using mInputStreamFactoryBuilder
05-03 16:06:28.880  2038  2820 I MicroRecognitionRunner: Starting detection.
05-03 16:06:28.881  2038  2070 I MicrophoneInputStream: mic_starting com.google.android.apps.gsa.staticplugins.z.c@6e406ee
05-03 16:06:28.882  1257  1587 W APM_AudioPolicyManager: getInputForAttr() failed opening input: samplingRate 16000, format 1, channelMask 10
05-03 16:06:28.882  2038  2070 E AudioRecord: Could not get audio input for session 105, record source 1999, sample rate 16000, format 0x1, channel mask 0x10, flags 0
05-03 16:06:28.882  2038  2070 E AudioRecord-JNI: Error creating AudioRecord instance: initialization check failed with status -22.
05-03 16:06:28.882  2038  2070 E android.media.AudioRecord: Error code -20 when initializing native AudioRecord object.
05-03 16:06:28.882  2038  2070 I MicrophoneInputStream: mic_started com.google.android.apps.gsa.staticplugins.z.c@6e406ee
05-03 16:06:28.883  2038  2070 E ActivityThread: Failed to find provider info for com.google.android.apps.gsa.testing.ui.audio.recorded
05-03 16:06:28.883  2038  2038 I MicroDetectionWorker: onReady
05-03 16:06:28.894  2038  2070 I MicrophoneInputStream: mic_close com.google.android.apps.gsa.staticplugins.z.c@6e406ee
05-03 16:06:28.894  2038  2820 I MicroRecognitionRunner: Detection finished
05-03 16:06:28.894  2038  2820 W ErrorReporter: reportError [type: 211, code: 524300]: Error reading from input stream
05-03 16:06:28.894  2038  2183 I MicroRecognitionRunner: Stopping hotword detection.
05-03 16:06:28.895  2038  2820 W ErrorProcessor: onFatalError, processing error from engine(4)
05-03 16:06:28.895  2038  2820 W ErrorProcessor: com.google.android.apps.gsa.shared.speech.a.g: Error reading from input stream
05-03 16:06:28.895  2038  2820 W ErrorProcessor: 	at com.google.android.apps.gsa.staticplugins.recognizer.i.a.a(SourceFile:342)
05-03 16:06:28.895  2038  2820 W ErrorProcessor: 	at com.google.android.apps.gsa.staticplugins.recognizer.i.a$1.run(SourceFile:1367)
05-03 16:06:28.895  2038  2820 W ErrorProcessor: 	at java.util.concurrent.Executors$RunnableAdapter.call(Executors.java:428)
05-03 16:06:28.895  2038  2820 W ErrorProcessor: 	at java.util.concurrent.FutureTask.run(FutureTask.java:237)
05-03 16:06:28.895  2038  2820 W ErrorProcessor: 	at com.google.android.apps.gsa.shared.util.concurrent.a.ak.run(SourceFile:66)
05-03 16:06:28.895  2038  2820 W ErrorProcessor: 	at java.util.concurrent.ThreadPoolExecutor.runWorker(ThreadPoolExecutor.java:1133)
05-03 16:06:28.895  2038  2820 W ErrorProcessor: 	at java.util.concurrent.ThreadPoolExecutor$Worker.run(ThreadPoolExecutor.java:607)
05-03 16:06:28.895  2038  2820 W ErrorProcessor: 	at java.lang.Thread.run(Thread.java:761)
05-03 16:06:28.895  2038  2820 W ErrorProcessor: 	at com.google.android.apps.gsa.shared.util.concurrent.a.ad$1.run(SourceFile:85)
05-03 16:06:28.895  2038  2820 W ErrorProcessor: Caused by: com.google.android.apps.gsa.shared.exception.GsaIOException: Error code: 393238 | Buffer overflow, no available space.
05-03 16:06:28.895  2038  2820 W ErrorProcessor: 	at com.google.android.apps.gsa.speech.audio.Tee.g(SourceFile:2531)
05-03 16:06:28.895  2038  2820 W ErrorProcessor: 	at com.google.android.apps.gsa.speech.audio.ap.read(SourceFile:555)
05-03 16:06:28.895  2038  2820 W ErrorProcessor: 	at java.io.InputStream.read(InputStream.java:101)
05-03 16:06:28.895  2038  2820 W ErrorProcessor: 	at com.google.android.apps.gsa.speech.audio.al.run(SourceFile:362)
05-03 16:06:28.895  2038  2820 W ErrorProcessor: 	at com.google.android.apps.gsa.speech.audio.ak$1.run(SourceFile:471)
05-03 16:06:28.895  2038  2820 W ErrorProcessor: 	at java.util.concurrent.Executors$RunnableAdapter.call(Executors.java:428)
05-03 16:06:28.895  2038  2820 W ErrorProcessor: 	at java.util.concurrent.FutureTask.run(FutureTask.java:237)
05-03 16:06:28.895  2038  2820 W ErrorProcessor: 	at com.google.android.apps.gsa.shared.util.concurrent.a.ak.run(SourceFile:66)
05-03 16:06:28.895  2038  2820 W ErrorProcessor: 	at com.google.android.apps.gsa.shared.util.concurrent.a.ax.run(SourceFile:139)
05-03 16:06:28.895  2038  2820 W ErrorProcessor: 	at com.google.android.apps.gsa.shared.util.concurrent.a.ax.run(SourceFile:139)
05-03 16:06:28.895  2038  2820 W ErrorProcessor: 	... 4 more
05-03 16:06:28.895  2038  2820 I AudioController: internalShutdown
05-03 16:06:28.896  2038  2038 I MicroDetector: Keeping mic open: false
05-03 16:06:28.896  2038  2038 I MicroDetectionWorker: #onError(false)
05-03 16:06:28.896  2038  2819 I DeviceStateChecker: DeviceStateChecker cancelled
05-03 16:06:29.000  1751  2380 I OmtpVvmCarrierCfgHlpr: OmtpEvent:CONFIG_STATUS_SMS_TIME_OUT
05-03 16:06:29.000  1751  1751 I RetryPolicy: discarding deferred status: configuration_state=4
05-03 16:06:29.001  1751  1751 D VvmTaskScheduler: No more tasks, stopping service if no task are added in 5000 millis
05-03 16:06:29.001  1751  1751 D VvmTaskScheduler: create task:com.android.phone.vvm.omtp.ActivationTask
05-03 16:06:29.002  1751  1751 D RetryPolicy: retry #1 for com.android.phone.vvm.omtp.ActivationTask@90d00bd queued, executing in 5000
05-03 16:06:29.003  1751  1751 D VvmTaskScheduler: minimal wait time:5000
05-03 16:06:29.003  1751  1751 D VvmTaskScheduler: minimal wait time:4999
05-03 16:06:32.390  2204  2593 W PlatformStatsUtil: Could not retrieve Usage & Diagnostics setting. Giving up.
05-03 16:06:33.904  2038  2038 I MicroDetectionWorker: Micro detection mode: [mDetectionMode: [1]].
05-03 16:06:33.905  2038  2038 I AudioController: Using mInputStreamFactoryBuilder
05-03 16:06:33.916  2038  2823 I MicroRecognitionRunner: Starting detection.
05-03 16:06:33.917  2038  2070 I MicrophoneInputStream: mic_starting com.google.android.apps.gsa.staticplugins.z.c@bb6424c
05-03 16:06:33.918  1257  1257 W APM_AudioPolicyManager: getInputForAttr() failed opening input: samplingRate 16000, format 1, channelMask 10
05-03 16:06:33.919  2038  2070 E AudioRecord: Could not get audio input for session 113, record source 1999, sample rate 16000, format 0x1, channel mask 0x10, flags 0
05-03 16:06:33.922  2038  2070 E AudioRecord-JNI: Error creating AudioRecord instance: initialization check failed with status -22.
05-03 16:06:33.922  2038  2070 E android.media.AudioRecord: Error code -20 when initializing native AudioRecord object.
05-03 16:06:33.922  2038  2070 I MicrophoneInputStream: mic_started com.google.android.apps.gsa.staticplugins.z.c@bb6424c
05-03 16:06:33.925  2038  2070 E ActivityThread: Failed to find provider info for com.google.android.apps.gsa.testing.ui.audio.recorded
05-03 16:06:33.926  2038  2038 I MicroDetectionWorker: onReady
05-03 16:06:33.964  2038  2823 I MicroRecognitionRunner: Detection finished
05-03 16:06:33.965  2038  2823 W ErrorReporter: reportError [type: 211, code: 524300]: Error reading from input stream
05-03 16:06:33.968  2038  2183 I MicroRecognitionRunner: Stopping hotword detection.
05-03 16:06:33.969  2038  2070 I MicrophoneInputStream: mic_close com.google.android.apps.gsa.staticplugins.z.c@bb6424c
05-03 16:06:33.970  2038  2823 W ErrorProcessor: onFatalError, processing error from engine(4)
05-03 16:06:33.970  2038  2823 W ErrorProcessor: com.google.android.apps.gsa.shared.speech.a.g: Error reading from input stream
05-03 16:06:33.970  2038  2823 W ErrorProcessor: 	at com.google.android.apps.gsa.staticplugins.recognizer.i.a.a(SourceFile:342)
05-03 16:06:33.970  2038  2823 W ErrorProcessor: 	at com.google.android.apps.gsa.staticplugins.recognizer.i.a$1.run(SourceFile:1367)
05-03 16:06:33.970  2038  2823 W ErrorProcessor: 	at java.util.concurrent.Executors$RunnableAdapter.call(Executors.java:428)
05-03 16:06:33.970  2038  2823 W ErrorProcessor: 	at java.util.concurrent.FutureTask.run(FutureTask.java:237)
05-03 16:06:33.970  2038  2823 W ErrorProcessor: 	at com.google.android.apps.gsa.shared.util.concurrent.a.ak.run(SourceFile:66)
05-03 16:06:33.970  2038  2823 W ErrorProcessor: 	at java.util.concurrent.ThreadPoolExecutor.runWorker(ThreadPoolExecutor.java:1133)
05-03 16:06:33.970  2038  2823 W ErrorProcessor: 	at java.util.concurrent.ThreadPoolExecutor$Worker.run(ThreadPoolExecutor.java:607)
05-03 16:06:33.970  2038  2823 W ErrorProcessor: 	at java.lang.Thread.run(Thread.java:761)
05-03 16:06:33.970  2038  2823 W ErrorProcessor: 	at com.google.android.apps.gsa.shared.util.concurrent.a.ad$1.run(SourceFile:85)
05-03 16:06:33.970  2038  2823 W ErrorProcessor: Caused by: com.google.android.apps.gsa.shared.exception.GsaIOException: Error code: 393238 | Buffer overflow, no available space.
05-03 16:06:33.970  2038  2823 W ErrorProcessor: 	at com.google.android.apps.gsa.speech.audio.Tee.g(SourceFile:2531)
05-03 16:06:33.970  2038  2823 W ErrorProcessor: 	at com.google.android.apps.gsa.speech.audio.ap.read(SourceFile:555)
05-03 16:06:33.970  2038  2823 W ErrorProcessor: 	at java.io.InputStream.read(InputStream.java:101)
05-03 16:06:33.970  2038  2823 W ErrorProcessor: 	at com.google.android.apps.gsa.speech.audio.al.run(SourceFile:362)
05-03 16:06:33.970  2038  2823 W ErrorProcessor: 	at com.google.android.apps.gsa.speech.audio.ak$1.run(SourceFile:471)
05-03 16:06:33.970  2038  2823 W ErrorProcessor: 	at java.util.concurrent.Executors$RunnableAdapter.call(Executors.java:428)
05-03 16:06:33.970  2038  2823 W ErrorProcessor: 	at java.util.concurrent.FutureTask.run(FutureTask.java:237)
05-03 16:06:33.970  2038  2823 W ErrorProcessor: 	at com.google.android.apps.gsa.shared.util.concurrent.a.ak.run(SourceFile:66)
05-03 16:06:33.970  2038  2823 W ErrorProcessor: 	at com.google.android.apps.gsa.shared.util.concurrent.a.ax.run(SourceFile:139)
05-03 16:06:33.970  2038  2823 W ErrorProcessor: 	at com.google.android.apps.gsa.shared.util.concurrent.a.ax.run(SourceFile:139)
05-03 16:06:33.970  2038  2823 W ErrorProcessor: 	... 4 more
05-03 16:06:33.970  2038  2823 I AudioController: internalShutdown
05-03 16:06:33.975  2038  2038 I MicroDetector: Keeping mic open: false
05-03 16:06:33.976  2038  2038 I MicroDetectionWorker: #onError(false)
05-03 16:06:33.977  2038  2822 I DeviceStateChecker: DeviceStateChecker cancelled
05-03 16:06:34.015  1751  2380 V VvmTaskScheduler: executing task com.android.phone.vvm.omtp.ActivationTask@90d00bd
05-03 16:06:34.059  1751  2380 I VvmActivationTask: VVM content provider configured - vvm_type_cvvm
05-03 16:06:34.059  1751  2380 I OmtpVvmCarrierCfgHlpr: OmtpEvent:CONFIG_ACTIVATING
05-03 16:06:34.100  1751  2380 V OmtpMessageSender: Sending BINARY sms 'Activate:dt=15' to 122:1808
05-03 16:06:34.115  1751  1751 D VvmStatusSmsFetcher: Request SMS successfully sent
05-03 16:06:37.491  2204  2593 W PlatformStatsUtil: Could not retrieve Usage & Diagnostics setting. Giving up.
05-03 16:06:38.979  2038  2038 I MicroDetectionWorker: Micro detection mode: [mDetectionMode: [1]].
05-03 16:06:38.980  2038  2038 I AudioController: Using mInputStreamFactoryBuilder
05-03 16:06:38.992  2038  2827 I MicroRecognitionRunner: Starting detection.
05-03 16:06:38.995  2038  2070 I MicrophoneInputStream: mic_starting com.google.android.apps.gsa.staticplugins.z.c@946a75a
05-03 16:06:38.999  1257  1306 W APM_AudioPolicyManager: getInputForAttr() failed opening input: samplingRate 16000, format 1, channelMask 10
05-03 16:06:38.999  2038  2070 E AudioRecord: Could not get audio input for session 121, record source 1999, sample rate 16000, format 0x1, channel mask 0x10, flags 0
05-03 16:06:38.999  2038  2070 E AudioRecord-JNI: Error creating AudioRecord instance: initialization check failed with status -22.
05-03 16:06:38.999  2038  2070 E android.media.AudioRecord: Error code -20 when initializing native AudioRecord object.
05-03 16:06:39.000  2038  2070 I MicrophoneInputStream: mic_started com.google.android.apps.gsa.staticplugins.z.c@946a75a
05-03 16:06:39.004  2038  2070 E ActivityThread: Failed to find provider info for com.google.android.apps.gsa.testing.ui.audio.recorded
05-03 16:06:39.005  2038  2038 I MicroDetectionWorker: onReady
05-03 16:06:39.038  2038  2070 I MicrophoneInputStream: mic_close com.google.android.apps.gsa.staticplugins.z.c@946a75a
05-03 16:06:39.039  2038  2827 I MicroRecognitionRunner: Detection finished
05-03 16:06:39.039  2038  2827 W ErrorReporter: reportError [type: 211, code: 524300]: Error reading from input stream
05-03 16:06:39.040  2038  2183 I MicroRecognitionRunner: Stopping hotword detection.
05-03 16:06:39.041  2038  2827 W ErrorProcessor: onFatalError, processing error from engine(4)
05-03 16:06:39.041  2038  2827 W ErrorProcessor: com.google.android.apps.gsa.shared.speech.a.g: Error reading from input stream
05-03 16:06:39.041  2038  2827 W ErrorProcessor: 	at com.google.android.apps.gsa.staticplugins.recognizer.i.a.a(SourceFile:342)
