05-03 16:05:19.250  1490  1490 W PackageParser: Ignoring duplicate uses-permissions/uses-permissions-sdk-m: android.permission.WRITE_SYNC_SETTINGS in package: com.android.settings at: Binary XML file line #59
05-03 16:05:19.267  1490  1490 W PackageParser: Ignoring duplicate uses-permissions/uses-permissions-sdk-m: android.permission.INSTALL_GRANT_RUNTIME_PERMISSIONS in package: com.android.shell at: Binary XML file line #102
05-03 16:05:19.287  1490  1490 W PackageParser: Ignoring duplicate uses-permissions/uses-permissions-sdk-m: android.permission.CONFIGURE_WIFI_DISPLAY in package: com.android.systemui at: Binary XML file line #117
05-03 16:05:19.335  1490  1490 W PackageParser: Ignoring duplicate uses-permissions/uses-permissions-sdk-m: android.permission.READ_PHONE_STATE in package: com.google.android.googlequicksearchbox at: Binary XML file line #143
05-03 16:05:19.335  1490  1490 W PackageParser: Ignoring duplicate uses-permissions/uses-permissions-sdk-m: android.permission.CAMERA in package: com.google.android.googlequicksearchbox at: Binary XML file line #144
05-03 16:05:19.343  1490  1490 W PackageManager: Permission com.google.android.launcher.permission.READ_SETTINGS from package com.google.android.googlequicksearchbox in an unknown group android.permission-group.SYSTEM_TOOLS
05-03 16:05:19.343  1490  1490 W PackageManager: Permission com.google.android.launcher.permission.WRITE_SETTINGS from package com.google.android.googlequicksearchbox in an unknown group android.permission-group.SYSTEM_TOOLS
05-03 16:05:19.343  1490  1490 W PackageManager: Permission com.android.launcher.permission.INSTALL_SHORTCUT from package com.google.android.googlequicksearchbox in an unknown group android.permission-group.SYSTEM_TOOLS
05-03 16:05:19.355  1490  1490 W PackageManager: Non-privileged app; cap priority to 0; package: com.android.calendar activity: com.android.calendar.GoogleCalendarUriIntentFilter origPrio: 50
05-03 16:05:19.375  1490  1490 W PackageManager: Permission com.android.chrome.permission.DEBUG from package com.android.chrome in an unknown group android.permission-group.DEVELOPMENT_TOOLS
05-03 16:05:19.377  1490  1490 W PackageManager: Non-privileged app; cap priority to 0; package: com.android.cts.ctsshim activity: com.android.cts.ctsshim.InstallPriority origPrio: 100
05-03 16:05:19.377  1490  1490 W PackageManager: Non-privileged app; cap priority to 0; package: com.android.cts.ctsshim activity: com.android.cts.ctsshim.InstallPriority origPrio: 100
05-03 16:05:19.377  1490  1490 W PackageManager: Non-privileged app; cap priority to 0; package: com.android.cts.ctsshim activity: com.android.cts.ctsshim.InstallPriority origPrio: 100
05-03 16:05:19.377  1490  1490 W PackageManager: Non-privileged app; cap priority to 0; package: com.android.cts.ctsshim activity: com.android.cts.ctsshim.InstallPriority origPrio: 100
05-03 16:05:19.377  1490  1490 W PackageManager: Non-privileged app; cap priority to 0; package: com.android.cts.ctsshim activity: com.android.cts.ctsshim.InstallPriority origPrio: 100
05-03 16:05:19.399  1490  1490 W PackageParser: Ignoring duplicate uses-permissions/uses-permissions-sdk-m: android.permission.WRITE_CONTACTS in package: com.android.email at: Binary XML file line #40
05-03 16:05:19.445  1490  1490 W PackageManager: Permission com.android.vending.CHECK_LICENSE from package com.android.vending in an unknown group android.permission-group.NETWORK
05-03 16:05:19.460  1490  1490 W PackageParser: Ignoring duplicate uses-permissions/uses-permissions-sdk-m: android.permission.WAKE_LOCK in package: com.google.android.apps.maps at: Binary XML file line #120
05-03 16:05:19.547  1490  1490 D PackageManager: No files in app dir /system/vendor/app
05-03 16:05:19.547  1490  1490 D PackageManager: No files in app dir /oem/app
05-03 16:05:19.562  1490  1490 W PackageParser: No actions in intent filter at /data/app/ApiDemos/ApiDemos.apk Binary XML file line #3145
05-03 16:05:19.562  1490  1490 W PackageParser: No actions in intent filter at /data/app/ApiDemos/ApiDemos.apk Binary XML file line #3151
05-03 16:05:19.562  1490  1490 W PackageManager: Package com.example.android.apis desires unavailable shared library com.example.will.never.exist; ignoring!
05-03 16:05:19.563  1490  1490 I SELinux : SELinux: Loaded file_contexts contexts from /file_contexts.bin.
05-03 16:05:19.609  1490  1490 D PackageManager: No files in app dir /data/app-private
05-03 16:05:19.609  1490  1490 D PackageManager: No files in app dir /data/app-ephemeral
05-03 16:05:19.610  1490  1490 E PackageManager: There should probably be exactly one setup wizard; found 0: matches=[]
05-03 16:05:19.610  1490  1490 W PackageManager: Protected action; cap priority to 0; package: com.android.cts.priv.ctsshim activity: com.android.cts.priv.ctsshim.InstallPriority origPrio: 100
05-03 16:05:19.610  1490  1490 W PackageManager: Protected action; cap priority to 0; package: com.android.cts.priv.ctsshim activity: com.android.cts.priv.ctsshim.InstallPriority origPrio: 100
05-03 16:05:19.610  1490  1490 W PackageManager: Protected action; cap priority to 0; package: com.android.cts.priv.ctsshim activity: com.android.cts.priv.ctsshim.InstallPriority origPrio: 100
05-03 16:05:19.610  1490  1490 W PackageManager: Protected action; cap priority to 0; package: com.android.cts.priv.ctsshim activity: com.android.cts.priv.ctsshim.InstallPriority origPrio: 100
05-03 16:05:19.610  1490  1490 W PackageManager: Protected action; cap priority to 0; package: com.google.android.gms activity: com.google.android.gms.appinvite.AppInviteAcceptInvitationActivity origPrio: 900
05-03 16:05:19.610  1490  1490 W PackageManager: Protected action; cap priority to 0; package: com.google.android.gms activity: com.google.android.gms.appinvite.AppInviteAcceptInvitationActivity origPrio: 900
05-03 16:05:19.610  1490  1490 W PackageManager: Protected action; cap priority to 0; package: com.google.android.gms activity: com.google.android.gms.tapandpay.tokenization.AddNewCardThroughBrowserActivity origPrio: 999
05-03 16:05:19.610  1490  1490 W PackageManager: Protected action; cap priority to 0; package: com.google.android.gms activity: com.google.android.gms.walletp2p.feature.transfer.TransferMoneyActivity origPrio: 900
05-03 16:05:19.610  1490  1490 W PackageManager: Package com.google.android.gms desires unavailable shared library com.google.android.ble; ignoring!
05-03 16:05:19.610  1490  1490 W PackageManager: Package com.example.android.apis desires unavailable shared library com.example.will.never.exist; ignoring!
05-03 16:05:19.610  1490  1490 I PackageManager: Adjusting ABI for com.android.providers.media to x86_64 (requirer=com.android.mtp, scannedPackage=null)
05-03 16:05:19.611  1490  1490 I PackageManager: Adjusting ABI for com.android.gallery to x86_64 (requirer=com.android.mtp, scannedPackage=null)
05-03 16:05:19.611  1490  1490 I PackageManager: Adjusting ABI for com.android.providers.downloads.ui to x86_64 (requirer=com.android.mtp, scannedPackage=null)
05-03 16:05:19.611  1490  1490 I PackageManager: Adjusting ABI for com.android.providers.downloads to x86_64 (requirer=com.android.mtp, scannedPackage=null)
05-03 16:05:19.611  1490  1490 I PackageManager: Adjusting ABI for com.google.android.gsf to x86_64 (requirer=com.google.android.gms, scannedPackage=null)
05-03 16:05:19.612  1490  1490 I PackageManager: Adjusting ABI for com.google.android.gsf.login to x86_64 (requirer=com.google.android.gms, scannedPackage=null)
05-03 16:05:19.612  1490  1490 I PackageManager: Adjusting ABI for com.android.server.telecom to x86_64 (requirer=android, scannedPackage=null)
05-03 16:05:19.612  1490  1490 I PackageManager: Adjusting ABI for com.android.inputdevices to x86_64 (requirer=android, scannedPackage=null)
05-03 16:05:19.612  1490  1490 I PackageManager: Adjusting ABI for com.android.wallpaperbackup to x86_64 (requirer=android, scannedPackage=null)
05-03 16:05:19.613  1490  1490 I PackageManager: Adjusting ABI for com.android.keychain to x86_64 (requirer=android, scannedPackage=null)
05-03 16:05:19.613  1490  1490 I PackageManager: Adjusting ABI for com.android.location.fused to x86_64 (requirer=android, scannedPackage=null)
05-03 16:05:19.613  1490  1490 I PackageManager: Adjusting ABI for com.android.providers.settings to x86_64 (requirer=android, scannedPackage=null)
05-03 16:05:19.613  1490  1490 I PackageManager: Adjusting ABI for com.android.settings to x86_64 (requirer=android, scannedPackage=null)
05-03 16:05:19.614  1490  1490 I PackageManager: Time to scan packages: 0.564 seconds
05-03 16:05:19.614  1490  1490 W PackageManager: Unknown permission com.google.android.launcher.permission.CONTENT_REDIRECT in package com.google.android.googlequicksearchbox
05-03 16:05:19.614  1490  1490 W PackageManager: Unknown permission com.google.android.voicesearch.SHORTCUTS_ACCESS in package com.google.android.googlequicksearchbox
05-03 16:05:19.614  1490  1490 W PackageManager: Unknown permission com.google.android.voicesearch.ACCESS_SETTINGS in package com.google.android.googlequicksearchbox
05-03 16:05:19.614  1490  1490 W PackageManager: Unknown permission com.android.browser.permission.PRELOAD in package com.google.android.googlequicksearchbox
05-03 16:05:19.614  1490  1490 W PackageManager: Unknown permission com.google.android.ears.permission.WRITE in package com.google.android.googlequicksearchbox
05-03 16:05:19.614  1490  1490 W PackageManager: Unknown permission com.google.android.apps.googlevoice.permission.AUTO_SEND in package com.google.android.googlequicksearchbox
05-03 16:05:19.614  1490  1490 W PackageManager: Unknown permission com.google.android.gm.permission.AUTO_SEND in package com.google.android.googlequicksearchbox
05-03 16:05:19.614  1490  1490 W PackageManager: Unknown permission com.google.android.gm.permission.READ_GMAIL in package com.google.android.googlequicksearchbox
05-03 16:05:19.614  1490  1490 W PackageManager: Unknown permission com.google.android.hangouts.START_HANGOUT in package com.google.android.googlequicksearchbox
05-03 16:05:19.615  1490  1490 W PackageManager: Unknown permission com.android.chrome.PRERENDER_URL in package com.google.android.googlequicksearchbox
05-03 16:05:19.615  1490  1490 W PackageManager: Not granting permission com.google.android.googleapps.permission.GOOGLE_AUTH to package com.android.providers.calendar (protectionLevel=2 flags=0x30083e45)
05-03 16:05:19.615  1490  1490 W PackageManager: Not granting permission com.google.android.googleapps.permission.GOOGLE_AUTH.cl to package com.android.providers.calendar (protectionLevel=2 flags=0x30083e45)
05-03 16:05:19.615  1490  1490 W PackageManager: Not granting permission com.google.android.googleapps.permission.GOOGLE_AUTH.mail to package com.android.calendar (protectionLevel=2 flags=0x3009be45)
05-03 16:05:19.615  1490  1490 W PackageManager: Not granting permission android.permission.INTERACT_ACROSS_USERS to package com.google.android.syncadapters.contacts (protectionLevel=50 flags=0x38083e45)
05-03 16:05:19.615  1490  1490 W PackageManager: Unknown permission com.google.android.syncadapters.contacts.permission.GAL_SEARCH in package com.google.android.syncadapters.contacts
05-03 16:05:19.615  1490  1490 W PackageManager: Unknown permission com.chrome.permission.DEVICE_EXTRAS in package com.android.chrome
05-03 16:05:19.615  1490  1490 W PackageManager: Unknown permission com.sec.enterprise.knox.MDM_CONTENT_PROVIDER in package com.android.chrome
05-03 16:05:19.615  1490  1490 W PackageManager: Unknown permission com.google.android.apps.enterprise.dmagent.permission.AutoSyncPermission in package com.google.android.gms
05-03 16:05:19.615  1490  1490 W PackageManager: Unknown permission com.google.android.hangouts.START_HANGOUT in package com.google.android.gms
05-03 16:05:19.615  1490  1490 W PackageManager: Unknown permission com.google.android.wearable.READ_SETTINGS in package com.google.android.gms
05-03 16:05:19.615  1490  1490 W PackageManager: Unknown permission com.android.vending.setup.PLAY_SETUP_SERVICE in package com.google.android.gms
05-03 16:05:19.615  1490  1490 W PackageManager: Unknown permission com.google.android.vending.verifier.ACCESS_VERIFIER in package com.google.android.gms
05-03 16:05:19.615  1490  1490 W PackageManager: Unknown permission com.google.android.gm.permission.READ_GMAIL in package com.google.android.gms
05-03 16:05:19.616  1490  1490 W PackageManager: Unknown permission com.google.android.permission.INSTALL_WEARABLE_PACKAGES in package com.android.packageinstaller
05-03 16:05:19.616  1490  1490 W PackageManager: Unknown permission com.android.launcher.permission.READ_SETTINGS in package com.google.android.apps.nexuslauncher
05-03 16:05:19.616  1490  1490 W PackageManager: Not granting permission android.permission.DELETE_PACKAGES to package com.svox.pico (protectionLevel=18 flags=0x3808be45)
05-03 16:05:19.616  1490  1490 W PackageManager: Not granting permission android.permission.READ_CONTACTS to package com.example.android.apis because it was previously installed without
05-03 16:05:19.616  1490  1490 W PackageManager: Not granting permission android.permission.WRITE_CONTACTS to package com.example.android.apis because it was previously installed without
05-03 16:05:19.616  1490  1490 W PackageManager: Not granting permission android.permission.ACCESS_COARSE_LOCATION to package com.example.android.apis because it was previously installed without
05-03 16:05:19.616  1490  1490 W PackageManager: Not granting permission android.permission.WRITE_EXTERNAL_STORAGE to package com.example.android.apis because it was previously installed without
05-03 16:05:19.616  1490  1490 W PackageManager: Not granting permission android.permission.SEND_SMS to package com.example.android.apis because it was previously installed without
05-03 16:05:19.616  1490  1490 W PackageManager: Not granting permission android.permission.RECEIVE_SMS to package com.example.android.apis because it was previously installed without
05-03 16:05:19.616  1490  1490 W PackageManager: Not granting permission android.permission.RECEIVE_MMS to package com.example.android.apis because it was previously installed without
05-03 16:05:19.616  1490  1490 W PackageManager: Not granting permission android.permission.READ_SMS to package com.example.android.apis because it was previously installed without
05-03 16:05:19.616  1490  1490 W PackageManager: Not granting permission android.permission.READ_PHONE_STATE to package com.example.android.apis because it was previously installed without
05-03 16:05:19.616  1490  1490 W PackageManager: Not granting permission android.permission.RECORD_AUDIO to package com.example.android.apis because it was previously installed without
05-03 16:05:19.616  1490  1490 W PackageManager: Not granting permission android.permission.CAMERA to package com.example.android.apis because it was previously installed without
05-03 16:05:19.616  1490  1490 W PackageManager: Not granting permission android.permission.READ_EXTERNAL_STORAGE to package com.example.android.apis because it was previously installed without
05-03 16:05:19.616  1490  1490 W PackageManager: Unknown permission android.permission.RUN_INSTRUMENTATION in package org.chromium.webview_shell
05-03 16:05:19.616  1490  1490 W PackageManager: Not granting permission android.permission.CONTROL_KEYGUARD to package com.google.android.gsf.login (protectionLevel=2 flags=0x3048be45)
05-03 16:05:19.616  1490  1490 W PackageManager: Unknown permission com.android.vending.billing.BILLING_ACCOUNT_SERVICE in package com.google.android.gsf.login
05-03 16:05:19.616  1490  1490 W PackageManager: Unknown permission com.android.vending.billing.ADD_CREDIT_CARD in package com.google.android.gsf.login
05-03 16:05:19.616  1490  1490 W PackageManager: Unknown permission com.android.vending.billing.IBillingAccountService.BIND2 in package com.google.android.gsf.login
05-03 16:05:19.616  1490  1490 W PackageManager: Unknown permission com.android.vending.TOS_ACKED in package com.google.android.gsf.login
05-03 16:05:19.616  1490  1490 W PackageManager: Unknown permission com.android.launcher.permission.READ_SETTINGS in package com.android.settings
05-03 16:05:19.616  1490  1490 W PackageManager: Unknown permission com.android.launcher.permission.WRITE_SETTINGS in package com.android.settings
05-03 16:05:19.616  1490  1490 W PackageManager: Unknown permission com.android.smspush.WAPPUSH_MANAGER_BIND in package com.android.phone
05-03 16:05:19.617  1490  1490 W PackageManager: Not granting permission android.permission.BIND_APPWIDGET to package com.android.widgetpreview (protectionLevel=18 flags=0x1808be44)
05-03 16:05:19.617  1490  1490 V PackageManager: reconcileAppsData for null u0 0x3
05-03 16:05:19.618  1260  1260 I SELinux : SELinux: Loaded file_contexts contexts from /file_contexts.bin.
05-03 16:05:19.750  1258  1258 I ServiceManager: Waiting for service media.camera.proxy...
05-03 16:05:19.815  1490  1490 V PackageManager: reconcileAppsData finished 94 packages
05-03 16:05:19.855  1490  1490 E PackageManager: There should probably be a verifier, but, none were found
05-03 16:05:19.858  1490  1490 V PackageManager: Ephemeral resolver found; pkg: com.google.android.gms, info:ResolveInfo{9e5b770 com.google.android.gms/.chimera.PersistentBoundBrokerService m=0x108000}
05-03 16:05:19.858  1490  1490 I PackageManager: Ephemeral activated; resolver: ComponentInfo{com.google.android.gms/com.google.android.gms.chimera.PersistentBoundBrokerService} installer:ComponentInfo{com.google.android.gms/com.google.android.gms.instantapps.routing.EphemeralInstallerActivity}
05-03 16:05:19.858  1490  1490 D PackageManager: Set ephemeral installer activity: ComponentInfo{com.google.android.gms/com.google.android.gms.instantapps.routing.EphemeralInstallerActivity}
05-03 16:05:19.859  1490  1490 I art     : Starting a blocking GC Explicit
05-03 16:05:19.875  1490  1490 I art     : Explicit concurrent mark sweep GC freed 35738(2MB) AllocSpace objects, 4(80KB) LOS objects, 28% free, 9MB/13MB, paused 728us total 15.114ms
05-03 16:05:19.876  1490  1490 I SystemServer: StartOtaDexOptService
05-03 16:05:19.878  1490  1490 I SystemServer: StartUserManagerService
05-03 16:05:19.878  1490  1490 I SystemServiceManager: Starting com.android.server.pm.UserManagerService$LifeCycle
05-03 16:05:19.889  1241  1241 I lowmemorykiller: ActivityManager connected
05-03 16:05:19.890  1490  1490 D SensorService: nuSensorService starting...
05-03 16:05:19.896  1490  1551 D SensorService: nuSensorService thread starting...
05-03 16:05:19.897  1490  1490 I SystemServiceManager: Starting com.android.server.BatteryService
05-03 16:05:19.898  1490  1550 D SensorService: new thread SensorEventAckReceiver
05-03 16:05:19.902  1490  1517 E BatteryStatsService: power: gPowerModule not loaded
05-03 16:05:19.902  1490  1490 I SystemServiceManager: Starting com.android.server.usage.UsageStatsService
05-03 16:05:19.907  1490  1490 I SystemServiceManager: Starting com.android.server.webkit.WebViewUpdateService
05-03 16:05:19.910  1490  1490 I SystemServer: Reading configuration...
05-03 16:05:19.910  1490  1490 I SystemServer: StartSchedulingPolicyService
05-03 16:05:19.911  1490  1490 I SystemServiceManager: Starting com.android.server.telecom.TelecomLoaderService
05-03 16:05:19.911  1490  1490 I SystemServer: StartTelephonyRegistry
05-03 16:05:19.911  1490  1512 E KernelCpuSpeedReader: Failed to read cpu-freq: /sys/devices/system/cpu/cpu0/cpufreq/stats/time_in_state (No such file or directory)
05-03 16:05:19.912  1490  1512 E KernelUidCpuTimeReader: Failed to read uid_cputime: /proc/uid_cputime/show_uid_stat (No such file or directory)
05-03 16:05:19.914  1490  1490 I SystemServer: StartEntropyMixer
05-03 16:05:19.915  1490  1490 I EntropyMixer: Writing entropy...
05-03 16:05:19.933  1490  1490 I SystemServer: Camera Service
05-03 16:05:19.934  1490  1490 I SystemServiceManager: Starting com.android.server.camera.CameraService
05-03 16:05:19.935  1490  1554 I ServiceThread: Enabled StrictMode logging for CameraService_proxy looper.
05-03 16:05:19.935  1490  1490 I SystemServer: StartAccountManagerService
05-03 16:05:19.936  1490  1490 I SystemServiceManager: Starting com.android.server.accounts.AccountManagerService$Lifecycle
05-03 16:05:19.942  1490  1490 I SystemServer: StartContentService
05-03 16:05:19.942  1490  1490 I SystemServiceManager: Starting com.android.server.content.ContentService$Lifecycle
05-03 16:05:19.943  1490  1490 I SystemServer: InstallSystemProviders
05-03 16:05:19.947  1490  1490 W System  : ClassLoader referenced unknown path: /system/priv-app/SettingsProvider/lib/x86_64
05-03 16:05:19.959  1490  1490 I SystemServer: StartVibratorService
05-03 16:05:19.959  1490  1490 E VibratorService: Couldn't load vibrator module (No such file or directory)
05-03 16:05:19.959  1490  1490 W VibratorService: Tried to stop vibrating but there is no vibrator device.
05-03 16:05:19.960  1490  1490 I SystemServer: StartConsumerIrService
05-03 16:05:19.960  1490  1490 E ConsumerIrService: Can't open consumer IR HW Module, error: -2
05-03 16:05:19.960  1490  1490 I SystemServer: StartAlarmManagerService
05-03 16:05:19.960  1490  1490 I SystemServiceManager: Starting com.android.server.AlarmManagerService
05-03 16:05:19.961  1490  1490 W AlarmManagerService: no wall clock RTC found
05-03 16:05:19.961  1490  1490 D AlarmManagerService: Kernel timezone updated to 420 minutes west of GMT
05-03 16:05:19.963  1490  1490 I SystemServer: InitWatchdog
05-03 16:05:19.963  1490  1490 I SystemServer: StartInputManagerService
05-03 16:05:19.964  1490  1490 I InputManager: Initializing input manager, mUseDevInputEventForAudioJack=false
05-03 16:05:19.964  1490  1490 I SystemServer: StartWindowManagerService
05-03 16:05:19.979  1490  1525 I WindowManager: No existing display settings /data/system/display_settings.xml; starting empty
05-03 16:05:19.993  1490  1490 I SystemServer: StartVrManagerService
05-03 16:05:19.993  1490  1490 I SystemServiceManager: Starting com.android.server.vr.VrManagerService
05-03 16:05:20.001  1490  1490 W VrManagerService: init_native: Could not open VR hardware module, error No such file or directory (-2).
05-03 16:05:20.003  1490  1490 I InputManager: Starting input manager
05-03 16:05:20.005  1490  1490 I SystemServer: No Bluetooth Service (emulator)
05-03 16:05:20.005  1490  1490 I SystemServer: ConnectivityMetricsLoggerService
05-03 16:05:20.005  1490  1490 I SystemServiceManager: Starting com.android.server.connectivity.MetricsLoggerService
05-03 16:05:20.006  1490  1562 D EventHub: No input device configuration file found for device 'Power Button'.
05-03 16:05:20.008  1490  1562 W EventHub: Unable to disable kernel key repeat for /dev/input/event0: Function not implemented
05-03 16:05:20.008  1490  1562 I EventHub: New device: id=1, fd=91, path='/dev/input/event0', name='Power Button', classes=0x1, configuration='', keyLayout='/system/usr/keylayout/Generic.kl', keyCharacterMap='/system/usr/keychars/Generic.kcm', builtinKeyboard=false, wakeMechanism=EPOLLWAKEUP, usingClockIoctl=true
05-03 16:05:20.010  1490  1562 W EventHub: Unable to disable kernel key repeat for /dev/input/event1: Function not implemented
05-03 16:05:20.010  1490  1562 I EventHub: New device: id=2, fd=92, path='/dev/input/event1', name='qwerty2', classes=0x17, configuration='/system/usr/idc/qwerty2.idc', keyLayout='/system/usr/keylayout/qwerty.kl', keyCharacterMap='/system/usr/keychars/qwerty2.kcm', builtinKeyboard=true, wakeMechanism=EPOLLWAKEUP, usingClockIoctl=true
05-03 16:05:20.010  1490  1562 E EventHub: could not get driver version for /dev/input/mice, Not a typewriter
05-03 16:05:20.012  1490  1490 I SystemServer: IpConnectivityMetrics
05-03 16:05:20.012  1490  1490 I SystemServiceManager: Starting com.android.server.connectivity.IpConnectivityMetrics
05-03 16:05:20.012  1490  1490 I SystemServer: PinnerService
05-03 16:05:20.012  1490  1490 I SystemServiceManager: Starting com.android.server.PinnerService
05-03 16:05:20.013  1490  1490 I SystemServiceManager: Starting com.android.server.InputMethodManagerService$Lifecycle
05-03 16:05:20.025  1490  1504 E BatteryStatsService: power: gPowerModule not loaded
05-03 16:05:20.026  1490  1512 E KernelCpuSpeedReader: Failed to read cpu-freq: /sys/devices/system/cpu/cpu0/cpufreq/stats/time_in_state (No such file or directory)
05-03 16:05:20.026  1490  1512 E KernelUidCpuTimeReader: Failed to read uid_cputime: /proc/uid_cputime/show_uid_stat (No such file or directory)
05-03 16:05:20.031  1490  1562 I InputReader: Device added: id=-1, name='Virtual', sources=0x00000301
05-03 16:05:20.032  1490  1562 I InputReader:   Touch device 'qwerty2' could not query the properties of its associated display.  The device will be inoperable until the display size becomes available.
05-03 16:05:20.032  1490  1562 I InputReader: Device added: id=0, name='qwerty2', sources=0x00001103
05-03 16:05:20.032  1490  1562 I InputReader: Device added: id=1, name='Power Button', sources=0x00000101
05-03 16:05:20.037  1490  1490 I SystemServer: StartAccessibilityManagerService
05-03 16:05:20.047  1490  1490 I ActivityManager: Config changes=1df8 {1.0 ?mcc?mnc [en_US] ldltr sw411dp w411dp h731dp 560dpi nrml long port ?uimode ?night -touch qwerty/v/v -nav/h s.2}
05-03 16:05:20.052  1490  1490 I ActivityManager: Config changes=508 {1.0 ?mcc?mnc [en_US] ldltr sw411dp w411dp h659dp 560dpi nrml port ?uimode ?night finger qwerty/v/v -nav/h s.3}
05-03 16:05:20.052  1490  1511 I UsageStatsService: User[0] Rollover scheduled @ 2017-05-04 16:05:20(1493939120047)
05-03 16:05:20.053  1490  1511 E AppIdleHistory: Unable to read app idle file for user 0
05-03 16:05:20.069  1490  1490 I SystemServiceManager: Starting com.android.server.MountService$Lifecycle
05-03 16:05:20.070  1490  1562 I InputReader: Reconfiguring input devices.  changes=0x00000004
05-03 16:05:20.070  1490  1562 I InputReader: Device reconfigured: id=0, name='qwerty2', size 1440x2560, orientation 0, mode 1, display id 0
05-03 16:05:20.077  1490  1490 I SystemServiceManager: Starting com.android.server.UiModeManagerService
05-03 16:05:20.078  1490  1490 I ActivityManager: Config changes=200 {1.0 ?mcc?mnc [en_US] ldltr sw411dp w411dp h659dp 560dpi nrml port finger qwerty/v/v -nav/h s.4}
05-03 16:05:20.082  1490  1490 I SystemServer: StartLockSettingsService
05-03 16:05:20.087  1490  1490 I SystemServiceManager: Starting com.android.server.LockSettingsService$Lifecycle
05-03 16:05:20.090  1490  1565 D MountService: Thinking about init, mSystemReady=false, mDaemonConnected=true
05-03 16:05:20.090  1490  1565 D MountService: Thinking about reset, mSystemReady=false, mDaemonConnected=true
05-03 16:05:20.091  1490  1565 D MountService: Thinking about init, mSystemReady=false, mDaemonConnected=true
05-03 16:05:20.091  1490  1565 D MountService: Thinking about reset, mSystemReady=false, mDaemonConnected=true
05-03 16:05:20.092  1490  1565 D CryptdConnector: SND -> {1 cryptfs getfield SystemLocale}
05-03 16:05:20.097  1490  1490 I SystemServiceManager: Starting com.android.server.DeviceIdleController
05-03 16:05:20.101  1490  1490 I SystemServiceManager: Starting com.android.server.devicepolicy.DevicePolicyManagerService$Lifecycle
05-03 16:05:20.111  1490  1490 I SystemServer: StartStatusBarManagerService
05-03 16:05:20.113  1490  1567 D CryptdConnector: RCV <- {200 1 -1}
05-03 16:05:20.122  1490  1565 W MountService: No primary storage mounted!
05-03 16:05:20.122  1490  1565 D VoldConnector: SND -> {1 asec list}
05-03 16:05:20.122  1490  1566 D VoldConnector: RCV <- {200 1 asec operation succeeded}
05-03 16:05:20.123  1490  1565 I PackageManager: No secure containers found
05-03 16:05:20.123  1490  1565 W PackageManager: Unknown permission com.google.android.launcher.permission.CONTENT_REDIRECT in package com.google.android.googlequicksearchbox
05-03 16:05:20.123  1490  1565 W PackageManager: Unknown permission com.google.android.voicesearch.SHORTCUTS_ACCESS in package com.google.android.googlequicksearchbox
05-03 16:05:20.123  1490  1565 W PackageManager: Unknown permission com.google.android.voicesearch.ACCESS_SETTINGS in package com.google.android.googlequicksearchbox
05-03 16:05:20.123  1490  1565 W PackageManager: Unknown permission com.android.browser.permission.PRELOAD in package com.google.android.googlequicksearchbox
05-03 16:05:20.123  1490  1565 W PackageManager: Unknown permission com.google.android.ears.permission.WRITE in package com.google.android.googlequicksearchbox
05-03 16:05:20.123  1490  1565 W PackageManager: Unknown permission com.google.android.apps.googlevoice.permission.AUTO_SEND in package com.google.android.googlequicksearchbox
05-03 16:05:20.123  1490  1565 W PackageManager: Unknown permission com.google.android.gm.permission.AUTO_SEND in package com.google.android.googlequicksearchbox
05-03 16:05:20.123  1490  1565 W PackageManager: Unknown permission com.google.android.gm.permission.READ_GMAIL in package com.google.android.googlequicksearchbox
05-03 16:05:20.123  1490  1565 W PackageManager: Unknown permission com.google.android.hangouts.START_HANGOUT in package com.google.android.googlequicksearchbox
05-03 16:05:20.123  1490  1565 W PackageManager: Unknown permission com.android.chrome.PRERENDER_URL in package com.google.android.googlequicksearchbox
05-03 16:05:20.123  1490  1565 W PackageManager: Not granting permission com.google.android.googleapps.permission.GOOGLE_AUTH to package com.android.providers.calendar (protectionLevel=2 flags=0x30083e45)
05-03 16:05:20.123  1490  1565 W PackageManager: Not granting permission com.google.android.googleapps.permission.GOOGLE_AUTH.cl to package com.android.providers.calendar (protectionLevel=2 flags=0x30083e45)
05-03 16:05:20.124  1490  1565 W PackageManager: Not granting permission com.google.android.googleapps.permission.GOOGLE_AUTH.mail to package com.android.calendar (protectionLevel=2 flags=0x3009be45)
05-03 16:05:20.124  1490  1565 W PackageManager: Not granting permission android.permission.INTERACT_ACROSS_USERS to package com.google.android.syncadapters.contacts (protectionLevel=50 flags=0x38083e45)
05-03 16:05:20.124  1490  1565 W PackageManager: Unknown permission com.google.android.syncadapters.contacts.permission.GAL_SEARCH in package com.google.android.syncadapters.contacts
05-03 16:05:20.124  1490  1565 W PackageManager: Unknown permission com.chrome.permission.DEVICE_EXTRAS in package com.android.chrome
05-03 16:05:20.124  1490  1565 W PackageManager: Unknown permission com.sec.enterprise.knox.MDM_CONTENT_PROVIDER in package com.android.chrome
05-03 16:05:20.124  1490  1565 W PackageManager: Unknown permission com.google.android.apps.enterprise.dmagent.permission.AutoSyncPermission in package com.google.android.gms
05-03 16:05:20.124  1490  1565 W PackageManager: Unknown permission com.google.android.hangouts.START_HANGOUT in package com.google.android.gms
05-03 16:05:20.124  1490  1565 W PackageManager: Unknown permission com.google.android.wearable.READ_SETTINGS in package com.google.android.gms
05-03 16:05:20.124  1490  1565 W PackageManager: Unknown permission com.android.vending.setup.PLAY_SETUP_SERVICE in package com.google.android.gms
05-03 16:05:20.124  1490  1565 W PackageManager: Unknown permission com.google.android.vending.verifier.ACCESS_VERIFIER in package com.google.android.gms
05-03 16:05:20.124  1490  1565 W PackageManager: Unknown permission com.google.android.gm.permission.READ_GMAIL in package com.google.android.gms
05-03 16:05:20.124  1490  1565 W PackageManager: Unknown permission com.google.android.permission.INSTALL_WEARABLE_PACKAGES in package com.android.packageinstaller
05-03 16:05:20.124  1490  1565 W PackageManager: Unknown permission com.android.launcher.permission.READ_SETTINGS in package com.google.android.apps.nexuslauncher
05-03 16:05:20.124  1490  1565 W PackageManager: Not granting permission android.permission.DELETE_PACKAGES to package com.svox.pico (protectionLevel=18 flags=0x3808be45)
05-03 16:05:20.124  1490  1565 W PackageManager: Not granting permission android.permission.READ_CONTACTS to package com.example.android.apis because it was previously installed without
05-03 16:05:20.124  1490  1565 W PackageManager: Not granting permission android.permission.WRITE_CONTACTS to package com.example.android.apis because it was previously installed without
05-03 16:05:20.125  1490  1565 W PackageManager: Not granting permission android.permission.ACCESS_COARSE_LOCATION to package com.example.android.apis because it was previously installed without
05-03 16:05:20.125  1490  1565 W PackageManager: Not granting permission android.permission.WRITE_EXTERNAL_STORAGE to package com.example.android.apis because it was previously installed without
05-03 16:05:20.125  1490  1565 W PackageManager: Not granting permission android.permission.SEND_SMS to package com.example.android.apis because it was previously installed without
05-03 16:05:20.125  1490  1565 W PackageManager: Not granting permission android.permission.RECEIVE_SMS to package com.example.android.apis because it was previously installed without
05-03 16:05:20.125  1490  1565 W PackageManager: Not granting permission android.permission.RECEIVE_MMS to package com.example.android.apis because it was previously installed without
05-03 16:05:20.125  1490  1565 W PackageManager: Not granting permission android.permission.READ_SMS to package com.example.android.apis because it was previously installed without
05-03 16:05:20.125  1490  1565 W PackageManager: Not granting permission android.permission.READ_PHONE_STATE to package com.example.android.apis because it was previously installed without
05-03 16:05:20.125  1490  1565 W PackageManager: Not granting permission android.permission.RECORD_AUDIO to package com.example.android.apis because it was previously installed without
05-03 16:05:20.125  1490  1565 W PackageManager: Not granting permission android.permission.CAMERA to package com.example.android.apis because it was previously installed without
05-03 16:05:20.125  1490  1565 W PackageManager: Not granting permission android.permission.READ_EXTERNAL_STORAGE to package com.example.android.apis because it was previously installed without
05-03 16:05:20.125  1490  1565 W PackageManager: Unknown permission android.permission.RUN_INSTRUMENTATION in package org.chromium.webview_shell
05-03 16:05:20.125  1490  1565 W PackageManager: Not granting permission android.permission.CONTROL_KEYGUARD to package com.google.android.gsf.login (protectionLevel=2 flags=0x3048be45)
05-03 16:05:20.125  1490  1565 W PackageManager: Unknown permission com.android.vending.billing.BILLING_ACCOUNT_SERVICE in package com.google.android.gsf.login
05-03 16:05:20.125  1490  1565 W PackageManager: Unknown permission com.android.vending.billing.ADD_CREDIT_CARD in package com.google.android.gsf.login
05-03 16:05:20.125  1490  1565 W PackageManager: Unknown permission com.android.vending.billing.IBillingAccountService.BIND2 in package com.google.android.gsf.login
05-03 16:05:20.125  1490  1565 W PackageManager: Unknown permission com.android.vending.TOS_ACKED in package com.google.android.gsf.login
05-03 16:05:20.125  1490  1565 W PackageManager: Unknown permission com.android.launcher.permission.READ_SETTINGS in package com.android.settings
05-03 16:05:20.125  1490  1565 W PackageManager: Unknown permission com.android.launcher.permission.WRITE_SETTINGS in package com.android.settings
05-03 16:05:20.125  1490  1565 W PackageManager: Unknown permission com.android.smspush.WAPPUSH_MANAGER_BIND in package com.android.phone
05-03 16:05:20.125  1490  1565 W PackageManager: Not granting permission android.permission.BIND_APPWIDGET to package com.android.widgetpreview (protectionLevel=18 flags=0x1808be44)
05-03 16:05:20.131  1490  1490 I SystemServer: StartClipboardService
05-03 16:05:20.133  1490  1490 I SystemServer: StartNetworkManagementService
05-03 16:05:20.134  1490  1569 I NetworkManagement: onDaemonConnected()
05-03 16:05:20.135  1490  1490 I SystemServiceManager: Starting com.android.server.TextServicesManagerService$Lifecycle
05-03 16:05:20.177  1490  1490 I SystemServer: StartNetworkScoreService
05-03 16:05:20.178  1490  1490 I SystemServer: StartNetworkStatsService
05-03 16:05:20.182  1490  1490 I SystemServer: StartNetworkPolicyManagerService
05-03 16:05:20.186  1490  1490 I SystemServer: No Wi-Fi NAN Service (NAN support Not Present)
05-03 16:05:20.192  1490  1490 I SystemServiceManager: Starting com.android.server.wifi.p2p.WifiP2pService
05-03 16:05:20.203  1490  1490 I WifiP2pService: Registering wifip2p
05-03 16:05:20.204  1490  1490 I SystemServiceManager: Starting com.android.server.wifi.WifiService
05-03 16:05:20.211  1490  1565 W MountService: No primary storage defined yet; hacking together a stub
05-03 16:05:20.211  1490  1565 W MountService: No primary storage defined yet; hacking together a stub
05-03 16:05:20.212  1490  1565 W MountService: No primary storage mounted!
05-03 16:05:20.212  1490  1565 D VoldConnector: SND -> {2 asec list}
05-03 16:05:20.212  1490  1566 D VoldConnector: RCV <- {200 2 asec operation succeeded}
05-03 16:05:20.250  1490  1490 D HS20    : Passpoint is disabled
05-03 16:05:20.272  1490  1575 E IpManager.wlan0: Failed to disable IPv6java.lang.IllegalStateException: command '1 interface ipv6 wlan0 disable' failed with '400 1 Failed to change IPv6 state (No such file or directory)'
05-03 16:05:20.272  1270  1548 D CommandListener: Clearing all IP addresses on wlan0
05-03 16:05:20.475  1490  1490 E WifiLogger: no ring buffers found
05-03 16:05:20.475  1490  1490 E WifiLogger: Failed to start packet fate monitoring
05-03 16:05:20.476  1490  1574 D WifiApConfigStore: 2G band allowed channels are:1,6,11
05-03 16:05:20.486  1490  1490 D WifiController: isAirplaneModeOn = false, isWifiEnabled = false, isScanningAvailable = false
05-03 16:05:20.488  1490  1490 I WifiService: Registering wifi
05-03 16:05:20.494  1490  1490 I SystemServiceManager: Starting com.android.server.wifi.scanner.WifiScanningService
05-03 16:05:20.495  1490  1490 I WifiScanningService: Creating wifiscanner
05-03 16:05:20.499  1490  1490 I WifiScanningService: Publishing wifiscanner
05-03 16:05:20.502  1490  1490 I SystemServiceManager: Starting com.android.server.wifi.RttService
05-03 16:05:20.503  1490  1490 I RttService: Creating rttmanager
05-03 16:05:20.505  1490  1490 I RttService: Starting rttmanager
05-03 16:05:20.506  1490  1490 I SystemServer: StartConnectivityService
05-03 16:05:20.514  1490  1490 D ConnectivityService: ConnectivityService starting up
05-03 16:05:20.521  1490  1490 D ConnectivityService: wifiOnly=false
05-03 16:05:20.537  1490  1490 I SystemServer: StartNsdService
05-03 16:05:20.542  1490  1490 I SystemServer: StartUpdateLockService
05-03 16:05:20.543  1490  1490 I SystemServiceManager: Starting com.android.server.RecoverySystemService
05-03 16:05:20.544  1490  1490 I SystemServiceManager: Starting com.android.server.notification.NotificationManagerService
05-03 16:05:20.555  1490  1490 D ConditionProviders.SCP: new ScheduleConditionProvider()
05-03 16:05:20.557  1490  1490 D ZenLog  : config: readXml,ZenModeConfig[user=0,allowCalls=true,allowRepeatCallers=false,allowMessages=false,allowCallsFrom=contacts,allowMessagesFrom=contacts,allowReminders=true,allowEvents=true,allowWhenScreenOff=true,allowWhenScreenOn=true,automaticRules={55823fa58f2644ee8f5ba9740ba5b452=ZenRule[enabled=false,snoozing=false,name=Weekend,zenMode=ZEN_MODE_ALARMS,conditionId=condition://android/schedule?days=6.7&start=23.30&end=10.0&exitAtAlarm=false,condition=Condition[id=condition://android/schedule?days=6.7&start=23.30&end=10.0&exitAtAlarm=false,summary=...,line1=...,line2=...,icon=0,state=STATE_FALSE,flags=2],component=ComponentInfo{android/com.android.server.notification.ScheduleConditionProvider},id=55823fa58f2644ee8f5ba9740ba5b452,creationTime=1493847989299,enabler=null], a5aaed42181041c297b2c4354675c94e=ZenRule[enabled=false,snoozing=false,name=Event,zenMode=ZEN_MODE_ALARMS,conditionId=condition://android/event?userId=-10000&calendar=&reply=1,condition=Condition[id=condition://android/event?userId=-10000&calendar=&reply=1,summary=...,line1=...,line2=...,icon=0,state=STATE_FALSE,flags=2],component=ComponentInfo{android/com.android.server.notification.EventConditionProvider},id=a5aaed42181041c297b2c4354675c94e,creationTime=1493847989300,enabler=null], 5b11e8d00aff478f96a186e6cd8ad909=ZenRule[enabled=false,snoozing=false,name=Weeknight,zenMode=ZEN_MODE_ALARMS,conditionId=condition://android/schedule?days=1.2.3.4.5&start=22.0&end=7.0&exitAtAlarm=false,condition=Condition[id=condition://android/schedule?days=1.2.3.4.5&start=22.0&end=7.0&exitAtAlarm=false,summary=...,line1=...,line2=...,icon=0,state=STATE_FALSE,flags=2],component=ComponentInfo{android/com.android.server.notification.ScheduleConditionProvider},id=5b11e8d00aff478f96a186e6cd8ad909,creationTime=1493847989299,enabler=null]},manualRule=null],Diff[automaticRule[1f0b4139134140218f8215a17aab6d9b]:delete,automaticRule[55823fa58f2644ee8f5ba9740ba5b452]:insert,automaticRule[ec82dd19e95248d1bb3b00a0e3baf1ce]:delete,automaticRule[06c51b2d4e66480387702c01ad0a7145]:delete,automaticRule[a5aaed42181041c297b2c4354675c94e]:insert,automaticRule[5b11e8d00aff478f96a186e6cd8ad909]:insert]
05-03 16:05:20.561  1490  1490 D ZenLog  : set_zen_mode: off,init
05-03 16:05:20.562  1490  1490 I SystemServiceManager: Starting com.android.server.storage.DeviceStorageMonitorService
05-03 16:05:20.563  1490  1490 I SystemServer: StartLocationManagerService
05-03 16:05:20.565  1490  1490 I SystemServer: StartCountryDetectorService
05-03 16:05:20.566  1490  1490 I SystemServer: StartSearchManagerService
05-03 16:05:20.566  1490  1490 I SystemServiceManager: Starting com.android.server.search.SearchManagerService$Lifecycle
05-03 16:05:20.567  1490  1490 I SystemServiceManager: Starting com.android.server.DropBoxManagerService
05-03 16:05:20.568  1490  1490 I SystemServer: StartWallpaperManagerService
05-03 16:05:20.568  1490  1490 I SystemServiceManager: Starting com.android.server.wallpaper.WallpaperManagerService$Lifecycle
05-03 16:05:20.569  1490  1490 E BitmapFactory: Unable to decode stream: java.io.FileNotFoundException: /data/system/users/0/wallpaper_orig (No such file or directory)
05-03 16:05:20.569  1490  1490 E WallpaperManagerService: Invalid wallpaper data
05-03 16:05:20.569  1490  1490 E WallpaperManagerService: Unable to apply new wallpaper
05-03 16:05:20.569  1490  1490 I SystemServer: StartAudioService
05-03 16:05:20.570  1490  1490 I SystemServiceManager: Starting com.android.server.audio.AudioService$Lifecycle
05-03 16:05:20.574  1257  1306 D PermissionCache: checking android.permission.MODIFY_AUDIO_SETTINGS for uid=1000 => granted (370 us)
05-03 16:05:20.576  1490  1490 W TelecomManager: Telecom Service not found.
05-03 16:05:20.577  1257  1302 W AudioFlinger: no wake lock to update, system not ready yet
05-03 16:05:20.584  1490  1490 I SystemServiceManager: Starting com.android.server.DockObserver
05-03 16:05:20.585  1490  1490 W DockObserver: This kernel does not have dock station support
05-03 16:05:20.586  1490  1490 I SystemServer: StartWiredAccessoryManager
05-03 16:05:20.587  1490  1490 W WiredAccessoryManager: This kernel does not have wired headset support
05-03 16:05:20.587  1490  1490 W WiredAccessoryManager: This kernel does not have usb audio support
05-03 16:05:20.587  1490  1490 W WiredAccessoryManager: This kernel does not have HDMI audio support
05-03 16:05:20.587  1490  1490 I SystemServiceManager: Starting com.android.server.midi.MidiService$Lifecycle
05-03 16:05:20.591  1490  1490 I SystemServiceManager: Starting com.android.server.usb.UsbService$Lifecycle
05-03 16:05:20.594  1490  1490 E AlsaCardRecord: Failed to parse line 0 of /proc/asound/cards: ---
05-03 16:05:20.595  1490  1490 I SystemServer: StartSerialService
05-03 16:05:20.596  1490  1490 E HardwarePropertiesManagerService-JNI: Couldn't load thermal module (No such file or directory)
05-03 16:05:20.596  1490  1490 I SystemServiceManager: Starting com.android.server.twilight.TwilightService
05-03 16:05:20.596  1490  1490 I SystemServiceManager: Starting com.android.server.job.JobSchedulerService
05-03 16:05:20.598  1490  1490 D JobStore: Start tag: job-info
05-03 16:05:20.600  1490  1490 I SystemServiceManager: Starting com.android.server.soundtrigger.SoundTriggerService
05-03 16:05:20.601  1490  1490 I SystemServiceManager: Starting com.android.server.backup.BackupManagerService$Lifecycle
05-03 16:05:20.602  1490  1490 I SystemServiceManager: Starting com.android.server.appwidget.AppWidgetService
05-03 16:05:20.605  1490  1490 I SystemServiceManager: Starting com.android.server.voiceinteraction.VoiceInteractionManagerService
05-03 16:05:20.606  1490  1490 I SystemServer: Gesture Launcher Service
05-03 16:05:20.606  1490  1490 I SystemServiceManager: Starting com.android.server.GestureLauncherService
05-03 16:05:20.607  1490  1490 I SystemServiceManager: Starting com.android.server.SensorNotificationService
05-03 16:05:20.607  1490  1490 I SystemServiceManager: Starting com.android.server.ContextHubSystemService
05-03 16:05:20.608  1490  1490 E ContextHubService: ** Could not load context_hub module : err No such file or directory
05-03 16:05:20.608  1490  1490 W ContextHubService: No Context Hub Module present
05-03 16:05:20.608  1490  1490 I SystemServer: StartDiskStatsService
05-03 16:05:20.608  1490  1490 I SystemServer: StartSamplingProfilerService
05-03 16:05:20.621  1490  1490 I SystemServer: StartNetworkTimeUpdateService
05-03 16:05:20.621  1490  1490 I SystemServer: StartCommonTimeManagementService
05-03 16:05:20.622  1490  1490 I SystemServer: CertBlacklister
05-03 16:05:20.622  1490  1490 I SystemServiceManager: Starting com.android.server.emergency.EmergencyAffordanceService
05-03 16:05:20.623  1490  1490 I SystemServiceManager: Starting com.android.server.dreams.DreamManagerService
05-03 16:05:20.624  1490  1490 I SystemServer: StartAssetAtlasService
05-03 16:05:20.625  1490  1490 I SystemServiceManager: Starting com.android.server.print.PrintManagerService
05-03 16:05:20.626  1490  1589 D AssetAtlas: Loaded configuration: SliceShortAxis (1408x1088) flags=0x2 count=91
05-03 16:05:20.626  1243  1253 D gralloc_ranchu: gralloc_alloc: format 1 and usage 0x100 imply creation of host color buffer
05-03 16:05:20.627  1243  1253 D         : HostConnection::get() New Host Connection established 0x75764902f940, tid 1253
05-03 16:05:20.627  1490  1490 I SystemServiceManager: Starting com.android.server.restrictions.RestrictionsManagerService
05-03 16:05:20.628  1490  1490 I SystemServiceManager: Starting com.android.server.media.MediaSessionService
05-03 16:05:20.638  1490  1490 I SystemServer: StartMediaRouterService
05-03 16:05:20.639  1490  1490 I SystemServiceManager: Starting com.android.server.trust.TrustManagerService
05-03 16:05:20.654  1490  1490 I SystemServiceManager: Starting com.android.server.fingerprint.FingerprintService
05-03 16:05:20.661  1490  1589 D         : HostConnection::get() New Host Connection established 0x7d0ec1118c00, tid 1589
05-03 16:05:20.661  1490  1589 W         : Process pipe failed
05-03 16:05:20.662  1272  1272 D PermissionCache: checking android.permission.MANAGE_FINGERPRINT for uid=1000 => granted (268 us)
05-03 16:05:20.662  1272  1272 V fingerprintd: nativeOpenHal()
05-03 16:05:20.662  1272  1272 D FingerprintHal: ----------------> fingerprint_open ----------------->
05-03 16:05:20.663  1272  1272 E fingerprintd: Wrong fp version. Expected 512, got 513
05-03 16:05:20.663  1272  1272 D FingerprintHal: ----------------> set_notify_callback ----------------->
05-03 16:05:20.663  1272  1272 D FingerprintHal: fingerprint callback notification set
05-03 16:05:20.663  1272  1272 V fingerprintd: fingerprint HAL successfully initialized
05-03 16:05:20.663  1272  1590 D FingerprintHal: ----------------> listenerFunction ----------------->
05-03 16:05:20.663  1272  1272 V fingerprintd: setActiveGroup(0, /data/system/users/0/fpdata, 27)
05-03 16:05:20.664  1272  1272 D FingerprintHal: ----------------> fingerprint_set_active_group -----------------> path /data/system/users/0/fpdata
05-03 16:05:20.664  1272  1272 D FingerprintHal: ----------------> loadFingerprints ----------------->
05-03 16:05:20.664  1272  1272 E FingerprintHal: Could not load fingerprints from storage at /data/system/users/0/fpdata/emufp.bin; it has not yet been created.
05-03 16:05:20.664  1272  1272 D FingerprintHal: ----------------> loadAuthenticatorId ----------------->
05-03 16:05:20.664  1272  1272 D FingerprintHal: Read authenticator id (0x6b8b4567327b23c6)
05-03 16:05:20.664  1272  1272 D FingerprintHal: ----------------> fingerprint_get_auth_id ----------------->
05-03 16:05:20.664  1272  1272 D FingerprintHal: ----------------> fingerprint_get_auth_id auth id 6b8b4567327b23c6----------------->
05-03 16:05:20.664  1490  1490 V FingerprintService: Fingerprint HAL id: 129361126932480
05-03 16:05:20.664  1490  1490 I SystemServer: StartBackgroundDexOptService
05-03 16:05:20.665  1490  1490 I SystemServiceManager: Starting com.android.server.pm.ShortcutService$Lifecycle
05-03 16:05:20.667  1490  1490 I SystemServiceManager: Starting com.android.server.pm.LauncherAppsService
05-03 16:05:20.667  1490  1490 I SystemServiceManager: Starting com.android.server.media.projection.MediaProjectionManagerService
05-03 16:05:20.668  1490  1490 V MediaRouter: Adding route: RouteInfo{ name=Phone, description=null, status=null, category=RouteCategory{ name=null types=ROUTE_TYPE_LIVE_AUDIO ROUTE_TYPE_LIVE_VIDEO  groupable=false }, supportedTypes=ROUTE_TYPE_LIVE_AUDIO ROUTE_TYPE_LIVE_VIDEO , presentationDisplay=null }
